Component: ARM Compiler 5.06 update 6 (build 750) Tool: armlink [4d35ed]

==============================================================================

Section Cross References

    startup_stm32f427xx.o(RESET) refers to startup_stm32f427xx.o(STACK) for __initial_sp
    startup_stm32f427xx.o(RESET) refers to startup_stm32f427xx.o(.text) for Reset_Handler
    startup_stm32f427xx.o(RESET) refers to stm32f4xx_it.o(i.NMI_Handler) for NMI_Handler
    startup_stm32f427xx.o(RESET) refers to stm32f4xx_it.o(i.HardFault_Handler) for HardFault_Handler
    startup_stm32f427xx.o(RESET) refers to stm32f4xx_it.o(i.MemManage_Handler) for MemManage_Handler
    startup_stm32f427xx.o(RESET) refers to stm32f4xx_it.o(i.BusFault_Handler) for BusFault_Handler
    startup_stm32f427xx.o(RESET) refers to stm32f4xx_it.o(i.UsageFault_Handler) for UsageFault_Handler
    startup_stm32f427xx.o(RESET) refers to stm32f4xx_it.o(i.SVC_Handler) for SVC_Handler
    startup_stm32f427xx.o(RESET) refers to stm32f4xx_it.o(i.DebugMon_Handler) for DebugMon_Handler
    startup_stm32f427xx.o(RESET) refers to stm32f4xx_it.o(i.PendSV_Handler) for PendSV_Handler
    startup_stm32f427xx.o(RESET) refers to stm32f4xx_it.o(i.SysTick_Handler) for SysTick_Handler
    startup_stm32f427xx.o(RESET) refers to stm32f4xx_it.o(i.TIM2_IRQHandler) for TIM2_IRQHandler
    startup_stm32f427xx.o(RESET) refers to stm32f4xx_it.o(i.USART1_IRQHandler) for USART1_IRQHandler
    startup_stm32f427xx.o(RESET) refers to stm32f4xx_it.o(i.USART2_IRQHandler) for USART2_IRQHandler
    startup_stm32f427xx.o(RESET) refers to stm32f4xx_it.o(i.USART3_IRQHandler) for USART3_IRQHandler
    startup_stm32f427xx.o(.text) refers to system_stm32f4xx.o(i.SystemInit) for SystemInit
    startup_stm32f427xx.o(.text) refers to entry.o(.ARM.Collect$$$$00000000) for __main
    main.o(i.SystemClock_Config) refers to memseta.o(.text) for __aeabi_memclr4
    main.o(i.SystemClock_Config) refers to stm32f4xx_hal_rcc.o(i.HAL_RCC_OscConfig) for HAL_RCC_OscConfig
    main.o(i.SystemClock_Config) refers to stm32f4xx_hal_pwr_ex.o(i.HAL_PWREx_EnableOverDrive) for HAL_PWREx_EnableOverDrive
    main.o(i.SystemClock_Config) refers to stm32f4xx_hal_rcc.o(i.HAL_RCC_ClockConfig) for HAL_RCC_ClockConfig
    main.o(i.main) refers to stm32f4xx_hal.o(i.HAL_Init) for HAL_Init
    main.o(i.main) refers to delay.o(i.delay_init) for delay_init
    main.o(i.main) refers to main.o(i.SystemClock_Config) for SystemClock_Config
    main.o(i.main) refers to gpio.o(i.MX_GPIO_Init) for MX_GPIO_Init
    main.o(i.main) refers to tim.o(i.MX_TIM2_Init) for MX_TIM2_Init
    main.o(i.main) refers to usart.o(i.MX_USART1_UART_Init) for MX_USART1_UART_Init
    main.o(i.main) refers to usart.o(i.MX_USART3_UART_Init) for MX_USART3_UART_Init
    main.o(i.main) refers to usart.o(i.MX_USART2_UART_Init) for MX_USART2_UART_Init
    main.o(i.main) refers to fmc.o(i.MX_FMC_Init) for MX_FMC_Init
    main.o(i.main) refers to usartmy.o(i.usart_printf) for usart_printf
    main.o(i.main) refers to stm32f4xx_hal_tim.o(i.HAL_TIM_Base_Start_IT) for HAL_TIM_Base_Start_IT
    main.o(i.main) refers to stm32f4xx_hal_uart.o(i.HAL_UART_Receive_IT) for HAL_UART_Receive_IT
    main.o(i.main) refers to lcd.o(i.LCD_Init) for LCD_Init
    main.o(i.main) refers to lcd.o(i.LCD_Clear) for LCD_Clear
    main.o(i.main) refers to scheduler.o(i.Scheduler_Setup) for Scheduler_Setup
    main.o(i.main) refers to as608.o(i.as608_init) for as608_init
    main.o(i.main) refers to lcd.o(i.LCD_Fill) for LCD_Fill
    main.o(i.main) refers to lcd.o(i.LCD_ShowString) for LCD_ShowString
    main.o(i.main) refers to ui.o(i.LCD_AS608_UI) for LCD_AS608_UI
    main.o(i.main) refers to ui.o(i.AS608_load_keyboard) for AS608_load_keyboard
    main.o(i.main) refers to scheduler.o(i.Scheduler_Run) for Scheduler_Run
    main.o(i.main) refers to usart.o(.bss) for huart1
    main.o(i.main) refers to tim.o(.bss) for htim2
    main.o(i.main) refers to usartmy.o(.data) for huart1_buf
    main.o(i.main) refers to touch.o(.data) for tp_dev
    main.o(i.main) refers to ui.o(.data) for kbd_menu
    gpio.o(i.MX_GPIO_Init) refers to memseta.o(.text) for __aeabi_memclr4
    gpio.o(i.MX_GPIO_Init) refers to stm32f4xx_hal_gpio.o(i.HAL_GPIO_WritePin) for HAL_GPIO_WritePin
    gpio.o(i.MX_GPIO_Init) refers to stm32f4xx_hal_gpio.o(i.HAL_GPIO_Init) for HAL_GPIO_Init
    fmc.o(i.HAL_FMC_MspInit) refers to memseta.o(.text) for __aeabi_memclr4
    fmc.o(i.HAL_FMC_MspInit) refers to stm32f4xx_hal_gpio.o(i.HAL_GPIO_Init) for HAL_GPIO_Init
    fmc.o(i.HAL_FMC_MspInit) refers to fmc.o(.data) for .data
    fmc.o(i.HAL_SRAM_MspDeInit) refers to stm32f4xx_hal_gpio.o(i.HAL_GPIO_DeInit) for HAL_GPIO_DeInit
    fmc.o(i.HAL_SRAM_MspDeInit) refers to fmc.o(.data) for .data
    fmc.o(i.HAL_SRAM_MspInit) refers to fmc.o(i.HAL_FMC_MspInit) for HAL_FMC_MspInit
    fmc.o(i.MX_FMC_Init) refers to memseta.o(.text) for __aeabi_memclr4
    fmc.o(i.MX_FMC_Init) refers to stm32f4xx_hal_sram.o(i.HAL_SRAM_Init) for HAL_SRAM_Init
[...]
    __NVIC_SetPriority                       0x08007ec9   Thumb Code    32  stm32f4xx_hal_cortex.o(i.__NVIC_SetPriority)
    i.__hardfp_pow                           0x08007ee8   Section        0  pow.o(i.__hardfp_pow)
    i.__hardfp_sqrt                          0x08008b38   Section        0  sqrt.o(i.__hardfp_sqrt)
    i.__kernel_poly                          0x08008bb2   Section        0  poly.o(i.__kernel_poly)
    i.__mathlib_dbl_divzero                  0x08008cb0   Section        0  dunder.o(i.__mathlib_dbl_divzero)
    i.__mathlib_dbl_infnan2                  0x08008ce0   Section        0  dunder.o(i.__mathlib_dbl_infnan2)
    i.__mathlib_dbl_invalid                  0x08008cf8   Section        0  dunder.o(i.__mathlib_dbl_invalid)
    i.__mathlib_dbl_overflow                 0x08008d18   Section        0  dunder.o(i.__mathlib_dbl_overflow)
    i.__mathlib_dbl_underflow                0x08008d38   Section        0  dunder.o(i.__mathlib_dbl_underflow)
    i.__scatterload_copy                     0x08008d58   Section       14  handlers.o(i.__scatterload_copy)
    i.__scatterload_null                     0x08008d66   Section        2  handlers.o(i.__scatterload_null)
    i.__scatterload_zeroinit                 0x08008d68   Section       14  handlers.o(i.__scatterload_zeroinit)
    i.__set_errno                            0x08008d78   Section        0  errno.o(i.__set_errno)
    i._fp_digits                             0x08008d84   Section        0  printfa.o(i._fp_digits)
    _fp_digits                               0x08008d85   Thumb Code   366  printfa.o(i._fp_digits)
    i._printf_core                           0x08008f08   Section        0  printfa.o(i._printf_core)
    _printf_core                             0x08008f09   Thumb Code  1744  printfa.o(i._printf_core)
    i._printf_post_padding                   0x080095e4   Section        0  printfa.o(i._printf_post_padding)
    _printf_post_padding                     0x080095e5   Thumb Code    36  printfa.o(i._printf_post_padding)
    i._printf_pre_padding                    0x08009608   Section        0  printfa.o(i._printf_pre_padding)
    _printf_pre_padding                      0x08009609   Thumb Code    46  printfa.o(i._printf_pre_padding)
    i._sputc                                 0x08009636   Section        0  printfa.o(i._sputc)
    _sputc                                   0x08009637   Thumb Code    10  printfa.o(i._sputc)
    i.as608_init                             0x08009640   Section        0  as608.o(i.as608_init)
    i.cJSON_Delete                           0x08009694   Section        0  cjson.o(i.cJSON_Delete)
    i.cJSON_GetErrorPtr                      0x080096dc   Section        0  cjson.o(i.cJSON_GetErrorPtr)
    i.cJSON_GetObjectItem                    0x080096e8   Section        0  cjson.o(i.cJSON_GetObjectItem)
    i.cJSON_New_Item                         0x08009704   Section        0  cjson.o(i.cJSON_New_Item)
    cJSON_New_Item                           0x08009705   Thumb Code    24  cjson.o(i.cJSON_New_Item)
    i.cJSON_Parse                            0x08009720   Section        0  cjson.o(i.cJSON_Parse)
    i.cJSON_ParseWithOpts                    0x08009728   Section        0  cjson.o(i.cJSON_ParseWithOpts)
    i.cJSON_strcasecmp                       0x08009788   Section        0  cjson.o(i.cJSON_strcasecmp)
    cJSON_strcasecmp                         0x08009789   Thumb Code    66  cjson.o(i.cJSON_strcasecmp)
    i.dateRX                                 0x080097cc   Section        0  r.o(i.dateRX)
    i.delay_init                             0x0800981c   Section        0  delay.o(i.delay_init)
    i.delay_ms                               0x08009830   Section        0  delay.o(i.delay_ms)
    i.delay_us                               0x0800984c   Section        0  delay.o(i.delay_us)
    i.fabs                                   0x08009880   Section        0  fabs.o(i.fabs)
    i.findHzIndex                            0x08009898   Section        0  lcd.o(i.findHzIndex)
    i.free                                   0x08009900   Section        0  malloc.o(i.free)
    i.main                                   0x08009950   Section        0  main.o(i.main)
    i.malloc                                 0x08009ad4   Section        0  malloc.o(i.malloc)
    i.parseRX                                0x08009b40   Section        0  r.o(i.parseRX)
    i.parse_array                            0x08009b84   Section        0  cjson.o(i.parse_array)
    parse_array                              0x08009b85   Thumb Code   114  cjson.o(i.parse_array)
    i.parse_hex4                             0x08009bfc   Section        0  cjson.o(i.parse_hex4)
    parse_hex4                               0x08009bfd   Thumb Code   166  cjson.o(i.parse_hex4)
    i.parse_number                           0x08009ca4   Section        0  cjson.o(i.parse_number)
    parse_number                             0x08009ca5   Thumb Code   370  cjson.o(i.parse_number)
    i.parse_object                           0x08009e38   Section        0  cjson.o(i.parse_object)
    parse_object                             0x08009e39   Thumb Code   180  cjson.o(i.parse_object)
    i.parse_string                           0x08009ef0   Section        0  cjson.o(i.parse_string)
    parse_string                             0x08009ef1   Thumb Code   374  cjson.o(i.parse_string)
    i.parse_value                            0x0800a070   Section        0  cjson.o(i.parse_value)
    parse_value                              0x0800a071   Thumb Code   152  cjson.o(i.parse_value)
    i.press_FR                               0x0800a124   Section        0  as608.o(i.press_FR)
    i.skip                                   0x0800a234   Section        0  cjson.o(i.skip)
    skip                                     0x0800a235   Thumb Code    20  cjson.o(i.skip)
    i.sqrt                                   0x0800a248   Section        0  sqrt.o(i.sqrt)
    i.usart_printf                           0x0800a2b8   Section        0  usartmy.o(i.usart_printf)
    .constdata                               0x0800a2f0   Section       16  system_stm32f4xx.o(.constdata)
    .constdata                               0x0800a300   Section        8  system_stm32f4xx.o(.constdata)
    .constdata                               0x0800a308   Section     2660  lcd.o(.constdata)
    .constdata                               0x0800ad6c   Section        7  cjson.o(.constdata)
    firstByteMark                            0x0800ad6c   Data           7  cjson.o(.constdata)
    .constdata                               0x0800ad78   Section      136  pow.o(.constdata)
    bp                                       0x0800ad78   Data          16  pow.o(.constdata)
    dp_h                                     0x0800ad88   Data          16  pow.o(.constdata)
    dp_l                                     0x0800ad98   Data          16  pow.o(.constdata)
    L                                        0x0800ada8   Data          48  pow.o(.constdata)
    P                                        0x0800add8   Data          40  pow.o(.constdata)
    .constdata                               0x0800ae00   Section        8  qnan.o(.constdata)
    .conststring                             0x0800ae08   Section       71  ui.o(.conststring)
    .conststring                             0x0800ae50   Section       17  ui.o(.conststring)
    .conststring                             0x0800ae64   Section       22  touch.o(.conststring)
    .data                                    0x20000000   Section        8  fmc.o(.data)
    FMC_Initialized                          0x20000000   Data           4  fmc.o(.data)
    FMC_DeInitialized                        0x20000004   Data           4  fmc.o(.data)
    .data                                    0x20000008   Section        2  tim.o(.data)
    .data                                    0x2000000c   Section       12  stm32f4xx_hal.o(.data)
    .data                                    0x20000018   Section        4  system_stm32f4xx.o(.data)
    .data                                    0x2000001c   Section        3  usartmy.o(.data)
    .data                                    0x20000020   Section       76  scheduler.o(.data)
    sched_tasks                              0x20000024   Data          72  scheduler.o(.data)
    .data                                    0x2000006c   Section       60  ui.o(.data)
    .data                                    0x200000a8   Section       60  ui.o(.data)
    .data                                    0x200000e4   Section       18  as608.o(.data)
    .data                                    0x200000f8   Section        4  as608hard.o(.data)
    .data                                    0x200000fc   Section        4  delay.o(.data)
    fac_us                                   0x200000fc   Data           4  delay.o(.data)
    .data                                    0x20000100   Section     4572  lcd.o(.data)
    .data                                    0x200012dc   Section        2  lcd.o(.data)
    .data                                    0x200012e0   Section       60  touch.o(.data)
    .data                                    0x2000131c   Section       12  cjson.o(.data)
    cJSON_malloc                             0x2000131c   Data           4  cjson.o(.data)
    cJSON_free                               0x20001320   Data           4  cjson.o(.data)
    ep                                       0x20001324   Data           4  cjson.o(.data)
    .data                                    0x20001328   Section        4  mvars.o(.data)
    .data                                    0x2000132c   Section        4  mvars.o(.data)
    .data                                    0x20001330   Section        4  errno.o(.data)
    _errno                                   0x20001330   Data           4  errno.o(.data)
    .bss                                     0x20001334   Section       80  fmc.o(.bss)
    .bss                                     0x20001384   Section       72  tim.o(.bss)
    .bss                                     0x200013cc   Section      204  usart.o(.bss)
    .bss                                     0x20001498   Section       32  stm32f4xx_hal_flash.o(.bss)
    .bss                                     0x200014b8   Section      200  usartmy.o(.bss)
    SendBuffer                               0x200014b8   Data         200  usartmy.o(.bss)
    .bss                                     0x20001580   Section      258  r.o(.bss)
    .bss                                     0x20001684   Section      412  as608.o(.bss)
    .bss                                     0x20001820   Section       14  lcd.o(.bss)
    HEAP                                     0x20001830   Section      512  startup_stm32f427xx.o(HEAP)
    STACK                                    0x20001a30   Section     1024  startup_stm32f427xx.o(STACK)

    Global Symbols

    Symbol Name                              Value     Ov Type        Size  Object(Section)

    BuildAttributes$$THM_ISAv4$E$P$D$K$B$S$7EM$VFPi3$EXTD16$VFPS$VFMA$PE$A:L22UL41UL21$X:L11$S22US41US21$IEEE1$IW$USESV6$~STKCKD$USESV7$~SHL$OTIME$ROPI$IEEEX$EBA8$MICROLIB$REQ8$PRES8$EABIv2 0x00000000   Number         0  anon$$obj.o ABSOLUTE
    __ARM_use_no_argv                        0x00000000   Number         0  main.o ABSOLUTE
    _printf_a                                0x00000000   Number         0  stubs.o ABSOLUTE
    _printf_c                                0x00000000   Number         0  stubs.o ABSOLUTE
    _printf_charcount                        0x00000000   Number         0  stubs.o ABSOLUTE
    _printf_d                                0x00000000   Number         0  stubs.o ABSOLUTE
    _printf_e                                0x00000000   Number         0  stubs.o ABSOLUTE
    _printf_f                                0x00000000   Number         0  stubs.o ABSOLUTE
    _printf_flags                            0x00000000   Number         0  stubs.o ABSOLUTE
    _printf_fp_dec                           0x00000000   Number         0  stubs.o ABSOLUTE
    _printf_fp_hex                           0x00000000   Number         0  stubs.o ABSOLUTE
    _printf_g                                0x00000000   Number         0  stubs.o ABSOLUTE
    _printf_i                                0x00000000   Number         0  stubs.o ABSOLUTE
    _printf_int_dec                          0x00000000   Number         0  stubs.o ABSOLUTE
    _printf_l                                0x00000000   Number         0  stubs.o ABSOLUTE
    _printf_lc                               0x00000000   Number         0  stubs.o ABSOLUTE
    _printf_ll                               0x00000000   Number         0  stubs.o ABSOLUTE
    _printf_lld                              0x00000000   Number         0  stubs.o ABSOLUTE
    _printf_lli                              0x00000000   Number         0  stubs.o ABSOLUTE
    _printf_llo                              0x00000000   Number         0  stubs.o ABSOLUTE
    _printf_llu                              0x00000000   Number         0  stubs.o ABSOLUTE
    _printf_llx                              0x00000000   Number         0  stubs.o ABSOLUTE
    _printf_longlong_dec                     0x00000000   Number         0  stubs.o ABSOLUTE
    _printf_longlong_hex                     0x00000000   Number         0  stubs.o ABSOLUTE
    _printf_longlong_oct                     0x00000000   Number         0  stubs.o ABSOLUTE
    _printf_ls                               0x00000000   Number         0  stubs.o ABSOLUTE
    _printf_mbtowc                           0x00000000   Number         0  stubs.o ABSOLUTE
    _printf_n                                0x00000000   Number         0  stubs.o ABSOLUTE
    _printf_o                                0x00000000   Number         0  stubs.o ABSOLUTE
    _printf_p                                0x00000000   Number         0  stubs.o ABSOLUTE
    _printf_percent                          0x00000000   Number         0  stubs.o ABSOLUTE
    _printf_pre_padding                      0x00000000   Number         0  stubs.o ABSOLUTE
    _printf_return_value                     0x00000000   Number         0  stubs.o ABSOLUTE
    _printf_s                                0x00000000   Number         0  stubs.o ABSOLUTE
    _printf_sizespec                         0x00000000   Number         0  stubs.o ABSOLUTE
    _printf_str                              0x00000000   Number         0  stubs.o ABSOLUTE
    _printf_truncate_signed                  0x00000000   Number         0  stubs.o ABSOLUTE
    _printf_truncate_unsigned                0x00000000   Number         0  stubs.o ABSOLUTE
    _printf_u                                0x00000000   Number         0  stubs.o ABSOLUTE
    _printf_wc                               0x00000000   Number         0  stubs.o ABSOLUTE
    _printf_wctomb                           0x00000000   Number         0  stubs.o ABSOLUTE
    _printf_widthprec                        0x00000000   Number         0  stubs.o ABSOLUTE
    _printf_x                                0x00000000   Number         0  stubs.o ABSOLUTE
    __cpp_initialize__aeabi_                  - Undefined Weak Reference
    __cxa_finalize                            - Undefined Weak Reference
    _clock_init                               - Undefined Weak Reference
    _microlib_exit                            - Undefined Weak Reference
    __Vectors_Size                           0x000001ac   Number         0  startup_stm32f427xx.o ABSOLUTE
    __Vectors                                0x08000000   Data           4  startup_stm32f427xx.o(RESET)
    __Vectors_End                            0x080001ac   Data           0  startup_stm32f427xx.o(RESET)
    __main                                   0x080001ad   Thumb Code     0  entry.o(.ARM.Collect$$$$00000000)
    _main_stk                                0x080001ad   Thumb Code     0  entry2.o(.ARM.Collect$$$$00000001)
    _main_scatterload                        0x080001b1   Thumb Code     0  entry5.o(.ARM.Collect$$$$00000004)
    __main_after_scatterload                 0x080001b5   Thumb Code     0  entry5.o(.ARM.Collect$$$$00000004)
    _main_clock                              0x080001b5   Thumb Code     0  entry7b.o(.ARM.Collect$$$$00000008)
    _main_cpp_init                           0x080001b5   Thumb Code     0  entry8b.o(.ARM.Collect$$$$0000000A)
    _main_init                               0x080001b5   Thumb Code     0  entry9a.o(.ARM.Collect$$$$0000000B)
    __rt_final_cpp                           0x080001bd   Thumb Code     0  entry10a.o(.ARM.Collect$$$$0000000D)
    __rt_final_exit                          0x080001bd   Thumb Code     0  entry11a.o(.ARM.Collect$$$$0000000F)
    Reset_Handler                            0x080001c1   Thumb Code     8  startup_stm32f427xx.o(.text)
    ADC_IRQHandler                           0x080001db   Thumb Code     0  startup_stm32f427xx.o(.text)
    CAN1_RX0_IRQHandler                      0x080001db   Thumb Code     0  startup_stm32f427xx.o(.text)
    CAN1_RX1_IRQHandler                      0x080001db   Thumb Code     0  startup_stm32f427xx.o(.text)
    CAN1_SCE_IRQHandler                      0x080001db   Thumb Code     0  startup_stm32f427xx.o(.text)
    CAN1_TX_IRQHandler                       0x080001db   Thumb Code     0  startup_stm32f427xx.o(.text)
    CAN2_RX0_IRQHandler                      0x080001db   Thumb Code     0  startup_stm32f427xx.o(.text)
    CAN2_RX1_IRQHandler                      0x080001db   Thumb Code     0  startup_stm32f427xx.o(.text)
    CAN2_SCE_IRQHandler                      0x080001db   Thumb Code     0  startup_stm32f427xx.o(.text)
    CAN2_TX_IRQHandler                       0x080001db   Thumb Code     0  startup_stm32f427xx.o(.text)
    DCMI_IRQHandler                          0x080001db   Thumb Code     0  startup_stm32f427xx.o(.text)
    DMA1_Stream0_IRQHandler                  0x080001db   Thumb Code     0  startup_stm32f427xx.o(.text)
    DMA1_Stream1_IRQHandler                  0x080001db   Thumb Code     0  startup_stm32f427xx.o(.text)
    DMA1_Stream2_IRQHandler                  0x080001db   Thumb Code     0  startup_stm32f427xx.o(.text)
    DMA1_Stream3_IRQHandler                  0x080001db   Thumb Code     0  startup_stm32f427xx.o(.text)
    DMA1_Stream4_IRQHandler                  0x080001db   Thumb Code     0  startup_stm32f427xx.o(.text)
    DMA1_Stream5_IRQHandler                  0x080001db   Thumb Code     0  startup_stm32f427xx.o(.text)
    DMA1_Stream6_IRQHandler                  0x080001db   Thumb Code     0  startup_stm32f427xx.o(.text)
    DMA1_Stream7_IRQHandler                  0x080001db   Thumb Code     0  startup_stm32f427xx.o(.text)
    DMA2D_IRQHandler                         0x080001db   Thumb Code     0  startup_stm32f427xx.o(.text)
    DMA2_Stream0_IRQHandler                  0x080001db   Thumb Code     0  startup_stm32f427xx.o(.text)
    DMA2_Stream1_IRQHandler                  0x080001db   Thumb Code     0  startup_stm32f427xx.o(.text)
    DMA2_Stream2_IRQHandler                  0x080001db   Thumb Code     0  startup_stm32f427xx.o(.text)
    DMA2_Stream3_IRQHandler                  0x080001db   Thumb Code     0  startup_stm32f427xx.o(.text)
    DMA2_Stream4_IRQHandler                  0x080001db   Thumb Code     0  startup_stm32f427xx.o(.text)
    DMA2_Stream5_IRQHandler                  0x080001db   Thumb Code     0  startup_stm32f427xx.o(.text)
    DMA2_Stream6_IRQHandler                  0x080001db   Thumb Code     0  startup_stm32f427xx.o(.text)
    DMA2_Stream7_IRQHandler                  0x080001db   Thumb Code     0  startup_stm32f427xx.o(.text)
    ETH_IRQHandler                           0x080001db   Thumb Code     0  startup_stm32f427xx.o(.text)
    ETH_WKUP_IRQHandler                      0x080001db   Thumb Code     0  startup_stm32f427xx.o(.text)
    EXTI0_IRQHandler                         0x080001db   Thumb Code     0  startup_stm32f427xx.o(.text)
    EXTI15_10_IRQHandler                     0x080001db   Thumb Code     0  startup_stm32f427xx.o(.text)
    EXTI1_IRQHandler                         0x080001db   Thumb Code     0  startup_stm32f427xx.o(.text)
    EXTI2_IRQHandler                         0x080001db   Thumb Code     0  startup_stm32f427xx.o(.text)
    EXTI3_IRQHandler                         0x080001db   Thumb Code     0  startup_stm32f427xx.o(.text)
    EXTI4_IRQHandler                         0x080001db   Thumb Code     0  startup_stm32f427xx.o(.text)
    EXTI9_5_IRQHandler                       0x080001db   Thumb Code     0  startup_stm32f427xx.o(.text)
    FLASH_IRQHandler                         0x080001db   Thumb Code     0  startup_stm32f427xx.o(.text)
    FMC_IRQHandler                           0x080001db   Thumb Code     0  startup_stm32f427xx.o(.text)
    FPU_IRQHandler                           0x080001db   Thumb Code     0  startup_stm32f427xx.o(.text)
    HASH_RNG_IRQHandler                      0x080001db   Thumb Code     0  startup_stm32f427xx.o(.text)
    I2C1_ER_IRQHandler                       0x080001db   Thumb Code     0  startup_stm32f427xx.o(.text)
    I2C1_EV_IRQHandler                       0x080001db   Thumb Code     0  startup_stm32f427xx.o(.text)
    I2C2_ER_IRQHandler                       0x080001db   Thumb Code     0  startup_stm32f427xx.o(.text)
    I2C2_EV_IRQHandler                       0x080001db   Thumb Code     0  startup_stm32f427xx.o(.text)
    I2C3_ER_IRQHandler                       0x080001db   Thumb Code     0  startup_stm32f427xx.o(.text)
    I2C3_EV_IRQHandler                       0x080001db   Thumb Code     0  startup_stm32f427xx.o(.text)
    OTG_FS_IRQHandler                        0x080001db   Thumb Code     0  startup_stm32f427xx.o(.text)
    OTG_FS_WKUP_IRQHandler                   0x080001db   Thumb Code     0  startup_stm32f427xx.o(.text)
    OTG_HS_EP1_IN_IRQHandler                 0x080001db   Thumb Code     0  startup_stm32f427xx.o(.text)
    OTG_HS_EP1_OUT_IRQHandler                0x080001db   Thumb Code     0  startup_stm32f427xx.o(.text)
    OTG_HS_IRQHandler                        0x080001db   Thumb Code     0  startup_stm32f427xx.o(.text)
    OTG_HS_WKUP_IRQHandler                   0x080001db   Thumb Code     0  startup_stm32f427xx.o(.text)
    PVD_IRQHandler                           0x080001db   Thumb Code     0  startup_stm32f427xx.o(.text)
    RCC_IRQHandler                           0x080001db   Thumb Code     0  startup_stm32f427xx.o(.text)
    RTC_Alarm_IRQHandler                     0x080001db   Thumb Code     0  startup_stm32f427xx.o(.text)
    RTC_WKUP_IRQHandler                      0x080001db   Thumb Code     0  startup_stm32f427xx.o(.text)
    SAI1_IRQHandler                          0x080001db   Thumb Code     0  startup_stm32f427xx.o(.text)
    SDIO_IRQHandler                          0x080001db   Thumb Code     0  startup_stm32f427xx.o(.text)
    SPI1_IRQHandler                          0x080001db   Thumb Code     0  startup_stm32f427xx.o(.text)
    SPI2_IRQHandler                          0x080001db   Thumb Code     0  startup_stm32f427xx.o(.text)
    SPI3_IRQHandler                          0x080001db   Thumb Code     0  startup_stm32f427xx.o(.text)
    SPI4_IRQHandler                          0x080001db   Thumb Code     0  startup_stm32f427xx.o(.text)
    SPI5_IRQHandler                          0x080001db   Thumb Code     0  startup_stm32f427xx.o(.text)
    SPI6_IRQHandler                          0x080001db   Thumb Code     0  startup_stm32f427xx.o(.text)
    TAMP_STAMP_IRQHandler                    0x080001db   Thumb Code     0  startup_stm32f427xx.o(.text)
    TIM1_BRK_TIM9_IRQHandler                 0x080001db   Thumb Code     0  startup_stm32f427xx.o(.text)
    TIM1_CC_IRQHandler                       0x080001db   Thumb Code     0  startup_stm32f427xx.o(.text)
    TIM1_TRG_COM_TIM11_IRQHandler            0x080001db   Thumb Code     0  startup_stm32f427xx.o(.text)
    TIM1_UP_TIM10_IRQHandler                 0x080001db   Thumb Code     0  startup_stm32f427xx.o(.text)
    TIM3_IRQHandler                          0x080001db   Thumb Code     0  startup_stm32f427xx.o(.text)
    TIM4_IRQHandler                          0x080001db   Thumb Code     0  startup_stm32f427xx.o(.text)
    TIM5_IRQHandler                          0x080001db   Thumb Code     0  startup_stm32f427xx.o(.text)
    TIM6_DAC_IRQHandler                      0x080001db   Thumb Code     0  startup_stm32f427xx.o(.text)
    TIM7_IRQHandler                          0x080001db   Thumb Code     0  startup_stm32f427xx.o(.text)
    TIM8_BRK_TIM12_IRQHandler                0x080001db   Thumb Code     0  startup_stm32f427xx.o(.text)
    TIM8_CC_IRQHandler                       0x080001db   Thumb Code     0  startup_stm32f427xx.o(.text)
    TIM8_TRG_COM_TIM14_IRQHandler            0x080001db   Thumb Code     0  startup_stm32f427xx.o(.text)
    TIM8_UP_TIM13_IRQHandler                 0x080001db   Thumb Code     0  startup_stm32f427xx.o(.text)
    UART4_IRQHandler                         0x080001db   Thumb Code     0  startup_stm32f427xx.o(.text)
    UART5_IRQHandler                         0x080001db   Thumb Code     0  startup_stm32f427xx.o(.text)
    UART7_IRQHandler                         0x080001db   Thumb Code     0  startup_stm32f427xx.o(.text)
    UART8_IRQHandler                         0x080001db   Thumb Code     0  startup_stm32f427xx.o(.text)
    USART6_IRQHandler                        0x080001db   Thumb Code     0  startup_stm32f427xx.o(.text)
    WWDG_IRQHandler                          0x080001db   Thumb Code     0  startup_stm32f427xx.o(.text)
    __aeabi_uldivmod                         0x080001e5   Thumb Code    98  uldiv.o(.text)
    tolower                                  0x08000247   Thumb Code    12  tolower.o(.text)
    __aeabi_memset                           0x08000253   Thumb Code    14  memseta.o(.text)
    __aeabi_memset4                          0x08000253   Thumb Code     0  memseta.o(.text)
    __aeabi_memset8                          0x08000253   Thumb Code     0  memseta.o(.text)
    __aeabi_memclr                           0x08000261   Thumb Code     4  memseta.o(.text)
    __aeabi_memclr4                          0x08000261   Thumb Code     0  memseta.o(.text)
    __aeabi_memclr8                          0x08000261   Thumb Code     0  memseta.o(.text)
    _memset$wrapper                          0x08000265   Thumb Code    18  memseta.o(.text)
    strstr                                   0x08000277   Thumb Code    36  strstr.o(.text)
    strlen                                   0x0800029b   Thumb Code    14  strlen.o(.text)
    strncmp                                  0x080002a9   Thumb Code    30  strncmp.o(.text)
    __aeabi_dadd                             0x080002c7   Thumb Code   322  dadd.o(.text)
    __aeabi_dsub                             0x08000409   Thumb Code     6  dadd.o(.text)
    __aeabi_drsub                            0x0800040f   Thumb Code     6  dadd.o(.text)
    __aeabi_dmul                             0x08000415   Thumb Code   228  dmul.o(.text)
    __aeabi_i2d                              0x080004f9   Thumb Code    34  dflti.o(.text)
    __aeabi_ui2d                             0x0800051b   Thumb Code    26  dfltui.o(.text)
    __aeabi_d2iz                             0x08000535   Thumb Code    62  dfixi.o(.text)
    __aeabi_d2uiz                            0x08000573   Thumb Code    50  dfixui.o(.text)
    __aeabi_f2d                              0x080005a5   Thumb Code    38  f2d.o(.text)
    __aeabi_cdcmpeq                          0x080005cd   Thumb Code     0  cdcmple.o(.text)
    __aeabi_cdcmple                          0x080005cd   Thumb Code    48  cdcmple.o(.text)
    __aeabi_cdrcmple                         0x080005fd   Thumb Code    48  cdrcmple.o(.text)
    __aeabi_uidiv                            0x0800062d   Thumb Code     0  uidiv.o(.text)
    __aeabi_uidivmod                         0x0800062d   Thumb Code    44  uidiv.o(.text)
    __aeabi_llsl                             0x08000659   Thumb Code    30  llshl.o(.text)
    _ll_shift_l                              0x08000659   Thumb Code     0  llshl.o(.text)
    __aeabi_llsr                             0x08000677   Thumb Code    32  llushr.o(.text)
    _ll_ushift_r                             0x08000677   Thumb Code     0  llushr.o(.text)
    __aeabi_lasr                             0x08000697   Thumb Code    36  llsshr.o(.text)
    _ll_sshift_r                             0x08000697   Thumb Code     0  llsshr.o(.text)
    __I$use$fp                               0x080006bb   Thumb Code     0  iusefp.o(.text)
    _double_round                            0x080006bb   Thumb Code    30  depilogue.o(.text)
    _double_epilogue                         0x080006d9   Thumb Code   156  depilogue.o(.text)
    __aeabi_ddiv                             0x08000775   Thumb Code   222  ddiv.o(.text)
    __ARM_scalbn                             0x08000853   Thumb Code    46  dscalb.o(.text)
    scalbn                                   0x08000853   Thumb Code     0  dscalb.o(.text)
    _dsqrt                                   0x08000881   Thumb Code   162  dsqrt.o(.text)
    __aeabi_d2ulz                            0x08000923   Thumb Code    48  dfixul.o(.text)
    __scatterload                            0x08000955   Thumb Code    28  init.o(.text)
    __scatterload_rt2                        0x08000955   Thumb Code     0  init.o(.text)
    __decompress                             0x08000979   Thumb Code     0  __dclz77c.o(.text)
    __decompress2                            0x08000979   Thumb Code    94  __dclz77c.o(.text)
    AS608_get_keynum                         0x080009d9   Thumb Code   206  as608hard.o(i.AS608_get_keynum)
    AS608_key_staset                         0x08000aad   Thumb Code   174  as608hard.o(i.AS608_key_staset)
    AS608_load_keyboard                      0x08000b61   Thumb Code   268  ui.o(i.AS608_load_keyboard)
    Add_FR                                   0x08000c75   Thumb Code   818  as608.o(i.Add_FR)
    BusFault_Handler                         0x080010e1   Thumb Code     2  stm32f4xx_it.o(i.BusFault_Handler)
    DebugMon_Handler                         0x080010e3   Thumb Code     2  stm32f4xx_it.o(i.DebugMon_Handler)
    Del_FR                                   0x080010e5   Thumb Code   272  as608.o(i.Del_FR)
    Draw_Circle                              0x0800126d   Thumb Code   196  lcd.o(i.Draw_Circle)
    EnsureMessage                            0x08001331   Thumb Code   130  as608.o(i.EnsureMessage)
    Error_Handler                            0x08001505   Thumb Code     4  main.o(i.Error_Handler)
    FLASH_Erase_Sector                       0x08001509   Thumb Code    80  stm32f4xx_hal_flash_ex.o(i.FLASH_Erase_Sector)
    FLASH_FlushCaches                        0x0800155d   Thumb Code    80  stm32f4xx_hal_flash_ex.o(i.FLASH_FlushCaches)
    FLASH_WaitForLastOperation               0x08001701   Thumb Code    72  stm32f4xx_hal_flash.o(i.FLASH_WaitForLastOperation)
    FMC_NORSRAM_Extended_Timing_Init         0x08001751   Thumb Code    60  stm32f4xx_ll_fmc.o(i.FMC_NORSRAM_Extended_Timing_Init)
    FMC_NORSRAM_Init                         0x08001791   Thumb Code   104  stm32f4xx_ll_fmc.o(i.FMC_NORSRAM_Init)
    FMC_NORSRAM_Timing_Init                  0x080017fd   Thumb Code    86  stm32f4xx_ll_fmc.o(i.FMC_NORSRAM_Timing_Init)
    GET_NUM                                  0x08001859   Thumb Code   122  as608hard.o(i.GET_NUM)
    HAL_DMA_Abort                            0x080018d3   Thumb Code   146  stm32f4xx_hal_dma.o(i.HAL_DMA_Abort)
    HAL_DMA_Abort_IT                         0x08001965   Thumb Code    36  stm32f4xx_hal_dma.o(i.HAL_DMA_Abort_IT)
    HAL_Delay                                0x08001989   Thumb Code    32  stm32f4xx_hal.o(i.HAL_Delay)
    HAL_FLASHEx_Erase                        0x080019ad   Thumb Code   146  stm32f4xx_hal_flash_ex.o(i.HAL_FLASHEx_Erase)
    HAL_FLASH_Lock                           0x08001a49   Thumb Code    14  stm32f4xx_hal_flash.o(i.HAL_FLASH_Lock)
    HAL_FLASH_Program                        0x08001a5d   Thumb Code   116  stm32f4xx_hal_flash.o(i.HAL_FLASH_Program)
    HAL_FLASH_Unlock                         0x08001ad9   Thumb Code    32  stm32f4xx_hal_flash.o(i.HAL_FLASH_Unlock)
    HAL_GPIO_Init                            0x08001b79   Thumb Code   510  stm32f4xx_hal_gpio.o(i.HAL_GPIO_Init)
    HAL_GPIO_TogglePin                       0x08001dad   Thumb Code    16  stm32f4xx_hal_gpio.o(i.HAL_GPIO_TogglePin)
    HAL_GPIO_WritePin                        0x08001dbd   Thumb Code    10  stm32f4xx_hal_gpio.o(i.HAL_GPIO_WritePin)
    HAL_GetTick                              0x08001dc9   Thumb Code     6  stm32f4xx_hal.o(i.HAL_GetTick)
    HAL_IncTick                              0x08001dd5   Thumb Code    12  stm32f4xx_hal.o(i.HAL_IncTick)
    HAL_Init                                 0x08001de5   Thumb Code    48  stm32f4xx_hal.o(i.HAL_Init)
    HAL_InitTick                             0x08001e19   Thumb Code    54  stm32f4xx_hal.o(i.HAL_InitTick)
    HAL_MspInit                              0x08001e59   Thumb Code    42  stm32f4xx_hal_msp.o(i.HAL_MspInit)
    HAL_NVIC_EnableIRQ                       0x08001e89   Thumb Code    26  stm32f4xx_hal_cortex.o(i.HAL_NVIC_EnableIRQ)
    HAL_NVIC_SetPriority                     0x08001ea5   Thumb Code    60  stm32f4xx_hal_cortex.o(i.HAL_NVIC_SetPriority)
    HAL_NVIC_SetPriorityGrouping             0x08001ee5   Thumb Code    26  stm32f4xx_hal_cortex.o(i.HAL_NVIC_SetPriorityGrouping)
    HAL_PWREx_EnableOverDrive                0x08001f09   Thumb Code    98  stm32f4xx_hal_pwr_ex.o(i.HAL_PWREx_EnableOverDrive)
    HAL_RCC_ClockConfig                      0x08001f79   Thumb Code   288  stm32f4xx_hal_rcc.o(i.HAL_RCC_ClockConfig)
    HAL_RCC_GetPCLK1Freq                     0x080020ad   Thumb Code    20  stm32f4xx_hal_rcc.o(i.HAL_RCC_GetPCLK1Freq)
    HAL_RCC_GetPCLK2Freq                     0x080020cd   Thumb Code    20  stm32f4xx_hal_rcc.o(i.HAL_RCC_GetPCLK2Freq)
    HAL_RCC_GetSysClockFreq                  0x080020ed   Thumb Code    88  stm32f4xx_hal_rcc.o(i.HAL_RCC_GetSysClockFreq)
    HAL_RCC_OscConfig                        0x0800214d   Thumb Code   856  stm32f4xx_hal_rcc.o(i.HAL_RCC_OscConfig)
    HAL_SRAM_Init                            0x080024b9   Thumb Code    86  stm32f4xx_hal_sram.o(i.HAL_SRAM_Init)
    HAL_SRAM_MspInit                         0x0800250f   Thumb Code     4  fmc.o(i.HAL_SRAM_MspInit)
    HAL_SYSTICK_CLKSourceConfig              0x08002513   Thumb Code    24  stm32f4xx_hal_cortex.o(i.HAL_SYSTICK_CLKSourceConfig)
    HAL_SYSTICK_Config                       0x0800252b   Thumb Code    40  stm32f4xx_hal_cortex.o(i.HAL_SYSTICK_Config)
    HAL_TIMEx_BreakCallback                  0x08002553   Thumb Code     2  stm32f4xx_hal_tim_ex.o(i.HAL_TIMEx_BreakCallback)
    HAL_TIMEx_CommutCallback                 0x08002555   Thumb Code     2  stm32f4xx_hal_tim_ex.o(i.HAL_TIMEx_CommutCallback)
    HAL_TIMEx_MasterConfigSynchronization    0x08002559   Thumb Code   116  stm32f4xx_hal_tim_ex.o(i.HAL_TIMEx_MasterConfigSynchronization)
    HAL_TIM_Base_Init                        0x080025e9   Thumb Code    90  stm32f4xx_hal_tim.o(i.HAL_TIM_Base_Init)
    HAL_TIM_Base_MspInit                     0x08002645   Thumb Code    50  tim.o(i.HAL_TIM_Base_MspInit)
    HAL_TIM_Base_Start_IT                    0x0800267d   Thumb Code   100  stm32f4xx_hal_tim.o(i.HAL_TIM_Base_Start_IT)
    HAL_TIM_ConfigClockSource                0x080026fd   Thumb Code   220  stm32f4xx_hal_tim.o(i.HAL_TIM_ConfigClockSource)
    HAL_TIM_IC_CaptureCallback               0x080027d9   Thumb Code     2  stm32f4xx_hal_tim.o(i.HAL_TIM_IC_CaptureCallback)
    HAL_TIM_IRQHandler                       0x080027db   Thumb Code   358  stm32f4xx_hal_tim.o(i.HAL_TIM_IRQHandler)
    HAL_TIM_OC_DelayElapsedCallback          0x08002941   Thumb Code     2  stm32f4xx_hal_tim.o(i.HAL_TIM_OC_DelayElapsedCallback)
    HAL_TIM_PWM_PulseFinishedCallback        0x08002943   Thumb Code     2  stm32f4xx_hal_tim.o(i.HAL_TIM_PWM_PulseFinishedCallback)
    HAL_TIM_PeriodElapsedCallback            0x08002945   Thumb Code    18  tim.o(i.HAL_TIM_PeriodElapsedCallback)
    HAL_TIM_TriggerCallback                  0x0800295d   Thumb Code     2  stm32f4xx_hal_tim.o(i.HAL_TIM_TriggerCallback)
    HAL_UARTEx_RxEventCallback               0x0800295f   Thumb Code     2  stm32f4xx_hal_uart.o(i.HAL_UARTEx_RxEventCallback)
    HAL_UART_ErrorCallback                   0x08002961   Thumb Code     2  stm32f4xx_hal_uart.o(i.HAL_UART_ErrorCallback)
    HAL_UART_IRQHandler                      0x08002965   Thumb Code   610  stm32f4xx_hal_uart.o(i.HAL_UART_IRQHandler)
    HAL_UART_Init                            0x08002bcd   Thumb Code    98  stm32f4xx_hal_uart.o(i.HAL_UART_Init)
    HAL_UART_MspInit                         0x08002c31   Thumb Code   258  usart.o(i.HAL_UART_MspInit)
    HAL_UART_Receive_IT                      0x08002d4d   Thumb Code    42  stm32f4xx_hal_uart.o(i.HAL_UART_Receive_IT)
    HAL_UART_RxCpltCallback                  0x08002d79   Thumb Code    56  usartmy.o(i.HAL_UART_RxCpltCallback)
    HAL_UART_Transmit                        0x08002dc5   Thumb Code   178  stm32f4xx_hal_uart.o(i.HAL_UART_Transmit)
    HAL_UART_TxCpltCallback                  0x08002e77   Thumb Code     2  stm32f4xx_hal_uart.o(i.HAL_UART_TxCpltCallback)
    HardFault_Handler                        0x08002e79   Thumb Code     2  stm32f4xx_it.o(i.HardFault_Handler)
    LCD_AS608_UI                             0x08002ee5   Thumb Code    70  ui.o(i.LCD_AS608_UI)
    LCD_Clear                                0x08002f41   Thumb Code    98  lcd.o(i.LCD_Clear)
    LCD_Display_Dir                          0x08002fad   Thumb Code   304  lcd.o(i.LCD_Display_Dir)
    LCD_DrawLine                             0x080030e1   Thumb Code   156  lcd.o(i.LCD_DrawLine)
    LCD_DrawPoint                            0x0800317d   Thumb Code    18  lcd.o(i.LCD_DrawPoint)
    LCD_DrawRectangle                        0x08003195   Thumb Code    68  lcd.o(i.LCD_DrawRectangle)
    LCD_Fill                                 0x080031d9   Thumb Code   132  lcd.o(i.LCD_Fill)
    LCD_Init                                 0x08003265   Thumb Code 11504  lcd.o(i.LCD_Init)
    LCD_Pow                                  0x08005f55   Thumb Code    16  lcd.o(i.LCD_Pow)
    LCD_ReadReg                              0x08005f65   Thumb Code    20  lcd.o(i.LCD_ReadReg)
    LCD_Scan_Dir                             0x08005f7d   Thumb Code   414  lcd.o(i.LCD_Scan_Dir)
    LCD_SetCursor                            0x08006125   Thumb Code   312  lcd.o(i.LCD_SetCursor)
    LCD_ShowChar                             0x08006265   Thumb Code   122  lcd.o(i.LCD_ShowChar)
    LCD_ShowNum                              0x080062e9   Thumb Code   116  lcd.o(i.LCD_ShowNum)
    LCD_ShowString                           0x0800635d   Thumb Code   118  lcd.o(i.LCD_ShowString)
    LCD_WriteRAM_Prepare                     0x080063d5   Thumb Code    10  lcd.o(i.LCD_WriteRAM_Prepare)
    LCD_WriteReg                             0x080063e9   Thumb Code    10  lcd.o(i.LCD_WriteReg)
    MX_FMC_Init                              0x08006451   Thumb Code   102  fmc.o(i.MX_FMC_Init)
    MX_GPIO_Init                             0x080064c1   Thumb Code   226  gpio.o(i.MX_GPIO_Init)
    MX_TIM2_Init                             0x080065b1   Thumb Code    96  tim.o(i.MX_TIM2_Init)
    MX_USART1_UART_Init                      0x08006615   Thumb Code    48  usart.o(i.MX_USART1_UART_Init)
    MX_USART2_UART_Init                      0x0800664d   Thumb Code    48  usart.o(i.MX_USART2_UART_Init)
    MX_USART3_UART_Init                      0x08006685   Thumb Code    48  usart.o(i.MX_USART3_UART_Init)
    MemManage_Handler                        0x080066d9   Thumb Code     2  stm32f4xx_it.o(i.MemManage_Handler)
    NMI_Handler                              0x080066db   Thumb Code     2  stm32f4xx_it.o(i.NMI_Handler)
    PS_DeletChar                             0x080066dd   Thumb Code    94  as608.o(i.PS_DeletChar)
    PS_Empty                                 0x0800673b   Thumb Code    52  as608.o(i.PS_Empty)
    PS_GenChar                               0x0800676f   Thumb Code    60  as608.o(i.PS_GenChar)
    PS_GetImage                              0x080067ab   Thumb Code    52  as608.o(i.PS_GetImage)
    PS_HighSpeedSearch                       0x080067df   Thumb Code   132  as608.o(i.PS_HighSpeedSearch)
    PS_Match                                 0x08006863   Thumb Code    52  as608.o(i.PS_Match)
    PS_ReadSysPara                           0x08006897   Thumb Code   100  as608.o(i.PS_ReadSysPara)
    PS_RegModel                              0x080068fb   Thumb Code    52  as608.o(i.PS_RegModel)
    PS_StoreChar                             0x0800692f   Thumb Code    82  as608.o(i.PS_StoreChar)
    PS_ValidTempleteNum                      0x08006981   Thumb Code    66  as608.o(i.PS_ValidTempleteNum)
    PendSV_Handler                           0x080069c3   Thumb Code     2  stm32f4xx_it.o(i.PendSV_Handler)
    RData                                    0x080069c5   Thumb Code   110  r.o(i.RData)
    STMFLASH_GetFlashSector                  0x08006a95   Thumb Code   114  stmflash.o(i.STMFLASH_GetFlashSector)
    STMFLASH_ReadHalfWord                    0x08006b35   Thumb Code     4  stmflash.o(i.STMFLASH_ReadHalfWord)
    STMFLASH_Write                           0x08006b39   Thumb Code   146  stmflash.o(i.STMFLASH_Write)
    SVC_Handler                              0x08006bd1   Thumb Code     2  stm32f4xx_it.o(i.SVC_Handler)
    Scheduler_Run                            0x08006bd5   Thumb Code    52  scheduler.o(i.Scheduler_Run)
    Scheduler_Setup                          0x08006c0d   Thumb Code    42  scheduler.o(i.Scheduler_Setup)
    ShowErrMessage                           0x08006cb9   Thumb Code    64  as608.o(i.ShowErrMessage)
    Show_Str_Mid                             0x08006d09   Thumb Code    72  lcd.o(i.Show_Str_Mid)
    SysTick_Handler                          0x08006d51   Thumb Code    16  stm32f4xx_it.o(i.SysTick_Handler)
    SystemClock_Config                       0x08006d65   Thumb Code   148  main.o(i.SystemClock_Config)
    SystemInit                               0x08006e01   Thumb Code    12  system_stm32f4xx.o(i.SystemInit)
    TIM2_IRQHandler                          0x08006e11   Thumb Code     6  stm32f4xx_it.o(i.TIM2_IRQHandler)
    TIM_Base_SetConfig                       0x08006e1d   Thumb Code   156  stm32f4xx_hal_tim.o(i.TIM_Base_SetConfig)
    TIM_ETR_SetConfig                        0x08006ee5   Thumb Code    20  stm32f4xx_hal_tim.o(i.TIM_ETR_SetConfig)
    TP_Adj_Info_Show                         0x08006f51   Thumb Code   324  touch.o(i.TP_Adj_Info_Show)
    TP_Adjust                                0x080070c1   Thumb Code  1370  touch.o(i.TP_Adjust)
    TP_Drow_Touch_Point                      0x08007649   Thumb Code   128  touch.o(i.TP_Drow_Touch_Point)
    TP_Get_Adjdata                           0x080076c9   Thumb Code   142  touch.o(i.TP_Get_Adjdata)
    TP_Init                                  0x08007765   Thumb Code    46  touch.o(i.TP_Init)
    TP_Read_AD                               0x08007799   Thumb Code   122  touch.o(i.TP_Read_AD)
    TP_Read_XOY                              0x08007819   Thumb Code   100  touch.o(i.TP_Read_XOY)
    TP_Read_XY                               0x0800787d   Thumb Code    34  touch.o(i.TP_Read_XY)
    TP_Read_XY2                              0x080078a5   Thumb Code   122  touch.o(i.TP_Read_XY2)
    TP_Save_Adjdata                          0x08007921   Thumb Code   112  touch.o(i.TP_Save_Adjdata)
    TP_Scan                                  0x0800799d   Thumb Code   182  touch.o(i.TP_Scan)
    TP_Write_Byte                            0x08007a5d   Thumb Code    60  touch.o(i.TP_Write_Byte)
    Test_Write                               0x08007a9d   Thumb Code    12  stmflash.o(i.Test_Write)
    UART_Start_Receive_IT                    0x08007cd5   Thumb Code    54  stm32f4xx_hal_uart.o(i.UART_Start_Receive_IT)
    USART1_IRQHandler                        0x08007d85   Thumb Code     6  stm32f4xx_it.o(i.USART1_IRQHandler)
    USART2_IRQHandler                        0x08007d91   Thumb Code     6  stm32f4xx_it.o(i.USART2_IRQHandler)
    USART3_IRQHandler                        0x08007d9d   Thumb Code    48  stm32f4xx_it.o(i.USART3_IRQHandler)
    UsageFault_Handler                       0x08007dd9   Thumb Code     2  stm32f4xx_it.o(i.UsageFault_Handler)
    WriteOneHzChar                           0x08007ddd   Thumb Code   108  lcd.o(i.WriteOneHzChar)
    __0sprintf                               0x08007e4d   Thumb Code    34  printfa.o(i.__0sprintf)
    __1sprintf                               0x08007e4d   Thumb Code     0  printfa.o(i.__0sprintf)
    __2sprintf                               0x08007e4d   Thumb Code     0  printfa.o(i.__0sprintf)
    __c89sprintf                             0x08007e4d   Thumb Code     0  printfa.o(i.__0sprintf)
    sprintf                                  0x08007e4d   Thumb Code     0  printfa.o(i.__0sprintf)
    __0vsprintf                              0x08007e75   Thumb Code    30  printfa.o(i.__0vsprintf)
    __1vsprintf                              0x08007e75   Thumb Code     0  printfa.o(i.__0vsprintf)
    __2vsprintf                              0x08007e75   Thumb Code     0  printfa.o(i.__0vsprintf)
    __c89vsprintf                            0x08007e75   Thumb Code     0  printfa.o(i.__0vsprintf)
    vsprintf                                 0x08007e75   Thumb Code     0  printfa.o(i.__0vsprintf)
    __ARM_fpclassify                         0x08007e99   Thumb Code    48  fpclassify.o(i.__ARM_fpclassify)
    __hardfp_pow                             0x08007ee9   Thumb Code  3072  pow.o(i.__hardfp_pow)
    __hardfp_sqrt                            0x08008b39   Thumb Code   122  sqrt.o(i.__hardfp_sqrt)
    __kernel_poly                            0x08008bb3   Thumb Code   248  poly.o(i.__kernel_poly)
    __mathlib_dbl_divzero                    0x08008cb1   Thumb Code    28  dunder.o(i.__mathlib_dbl_divzero)
    __mathlib_dbl_infnan2                    0x08008ce1   Thumb Code    20  dunder.o(i.__mathlib_dbl_infnan2)
    __mathlib_dbl_invalid                    0x08008cf9   Thumb Code    24  dunder.o(i.__mathlib_dbl_invalid)
    __mathlib_dbl_overflow                   0x08008d19   Thumb Code    24  dunder.o(i.__mathlib_dbl_overflow)
    __mathlib_dbl_underflow                  0x08008d39   Thumb Code    24  dunder.o(i.__mathlib_dbl_underflow)
    __scatterload_copy                       0x08008d59   Thumb Code    14  handlers.o(i.__scatterload_copy)
    __scatterload_null                       0x08008d67   Thumb Code     2  handlers.o(i.__scatterload_null)
    __scatterload_zeroinit                   0x08008d69   Thumb Code    14  handlers.o(i.__scatterload_zeroinit)
    __set_errno                              0x08008d79   Thumb Code     6  errno.o(i.__set_errno)
    as608_init                               0x08009641   Thumb Code    72  as608.o(i.as608_init)
    cJSON_Delete                             0x08009695   Thumb Code    66  cjson.o(i.cJSON_Delete)
    cJSON_GetErrorPtr                        0x080096dd   Thumb Code     6  cjson.o(i.cJSON_GetErrorPtr)
    cJSON_GetObjectItem                      0x080096e9   Thumb Code    28  cjson.o(i.cJSON_GetObjectItem)
    cJSON_Parse                              0x08009721   Thumb Code     8  cjson.o(i.cJSON_Parse)
    cJSON_ParseWithOpts                      0x08009729   Thumb Code    92  cjson.o(i.cJSON_ParseWithOpts)
    dateRX                                   0x080097cd   Thumb Code    62  r.o(i.dateRX)
    delay_init                               0x0800981d   Thumb Code    16  delay.o(i.delay_init)
    delay_ms                                 0x08009831   Thumb Code    26  delay.o(i.delay_ms)
    delay_us                                 0x0800984d   Thumb Code    48  delay.o(i.delay_us)
    fabs                                     0x08009881   Thumb Code    24  fabs.o(i.fabs)
    findHzIndex                              0x08009899   Thumb Code    96  lcd.o(i.findHzIndex)
    free                                     0x08009901   Thumb Code    76  malloc.o(i.free)
    main                                     0x08009951   Thumb Code   210  main.o(i.main)
    malloc                                   0x08009ad5   Thumb Code    92  malloc.o(i.malloc)
    parseRX                                  0x08009b41   Thumb Code    68  r.o(i.parseRX)
    press_FR                                 0x0800a125   Thumb Code   174  as608.o(i.press_FR)
    sqrt                                     0x0800a249   Thumb Code   110  sqrt.o(i.sqrt)
    usart_printf                             0x0800a2b9   Thumb Code    52  usartmy.o(i.usart_printf)
    AHBPrescTable                            0x0800a2f0   Data          16  system_stm32f4xx.o(.constdata)
    APBPrescTable                            0x0800a300   Data           8  system_stm32f4xx.o(.constdata)
    asc2_1206                                0x0800a308   Data        1140  lcd.o(.constdata)
    asc2_1608                                0x0800a77c   Data        1520  lcd.o(.constdata)
    __mathlib_zero                           0x0800ae00   Data           8  qnan.o(.constdata)
    Region$$Table$$Base                      0x0800ae7c   Number         0  anon$$obj.o(Region$$Table)
    Region$$Table$$Limit                     0x0800ae9c   Number         0  anon$$obj.o(Region$$Table)
    a                                        0x20000008   Data           2  tim.o(.data)
    uwTickFreq                               0x2000000c   Data           1  stm32f4xx_hal.o(.data)
    uwTickPrio                               0x20000010   Data           4  stm32f4xx_hal.o(.data)
    uwTick                                   0x20000014   Data           4  stm32f4xx_hal.o(.data)
    SystemCoreClock                          0x20000018   Data           4  system_stm32f4xx.o(.data)
    huart1_buf                               0x2000001c   Data           1  usartmy.o(.data)
    huart2_buf                               0x2000001d   Data           1  usartmy.o(.data)
    huart3_buf                               0x2000001e   Data           1  usartmy.o(.data)
    Task_num_ms                              0x20000020   Data           4  scheduler.o(.data)
    kbd_menu                                 0x2000006c   Data          60  ui.o(.data)
    kbd_delFR                                0x200000a8   Data          60  ui.o(.data)
    USART3_RX_STA                            0x200000e4   Data           1  as608.o(.data)
    ensure                                   0x200000e5   Data           1  as608.o(.data)
    ValidN                                   0x200000e6   Data           2  as608.o(.data)
    AS608Addr                                0x200000e8   Data           4  as608.o(.data)
    Get_Device_Code                          0x200000ec   Data          10  as608.o(.data)
    kbd_tbl                                  0x200000f8   Data           4  as608hard.o(.data)
    GBHZ_16                                  0x20000100   Data        4182  lcd.o(.data)
    GBHZ_32                                  0x20001156   Data         390  lcd.o(.data)
    POINT_COLOR                              0x200012dc   Data           2  lcd.o(.data)
    CMD_RDX                                  0x200012e0   Data           1  touch.o(.data)
    CMD_RDY                                  0x200012e1   Data           1  touch.o(.data)
    TP_REMIND_MSG_TBL                        0x200012e4   Data           4  touch.o(.data)
    tp_dev                                   0x200012e8   Data          52  touch.o(.data)
    __microlib_freelist                      0x20001328   Data           4  mvars.o(.data)
    __microlib_freelist_initialised          0x2000132c   Data           4  mvars.o(.data)
    hsram1                                   0x20001334   Data          80  fmc.o(.bss)
    htim2                                    0x20001384   Data          72  tim.o(.bss)
    huart1                                   0x200013cc   Data          68  usart.o(.bss)
    huart2                                   0x20001410   Data          68  usart.o(.bss)
    huart3                                   0x20001454   Data          68  usart.o(.bss)
    pFlash                                   0x20001498   Data          32  stm32f4xx_hal_flash.o(.bss)
    rBuffer                                  0x20001580   Data         258  r.o(.bss)
    USART3_RX_BUF                            0x20001684   Data         400  as608.o(.bss)
    AS608Para                                0x20001814   Data          12  as608.o(.bss)
    lcddev                                   0x20001820   Data          14  lcd.o(.bss)
    __heap_base                              0x20001830   Data           0  startup_stm32f427xx.o(HEAP)
    __heap_limit                             0x20001a30   Data           0  startup_stm32f427xx.o(HEAP)
    __initial_sp                             0x20001e30   Data           0  startup_stm32f427xx.o(STACK)



==============================================================================

Memory Map of the image

  Image Entry point : 0x080001ad

  Load Region LR_IROM1 (Base: 0x08000000, Size: 0x0000c1d0, Max: 0x00100000, ABSOLUTE, COMPRESSED[0x0000bc38])

    Execution Region ER_IROM1 (Exec base: 0x08000000, Load base: 0x08000000, Size: 0x0000ae9c, Max: 0x00100000, ABSOLUTE)

    Exec Addr    Load Addr    Size         Type   Attr      Idx    E Section Name        Object

    0x08000000   0x08000000   0x000001ac   Data   RO            3    RESET               startup_stm32f427xx.o
    0x080001ac   0x080001ac   0x00000000   Code   RO         4802  * .ARM.Collect$$$$00000000  mc_w.l(entry.o)
    0x080001ac   0x080001ac   0x00000004   Code   RO         5153    .ARM.Collect$$$$00000001  mc_w.l(entry2.o)
    0x080001b0   0x080001b0   0x00000004   Code   RO         5156    .ARM.Collect$$$$00000004  mc_w.l(entry5.o)
    0x080001b4   0x080001b4   0x00000000   Code   RO         5158    .ARM.Collect$$$$00000008  mc_w.l(entry7b.o)
    0x080001b4   0x080001b4   0x00000000   Code   RO         5160    .ARM.Collect$$$$0000000A  mc_w.l(entry8b.o)
    0x080001b4   0x080001b4   0x00000008   Code   RO         5161    .ARM.Collect$$$$0000000B  mc_w.l(entry9a.o)
    0x080001bc   0x080001bc   0x00000000   Code   RO         5163    .ARM.Collect$$$$0000000D  mc_w.l(entry10a.o)
    0x080001bc   0x080001bc   0x00000000   Code   RO         5165    .ARM.Collect$$$$0000000F  mc_w.l(entry11a.o)
    0x080001bc   0x080001bc   0x00000004   Code   RO         5154    .ARM.Collect$$$$00002712  mc_w.l(entry2.o)
    0x080001c0   0x080001c0   0x00000024   Code   RO            4    .text               startup_stm32f427xx.o
    0x080001e4   0x080001e4   0x00000062   Code   RO         4805    .text               mc_w.l(uldiv.o)
    0x08000246   0x08000246   0x0000000c   Code   RO         4807    .text               mc_w.l(tolower.o)
    0x08000252   0x08000252   0x00000024   Code   RO         4811    .text               mc_w.l(memseta.o)
    0x08000276   0x08000276   0x00000024   Code   RO         4813    .text               mc_w.l(strstr.o)
    0x0800029a   0x0800029a   0x0000000e   Code   RO         4817    .text               mc_w.l(strlen.o)
    0x080002a8   0x080002a8   0x0000001e   Code   RO         4821    .text               mc_w.l(strncmp.o)
    0x080002c6   0x080002c6   0x0000014e   Code   RO         5114    .text               mf_w.l(dadd.o)
    0x08000414   0x08000414   0x000000e4   Code   RO         5116    .text               mf_w.l(dmul.o)
    0x080004f8   0x080004f8   0x00000022   Code   RO         5118    .text               mf_w.l(dflti.o)
    0x0800051a   0x0800051a   0x0000001a   Code   RO         5120    .text               mf_w.l(dfltui.o)
    0x08000534   0x08000534   0x0000003e   Code   RO         5122    .text               mf_w.l(dfixi.o)
    0x08000572   0x08000572   0x00000032   Code   RO         5124    .text               mf_w.l(dfixui.o)
    0x080005a4   0x080005a4   0x00000026   Code   RO         5126    .text               mf_w.l(f2d.o)
    0x080005ca   0x080005ca   0x00000002   PAD
    0x080005cc   0x080005cc   0x00000030   Code   RO         5128    .text               mf_w.l(cdcmple.o)
    0x080005fc   0x080005fc   0x00000030   Code   RO         5130    .text               mf_w.l(cdrcmple.o)
    0x0800062c   0x0800062c   0x0000002c   Code   RO         5170    .text               mc_w.l(uidiv.o)
    0x08000658   0x08000658   0x0000001e   Code   RO         5172    .text               mc_w.l(llshl.o)
    0x08000676   0x08000676   0x00000020   Code   RO         5174    .text               mc_w.l(llushr.o)
    0x08000696   0x08000696   0x00000024   Code   RO         5176    .text               mc_w.l(llsshr.o)
    0x080006ba   0x080006ba   0x00000000   Code   RO         5187    .text               mc_w.l(iusefp.o)
    0x080006ba   0x080006ba   0x000000ba   Code   RO         5190    .text               mf_w.l(depilogue.o)
    0x08000774   0x08000774   0x000000de   Code   RO         5192    .text               mf_w.l(ddiv.o)
    0x08000852   0x08000852   0x0000002e   Code   RO         5196    .text               mf_w.l(dscalb.o)
    0x08000880   0x08000880   0x000000a2   Code   RO         5198    .text               mf_w.l(dsqrt.o)
    0x08000922   0x08000922   0x00000030   Code   RO         5200    .text               mf_w.l(dfixul.o)
    0x08000952   0x08000952   0x00000002   PAD
    0x08000954   0x08000954   0x00000024   Code   RO         5202    .text               mc_w.l(init.o)
    0x08000978   0x08000978   0x0000005e   Code   RO         5214    .text               mc_w.l(__dclz77c.o)
    0x080009d6   0x080009d6   0x00000002   PAD
    0x080009d8   0x080009d8   0x000000d4   Code   RO         3881    i.AS608_get_keynum  as608hard.o
    0x08000aac   0x08000aac   0x000000b4   Code   RO         3882    i.AS608_key_staset  as608hard.o
    0x08000b60   0x08000b60   0x00000114   Code   RO         3544    i.AS608_load_keyboard  ui.o
    0x08000c74   0x08000c74   0x0000046c   Code   RO         3674    i.Add_FR            as608.o
    0x080010e0   0x080010e0   0x00000002   Code   RO          382    i.BusFault_Handler  stm32f4xx_it.o
    0x080010e2   0x080010e2   0x00000002   Code   RO          383    i.DebugMon_Handler  stm32f4xx_it.o
    0x080010e4   0x080010e4   0x00000188   Code   RO         3675    i.Del_FR            as608.o
    0x0800126c   0x0800126c   0x000000c4   Code   RO         3961    i.Draw_Circle       lcd.o
    0x08001330   0x08001330   0x000001d4   Code   RO         3677    i.EnsureMessage     as608.o
    0x08001504   0x08001504   0x00000004   Code   RO           13    i.Error_Handler     main.o
    0x08001508   0x08001508   0x00000054   Code   RO          972    i.FLASH_Erase_Sector  stm32f4xx_hal_flash_ex.o
    0x0800155c   0x0800155c   0x00000054   Code   RO          973    i.FLASH_FlushCaches  stm32f4xx_hal_flash_ex.o
    0x080015b0   0x080015b0   0x00000040   Code   RO          974    i.FLASH_MassErase   stm32f4xx_hal_flash_ex.o
    0x080015f0   0x080015f0   0x00000020   Code   RO          854    i.FLASH_Program_Byte  stm32f4xx_hal_flash.o
    0x08001610   0x08001610   0x0000002c   Code   RO          855    i.FLASH_Program_DoubleWord  stm32f4xx_hal_flash.o
    0x0800163c   0x0800163c   0x00000024   Code   RO          856    i.FLASH_Program_HalfWord  stm32f4xx_hal_flash.o
    0x08001660   0x08001660   0x00000024   Code   RO          857    i.FLASH_Program_Word  stm32f4xx_hal_flash.o
    0x08001684   0x08001684   0x0000007c   Code   RO          858    i.FLASH_SetErrorCode  stm32f4xx_hal_flash.o
    0x08001700   0x08001700   0x00000050   Code   RO          859    i.FLASH_WaitForLastOperation  stm32f4xx_hal_flash.o
    0x08001750   0x08001750   0x00000040   Code   RO          514    i.FMC_NORSRAM_Extended_Timing_Init  stm32f4xx_ll_fmc.o
    0x08001790   0x08001790   0x0000006c   Code   RO          515    i.FMC_NORSRAM_Init  stm32f4xx_ll_fmc.o
    0x080017fc   0x080017fc   0x0000005c   Code   RO          516    i.FMC_NORSRAM_Timing_Init  stm32f4xx_ll_fmc.o
    0x08001858   0x08001858   0x0000007a   Code   RO         3883    i.GET_NUM           as608hard.o
    0x080018d2   0x080018d2   0x00000092   Code   RO         1200    i.HAL_DMA_Abort     stm32f4xx_hal_dma.o
    0x08001964   0x08001964   0x00000024   Code   RO         1201    i.HAL_DMA_Abort_IT  stm32f4xx_hal_dma.o
    0x08001988   0x08001988   0x00000024   Code   RO         1637    i.HAL_Delay         stm32f4xx_hal.o
    0x080019ac   0x080019ac   0x0000009c   Code   RO          979    i.HAL_FLASHEx_Erase  stm32f4xx_hal_flash_ex.o
    0x08001a48   0x08001a48   0x00000014   Code   RO          863    i.HAL_FLASH_Lock    stm32f4xx_hal_flash.o
    0x08001a5c   0x08001a5c   0x0000007c   Code   RO          868    i.HAL_FLASH_Program  stm32f4xx_hal_flash.o
    0x08001ad8   0x08001ad8   0x0000002c   Code   RO          870    i.HAL_FLASH_Unlock  stm32f4xx_hal_flash.o
    0x08001b04   0x08001b04   0x00000074   Code   RO          231    i.HAL_FMC_MspInit   fmc.o
    0x08001b78   0x08001b78   0x00000234   Code   RO         1093    i.HAL_GPIO_Init     stm32f4xx_hal_gpio.o
    0x08001dac   0x08001dac   0x00000010   Code   RO         1096    i.HAL_GPIO_TogglePin  stm32f4xx_hal_gpio.o
    0x08001dbc   0x08001dbc   0x0000000a   Code   RO         1097    i.HAL_GPIO_WritePin  stm32f4xx_hal_gpio.o
    0x08001dc6   0x08001dc6   0x00000002   PAD
    0x08001dc8   0x08001dc8   0x0000000c   Code   RO         1645    i.HAL_GetTick       stm32f4xx_hal.o
    0x08001dd4   0x08001dd4   0x00000010   Code   RO         1651    i.HAL_IncTick       stm32f4xx_hal.o
    0x08001de4   0x08001de4   0x00000034   Code   RO         1652    i.HAL_Init          stm32f4xx_hal.o
    0x08001e18   0x08001e18   0x00000040   Code   RO         1653    i.HAL_InitTick      stm32f4xx_hal.o
    0x08001e58   0x08001e58   0x00000030   Code   RO          482    i.HAL_MspInit       stm32f4xx_hal_msp.o
    0x08001e88   0x08001e88   0x0000001a   Code   RO         1500    i.HAL_NVIC_EnableIRQ  stm32f4xx_hal_cortex.o
    0x08001ea2   0x08001ea2   0x00000002   PAD
    0x08001ea4   0x08001ea4   0x00000040   Code   RO         1506    i.HAL_NVIC_SetPriority  stm32f4xx_hal_cortex.o
    0x08001ee4   0x08001ee4   0x00000024   Code   RO         1507    i.HAL_NVIC_SetPriorityGrouping  stm32f4xx_hal_cortex.o
    0x08001f08   0x08001f08   0x00000070   Code   RO         1429    i.HAL_PWREx_EnableOverDrive  stm32f4xx_hal_pwr_ex.o
    0x08001f78   0x08001f78   0x00000134   Code   RO          687    i.HAL_RCC_ClockConfig  stm32f4xx_hal_rcc.o
    0x080020ac   0x080020ac   0x00000020   Code   RO          694    i.HAL_RCC_GetPCLK1Freq  stm32f4xx_hal_rcc.o
    0x080020cc   0x080020cc   0x00000020   Code   RO          695    i.HAL_RCC_GetPCLK2Freq  stm32f4xx_hal_rcc.o
    0x080020ec   0x080020ec   0x00000060   Code   RO          696    i.HAL_RCC_GetSysClockFreq  stm32f4xx_hal_rcc.o
    0x0800214c   0x0800214c   0x0000036c   Code   RO          699    i.HAL_RCC_OscConfig  stm32f4xx_hal_rcc.o
    0x080024b8   0x080024b8   0x00000056   Code   RO         1904    i.HAL_SRAM_Init     stm32f4xx_hal_sram.o
    0x0800250e   0x0800250e   0x00000004   Code   RO          233    i.HAL_SRAM_MspInit  fmc.o
    0x08002512   0x08002512   0x00000018   Code   RO         1509    i.HAL_SYSTICK_CLKSourceConfig  stm32f4xx_hal_cortex.o
    0x0800252a   0x0800252a   0x00000028   Code   RO         1511    i.HAL_SYSTICK_Config  stm32f4xx_hal_cortex.o
    0x08002552   0x08002552   0x00000002   Code   RO         2726    i.HAL_TIMEx_BreakCallback  stm32f4xx_hal_tim_ex.o
    0x08002554   0x08002554   0x00000002   Code   RO         2727    i.HAL_TIMEx_CommutCallback  stm32f4xx_hal_tim_ex.o
    0x08002556   0x08002556   0x00000002   PAD
    0x08002558   0x08002558   0x00000090   Code   RO         2745    i.HAL_TIMEx_MasterConfigSynchronization  stm32f4xx_hal_tim_ex.o
    0x080025e8   0x080025e8   0x0000005a   Code   RO         2022    i.HAL_TIM_Base_Init  stm32f4xx_hal_tim.o
    0x08002642   0x08002642   0x00000002   PAD
    0x08002644   0x08002644   0x00000038   Code   RO          280    i.HAL_TIM_Base_MspInit  tim.o
    0x0800267c   0x0800267c   0x00000080   Code   RO         2027    i.HAL_TIM_Base_Start_IT  stm32f4xx_hal_tim.o
    0x080026fc   0x080026fc   0x000000dc   Code   RO         2031    i.HAL_TIM_ConfigClockSource  stm32f4xx_hal_tim.o
    0x080027d8   0x080027d8   0x00000002   Code   RO         2056    i.HAL_TIM_IC_CaptureCallback  stm32f4xx_hal_tim.o
    0x080027da   0x080027da   0x00000166   Code   RO         2070    i.HAL_TIM_IRQHandler  stm32f4xx_hal_tim.o
    0x08002940   0x08002940   0x00000002   Code   RO         2073    i.HAL_TIM_OC_DelayElapsedCallback  stm32f4xx_hal_tim.o
    0x08002942   0x08002942   0x00000002   Code   RO         2100    i.HAL_TIM_PWM_PulseFinishedCallback  stm32f4xx_hal_tim.o
    0x08002944   0x08002944   0x00000018   Code   RO          281    i.HAL_TIM_PeriodElapsedCallback  tim.o
    0x0800295c   0x0800295c   0x00000002   Code   RO         2113    i.HAL_TIM_TriggerCallback  stm32f4xx_hal_tim.o
    0x0800295e   0x0800295e   0x00000002   Code   RO         3004    i.HAL_UARTEx_RxEventCallback  stm32f4xx_hal_uart.o
    0x08002960   0x08002960   0x00000002   Code   RO         3018    i.HAL_UART_ErrorCallback  stm32f4xx_hal_uart.o
    0x08002962   0x08002962   0x00000002   PAD
    0x08002964   0x08002964   0x00000268   Code   RO         3021    i.HAL_UART_IRQHandler  stm32f4xx_hal_uart.o
    0x08002bcc   0x08002bcc   0x00000062   Code   RO         3022    i.HAL_UART_Init     stm32f4xx_hal_uart.o
    0x08002c2e   0x08002c2e   0x00000002   PAD
    0x08002c30   0x08002c30   0x0000011c   Code   RO          329    i.HAL_UART_MspInit  usart.o
    0x08002d4c   0x08002d4c   0x0000002a   Code   RO         3027    i.HAL_UART_Receive_IT  stm32f4xx_hal_uart.o
    0x08002d76   0x08002d76   0x00000002   PAD
    0x08002d78   0x08002d78   0x0000004c   Code   RO         3388    i.HAL_UART_RxCpltCallback  usartmy.o
    0x08002dc4   0x08002dc4   0x000000b2   Code   RO         3030    i.HAL_UART_Transmit  stm32f4xx_hal_uart.o
    0x08002e76   0x08002e76   0x00000002   Code   RO         3033    i.HAL_UART_TxCpltCallback  stm32f4xx_hal_uart.o
    0x08002e78   0x08002e78   0x00000002   Code   RO          384    i.HardFault_Handler  stm32f4xx_it.o
    0x08002e7a   0x08002e7a   0x00000002   PAD
    0x08002e7c   0x08002e7c   0x00000068   Code   RO         3678    i.JudgeStr          as608.o
    0x08002ee4   0x08002ee4   0x0000005c   Code   RO         3545    i.LCD_AS608_UI      ui.o
    0x08002f40   0x08002f40   0x0000006c   Code   RO         3964    i.LCD_Clear         lcd.o
    0x08002fac   0x08002fac   0x00000134   Code   RO         3968    i.LCD_Display_Dir   lcd.o
    0x080030e0   0x080030e0   0x0000009c   Code   RO         3970    i.LCD_DrawLine      lcd.o
    0x0800317c   0x0800317c   0x00000018   Code   RO         3971    i.LCD_DrawPoint     lcd.o
    0x08003194   0x08003194   0x00000044   Code   RO         3972    i.LCD_DrawRectangle  lcd.o
    0x080031d8   0x080031d8   0x0000008c   Code   RO         3976    i.LCD_Fill          lcd.o
    0x08003264   0x08003264   0x00002cf0   Code   RO         3977    i.LCD_Init          lcd.o
    0x08005f54   0x08005f54   0x00000010   Code   RO         3978    i.LCD_Pow           lcd.o
    0x08005f64   0x08005f64   0x00000018   Code   RO         3981    i.LCD_ReadReg       lcd.o
    0x08005f7c   0x08005f7c   0x000001a8   Code   RO         3982    i.LCD_Scan_Dir      lcd.o
    0x08006124   0x08006124   0x00000140   Code   RO         3983    i.LCD_SetCursor     lcd.o
    0x08006264   0x08006264   0x00000084   Code   RO         3985    i.LCD_ShowChar      lcd.o
    0x080062e8   0x080062e8   0x00000074   Code   RO         3986    i.LCD_ShowNum       lcd.o
    0x0800635c   0x0800635c   0x00000076   Code   RO         3987    i.LCD_ShowString    lcd.o
    0x080063d2   0x080063d2   0x00000002   PAD
    0x080063d4   0x080063d4   0x00000014   Code   RO         3992    i.LCD_WriteRAM_Prepare  lcd.o
    0x080063e8   0x080063e8   0x00000010   Code   RO         3993    i.LCD_WriteReg      lcd.o
    0x080063f8   0x080063f8   0x00000038   Code   RO         3441    i.Loop_100Hz        scheduler.o
    0x08006430   0x08006430   0x00000002   Code   RO         3442    i.Loop_10Hz         scheduler.o
    0x08006432   0x08006432   0x00000002   PAD
    0x08006434   0x08006434   0x0000000c   Code   RO         3443    i.Loop_1Hz          scheduler.o
    0x08006440   0x08006440   0x00000002   Code   RO         3444    i.Loop_20Hz         scheduler.o
    0x08006442   0x08006442   0x00000002   Code   RO         3445    i.Loop_50Hz         scheduler.o
    0x08006444   0x08006444   0x0000000c   Code   RO         3446    i.Loop_5Hz          scheduler.o
    0x08006450   0x08006450   0x00000070   Code   RO          234    i.MX_FMC_Init       fmc.o
    0x080064c0   0x080064c0   0x000000f0   Code   RO          207    i.MX_GPIO_Init      gpio.o
    0x080065b0   0x080065b0   0x00000064   Code   RO          282    i.MX_TIM2_Init      tim.o
    0x08006614   0x08006614   0x00000038   Code   RO          330    i.MX_USART1_UART_Init  usart.o
    0x0800664c   0x0800664c   0x00000038   Code   RO          331    i.MX_USART2_UART_Init  usart.o
    0x08006684   0x08006684   0x00000038   Code   RO          332    i.MX_USART3_UART_Init  usart.o
    0x080066bc   0x080066bc   0x0000001c   Code   RO         3679    i.MYUSART_SendData  as608.o
    0x080066d8   0x080066d8   0x00000002   Code   RO          385    i.MemManage_Handler  stm32f4xx_it.o
    0x080066da   0x080066da   0x00000002   Code   RO          386    i.NMI_Handler       stm32f4xx_it.o
    0x080066dc   0x080066dc   0x0000005e   Code   RO         3680    i.PS_DeletChar      as608.o
    0x0800673a   0x0800673a   0x00000034   Code   RO         3681    i.PS_Empty          as608.o
    0x0800676e   0x0800676e   0x0000003c   Code   RO         3682    i.PS_GenChar        as608.o
    0x080067aa   0x080067aa   0x00000034   Code   RO         3683    i.PS_GetImage       as608.o
    0x080067de   0x080067de   0x00000084   Code   RO         3685    i.PS_HighSpeedSearch  as608.o
    0x08006862   0x08006862   0x00000034   Code   RO         3686    i.PS_Match          as608.o
    0x08006896   0x08006896   0x00000064   Code   RO         3688    i.PS_ReadSysPara    as608.o
    0x080068fa   0x080068fa   0x00000034   Code   RO         3689    i.PS_RegModel       as608.o
    0x0800692e   0x0800692e   0x00000052   Code   RO         3692    i.PS_StoreChar      as608.o
    0x08006980   0x08006980   0x00000042   Code   RO         3693    i.PS_ValidTempleteNum  as608.o
    0x080069c2   0x080069c2   0x00000002   Code   RO          387    i.PendSV_Handler    stm32f4xx_it.o
    0x080069c4   0x080069c4   0x000000d0   Code   RO         3632    i.RData             r.o
    0x08006a94   0x08006a94   0x000000a0   Code   RO         4221    i.STMFLASH_GetFlashSector  stmflash.o
    0x08006b34   0x08006b34   0x00000004   Code   RO         4223    i.STMFLASH_ReadHalfWord  stmflash.o
    0x08006b38   0x08006b38   0x00000098   Code   RO         4225    i.STMFLASH_Write    stmflash.o
    0x08006bd0   0x08006bd0   0x00000002   Code   RO          388    i.SVC_Handler       stm32f4xx_it.o
    0x08006bd2   0x08006bd2   0x00000002   PAD
    0x08006bd4   0x08006bd4   0x00000038   Code   RO         3447    i.Scheduler_Run     scheduler.o
    0x08006c0c   0x08006c0c   0x00000030   Code   RO         3448    i.Scheduler_Setup   scheduler.o
    0x08006c3c   0x08006c3c   0x00000030   Code   RO         3696    i.SendAddr          as608.o
    0x08006c6c   0x08006c6c   0x00000014   Code   RO         3697    i.SendCheck         as608.o
    0x08006c80   0x08006c80   0x00000020   Code   RO         3698    i.SendHead          as608.o
    0x08006ca0   0x08006ca0   0x00000016   Code   RO         3699    i.SendLength        as608.o
    0x08006cb6   0x08006cb6   0x00000002   PAD
    0x08006cb8   0x08006cb8   0x00000050   Code   RO         3700    i.ShowErrMessage    as608.o
    0x08006d08   0x08006d08   0x00000048   Code   RO         3994    i.Show_Str_Mid      lcd.o
    0x08006d50   0x08006d50   0x00000014   Code   RO          389    i.SysTick_Handler   stm32f4xx_it.o
    0x08006d64   0x08006d64   0x0000009c   Code   RO           14    i.SystemClock_Config  main.o
    0x08006e00   0x08006e00   0x00000010   Code   RO         3351    i.SystemInit        system_stm32f4xx.o
    0x08006e10   0x08006e10   0x0000000c   Code   RO          390    i.TIM2_IRQHandler   stm32f4xx_it.o
    0x08006e1c   0x08006e1c   0x000000c8   Code   RO         2115    i.TIM_Base_SetConfig  stm32f4xx_hal_tim.o
    0x08006ee4   0x08006ee4   0x00000014   Code   RO         2126    i.TIM_ETR_SetConfig  stm32f4xx_hal_tim.o
    0x08006ef8   0x08006ef8   0x00000010   Code   RO         2127    i.TIM_ITRx_SetConfig  stm32f4xx_hal_tim.o
    0x08006f08   0x08006f08   0x00000022   Code   RO         2133    i.TIM_TI1_ConfigInputStage  stm32f4xx_hal_tim.o
    0x08006f2a   0x08006f2a   0x00000024   Code   RO         2135    i.TIM_TI2_ConfigInputStage  stm32f4xx_hal_tim.o
    0x08006f4e   0x08006f4e   0x00000002   PAD
    0x08006f50   0x08006f50   0x00000170   Code   RO         4276    i.TP_Adj_Info_Show  touch.o
    0x080070c0   0x080070c0   0x00000588   Code   RO         4277    i.TP_Adjust         touch.o
    0x08007648   0x08007648   0x00000080   Code   RO         4279    i.TP_Drow_Touch_Point  touch.o
    0x080076c8   0x080076c8   0x0000009c   Code   RO         4280    i.TP_Get_Adjdata    touch.o
    0x08007764   0x08007764   0x00000034   Code   RO         4281    i.TP_Init           touch.o
    0x08007798   0x08007798   0x00000080   Code   RO         4282    i.TP_Read_AD        touch.o
    0x08007818   0x08007818   0x00000064   Code   RO         4283    i.TP_Read_XOY       touch.o
    0x0800787c   0x0800787c   0x00000028   Code   RO         4284    i.TP_Read_XY        touch.o
    0x080078a4   0x080078a4   0x0000007a   Code   RO         4285    i.TP_Read_XY2       touch.o
    0x0800791e   0x0800791e   0x00000002   PAD
    0x08007920   0x08007920   0x0000007c   Code   RO         4286    i.TP_Save_Adjdata   touch.o
    0x0800799c   0x0800799c   0x000000c0   Code   RO         4287    i.TP_Scan           touch.o
    0x08007a5c   0x08007a5c   0x00000040   Code   RO         4288    i.TP_Write_Byte     touch.o
    0x08007a9c   0x08007a9c   0x0000000c   Code   RO         4226    i.Test_Write        stmflash.o
    0x08007aa8   0x08007aa8   0x00000010   Code   RO         3035    i.UART_DMAAbortOnError  stm32f4xx_hal_uart.o
    0x08007ab8   0x08007ab8   0x0000004e   Code   RO         3045    i.UART_EndRxTransfer  stm32f4xx_hal_uart.o
    0x08007b06   0x08007b06   0x000000c0   Code   RO         3047    i.UART_Receive_IT   stm32f4xx_hal_uart.o
    0x08007bc6   0x08007bc6   0x00000002   PAD
    0x08007bc8   0x08007bc8   0x0000010c   Code   RO         3048    i.UART_SetConfig    stm32f4xx_hal_uart.o
    0x08007cd4   0x08007cd4   0x00000036   Code   RO         3050    i.UART_Start_Receive_IT  stm32f4xx_hal_uart.o
    0x08007d0a   0x08007d0a   0x00000078   Code   RO         3051    i.UART_WaitOnFlagUntilTimeout  stm32f4xx_hal_uart.o
    0x08007d82   0x08007d82   0x00000002   PAD
    0x08007d84   0x08007d84   0x0000000c   Code   RO          391    i.USART1_IRQHandler  stm32f4xx_it.o
    0x08007d90   0x08007d90   0x0000000c   Code   RO          392    i.USART2_IRQHandler  stm32f4xx_it.o
    0x08007d9c   0x08007d9c   0x0000003c   Code   RO          393    i.USART3_IRQHandler  stm32f4xx_it.o
    0x08007dd8   0x08007dd8   0x00000002   Code   RO          394    i.UsageFault_Handler  stm32f4xx_it.o
    0x08007dda   0x08007dda   0x00000002   PAD
    0x08007ddc   0x08007ddc   0x00000070   Code   RO         3996    i.WriteOneHzChar    lcd.o
    0x08007e4c   0x08007e4c   0x00000028   Code   RO         5060    i.__0sprintf        mc_w.l(printfa.o)
    0x08007e74   0x08007e74   0x00000024   Code   RO         5064    i.__0vsprintf       mc_w.l(printfa.o)
    0x08007e98   0x08007e98   0x00000030   Code   RO         5148    i.__ARM_fpclassify  m_wm.l(fpclassify.o)
    0x08007ec8   0x08007ec8   0x00000020   Code   RO         1513    i.__NVIC_SetPriority  stm32f4xx_hal_cortex.o
    0x08007ee8   0x08007ee8   0x00000c50   Code   RO         4776    i.__hardfp_pow      m_wm.l(pow.o)
    0x08008b38   0x08008b38   0x0000007a   Code   RO         4790    i.__hardfp_sqrt     m_wm.l(sqrt.o)
    0x08008bb2   0x08008bb2   0x000000f8   Code   RO         5150    i.__kernel_poly     m_wm.l(poly.o)
    0x08008caa   0x08008caa   0x00000006   PAD
    0x08008cb0   0x08008cb0   0x00000030   Code   RO         5134    i.__mathlib_dbl_divzero  m_wm.l(dunder.o)
    0x08008ce0   0x08008ce0   0x00000014   Code   RO         5136    i.__mathlib_dbl_infnan2  m_wm.l(dunder.o)
    0x08008cf4   0x08008cf4   0x00000004   PAD
    0x08008cf8   0x08008cf8   0x00000020   Code   RO         5137    i.__mathlib_dbl_invalid  m_wm.l(dunder.o)
    0x08008d18   0x08008d18   0x00000020   Code   RO         5138    i.__mathlib_dbl_overflow  m_wm.l(dunder.o)
    0x08008d38   0x08008d38   0x00000020   Code   RO         5140    i.__mathlib_dbl_underflow  m_wm.l(dunder.o)
    0x08008d58   0x08008d58   0x0000000e   Code   RO         5208    i.__scatterload_copy  mc_w.l(handlers.o)
    0x08008d66   0x08008d66   0x00000002   Code   RO         5209    i.__scatterload_null  mc_w.l(handlers.o)
    0x08008d68   0x08008d68   0x0000000e   Code   RO         5210    i.__scatterload_zeroinit  mc_w.l(handlers.o)
    0x08008d76   0x08008d76   0x00000002   PAD
    0x08008d78   0x08008d78   0x0000000c   Code   RO         5182    i.__set_errno       mc_w.l(errno.o)
    0x08008d84   0x08008d84   0x00000184   Code   RO         5065    i._fp_digits        mc_w.l(printfa.o)
    0x08008f08   0x08008f08   0x000006dc   Code   RO         5066    i._printf_core      mc_w.l(printfa.o)
    0x080095e4   0x080095e4   0x00000024   Code   RO         5067    i._printf_post_padding  mc_w.l(printfa.o)
    0x08009608   0x08009608   0x0000002e   Code   RO         5068    i._printf_pre_padding  mc_w.l(printfa.o)
    0x08009636   0x08009636   0x0000000a   Code   RO         5070    i._sputc            mc_w.l(printfa.o)
    0x08009640   0x08009640   0x00000054   Code   RO         3701    i.as608_init        as608.o
    0x08009694   0x08009694   0x00000048   Code   RO         4444    i.cJSON_Delete      cjson.o
    0x080096dc   0x080096dc   0x0000000c   Code   RO         4452    i.cJSON_GetErrorPtr  cjson.o
    0x080096e8   0x080096e8   0x0000001c   Code   RO         4453    i.cJSON_GetObjectItem  cjson.o
    0x08009704   0x08009704   0x0000001c   Code   RO         4457    i.cJSON_New_Item    cjson.o
    0x08009720   0x08009720   0x00000008   Code   RO         4458    i.cJSON_Parse       cjson.o
    0x08009728   0x08009728   0x00000060   Code   RO         4459    i.cJSON_ParseWithOpts  cjson.o
    0x08009788   0x08009788   0x00000042   Code   RO         4465    i.cJSON_strcasecmp  cjson.o
    0x080097ca   0x080097ca   0x00000002   PAD
    0x080097cc   0x080097cc   0x00000050   Code   RO         3633    i.dateRX            r.o
    0x0800981c   0x0800981c   0x00000014   Code   RO         3923    i.delay_init        delay.o
    0x08009830   0x08009830   0x0000001a   Code   RO         3924    i.delay_ms          delay.o
    0x0800984a   0x0800984a   0x00000002   PAD
    0x0800984c   0x0800984c   0x00000034   Code   RO         3925    i.delay_us          delay.o
    0x08009880   0x08009880   0x00000018   Code   RO         4766    i.fabs              m_wm.l(fabs.o)
    0x08009898   0x08009898   0x00000068   Code   RO         3998    i.findHzIndex       lcd.o
    0x08009900   0x08009900   0x00000050   Code   RO         5086    i.free              mc_w.l(malloc.o)
    0x08009950   0x08009950   0x00000184   Code   RO           15    i.main              main.o
    0x08009ad4   0x08009ad4   0x0000006c   Code   RO         5087    i.malloc            mc_w.l(malloc.o)
    0x08009b40   0x08009b40   0x00000044   Code   RO         3634    i.parseRX           r.o
    0x08009b84   0x08009b84   0x00000078   Code   RO         4469    i.parse_array       cjson.o
    0x08009bfc   0x08009bfc   0x000000a6   Code   RO         4470    i.parse_hex4        cjson.o
    0x08009ca2   0x08009ca2   0x00000002   PAD
    0x08009ca4   0x08009ca4   0x00000194   Code   RO         4471    i.parse_number      cjson.o
    0x08009e38   0x08009e38   0x000000b8   Code   RO         4472    i.parse_object      cjson.o
    0x08009ef0   0x08009ef0   0x00000180   Code   RO         4473    i.parse_string      cjson.o
    0x0800a070   0x0800a070   0x000000b4   Code   RO         4474    i.parse_value       cjson.o
    0x0800a124   0x0800a124   0x00000110   Code   RO         3702    i.press_FR          as608.o
    0x0800a234   0x0800a234   0x00000014   Code   RO         4481    i.skip              cjson.o
    0x0800a248   0x0800a248   0x0000006e   Code   RO         4792    i.sqrt              m_wm.l(sqrt.o)
    0x0800a2b6   0x0800a2b6   0x00000002   PAD
    0x0800a2b8   0x0800a2b8   0x00000038   Code   RO         3390    i.usart_printf      usartmy.o
    0x0800a2f0   0x0800a2f0   0x00000010   Data   RO         3352    .constdata          system_stm32f4xx.o
    0x0800a300   0x0800a300   0x00000008   Data   RO         3353    .constdata          system_stm32f4xx.o
    0x0800a308   0x0800a308   0x00000a64   Data   RO         4001    .constdata          lcd.o
    0x0800ad6c   0x0800ad6c   0x00000007   Data   RO         4483    .constdata          cjson.o
    0x0800ad73   0x0800ad73   0x00000005   PAD
    0x0800ad78   0x0800ad78   0x00000088   Data   RO         4779    .constdata          m_wm.l(pow.o)
    0x0800ae00   0x0800ae00   0x00000008   Data   RO         5152    .constdata          m_wm.l(qnan.o)
    0x0800ae08   0x0800ae08   0x00000047   Data   RO         3548    .conststring        ui.o
    0x0800ae4f   0x0800ae4f   0x00000001   PAD
    0x0800ae50   0x0800ae50   0x00000011   Data   RO         3549    .conststring        ui.o
    0x0800ae61   0x0800ae61   0x00000003   PAD
    0x0800ae64   0x0800ae64   0x00000016   Data   RO         4290    .conststring        touch.o
    0x0800ae7a   0x0800ae7a   0x00000002   PAD
    0x0800ae7c   0x0800ae7c   0x00000020   Data   RO         5206    Region$$Table       anon$$obj.o


    Execution Region RW_IRAM2 (Exec base: 0x10000000, Load base: 0x0800bc38, Size: 0x00000000, Max: 0x00010000, ABSOLUTE)

    **** No section assigned to this execution region ****


    Execution Region RW_IRAM1 (Exec base: 0x20000000, Load base: 0x0800ae9c, Size: 0x00001e30, Max: 0x00030000, ABSOLUTE, COMPRESSED[0x00000d9c])

    Exec Addr    Load Addr    Size         Type   Attr      Idx    E Section Name        Object

    0x20000000   COMPRESSED   0x00000008   Data   RW          236    .data               fmc.o
    0x20000008   COMPRESSED   0x00000002   Data   RW          284    .data               tim.o
    0x2000000a   COMPRESSED   0x00000002   PAD
    0x2000000c   COMPRESSED   0x0000000c   Data   RW         1659    .data               stm32f4xx_hal.o
    0x20000018   COMPRESSED   0x00000004   Data   RW         3354    .data               system_stm32f4xx.o
    0x2000001c   COMPRESSED   0x00000003   Data   RW         3392    .data               usartmy.o
    0x2000001f   COMPRESSED   0x00000001   PAD
    0x20000020   COMPRESSED   0x0000004c   Data   RW         3449    .data               scheduler.o
    0x2000006c   COMPRESSED   0x0000003c   Data   RW         3550    .data               ui.o
    0x200000a8   COMPRESSED   0x0000003c   Data   RW         3551    .data               ui.o
    0x200000e4   COMPRESSED   0x00000012   Data   RW         3704    .data               as608.o
    0x200000f6   COMPRESSED   0x00000002   PAD
    0x200000f8   COMPRESSED   0x00000004   Data   RW         3884    .data               as608hard.o
    0x200000fc   COMPRESSED   0x00000004   Data   RW         3926    .data               delay.o
    0x20000100   COMPRESSED   0x000011dc   Data   RW         4003    .data               lcd.o
    0x200012dc   COMPRESSED   0x00000002   Data   RW         4004    .data               lcd.o
    0x200012de   COMPRESSED   0x00000002   PAD
    0x200012e0   COMPRESSED   0x0000003c   Data   RW         4296    .data               touch.o
    0x2000131c   COMPRESSED   0x0000000c   Data   RW         4484    .data               cjson.o
    0x20001328   COMPRESSED   0x00000004   Data   RW         5178    .data               mc_w.l(mvars.o)
    0x2000132c   COMPRESSED   0x00000004   Data   RW         5179    .data               mc_w.l(mvars.o)
    0x20001330   COMPRESSED   0x00000004   Data   RW         5183    .data               mc_w.l(errno.o)
    0x20001334        -       0x00000050   Zero   RW          235    .bss                fmc.o
    0x20001384        -       0x00000048   Zero   RW          283    .bss                tim.o
    0x200013cc        -       0x000000cc   Zero   RW          333    .bss                usart.o
    0x20001498        -       0x00000020   Zero   RW          871    .bss                stm32f4xx_hal_flash.o
    0x200014b8        -       0x000000c8   Zero   RW         3391    .bss                usartmy.o
    0x20001580        -       0x00000102   Zero   RW         3635    .bss                r.o
    0x20001682   COMPRESSED   0x00000002   PAD
    0x20001684        -       0x0000019c   Zero   RW         3703    .bss                as608.o
    0x20001820        -       0x0000000e   Zero   RW         4000    .bss                lcd.o
    0x2000182e   COMPRESSED   0x00000002   PAD
    0x20001830        -       0x00000200   Zero   RW            2    HEAP                startup_stm32f427xx.o
    0x20001a30        -       0x00000400   Zero   RW            1    STACK               startup_stm32f427xx.o


==============================================================================

Image component sizes


      Code (inc. data)   RO Data    RW Data    ZI Data      Debug   Object Name

      3424        964          0         18        412      17173   as608.o
       514         12          0          4          0       3018   as608hard.o
      1768        102          7         12          0      12986   cjson.o
        98          8          0          4          0       1863   delay.o
       232         28          0          8         80       2170   fmc.o
       240         14          0          0          0       1031   gpio.o
     13978        122       2660       4574         14      54201   lcd.o
       548        186          0          0          0     771056   main.o
       356        116          0          0        258       3937   r.o
       190         22          0         76          0       4708   scheduler.o
        36          8        428          0       1536        828   startup_stm32f427xx.o
       180         28          0         12          0       9505   stm32f4xx_hal.o
       222         14          0          0          0      34529   stm32f4xx_hal_cortex.o
       182          0          0          0          0       2075   stm32f4xx_hal_dma.o
       540         66          0          0         32       6534   stm32f4xx_hal_flash.o
       388         24          0          0          0       4342   stm32f4xx_hal_flash_ex.o
       590         54          0          0          0       2821   stm32f4xx_hal_gpio.o
        48          6          0          0          0        842   stm32f4xx_hal_msp.o
       112         14          0          0          0       1272   stm32f4xx_hal_pwr_ex.o
      1344         72          0          0          0       5192   stm32f4xx_hal_rcc.o
        86          0          0          0          0       1200   stm32f4xx_hal_sram.o
      1110         72          0          0          0      10061   stm32f4xx_hal_tim.o
       148         28          0          0          0       2425   stm32f4xx_hal_tim_ex.o
      1668         16          0          0          0      11252   stm32f4xx_hal_uart.o
       132         34          0          0          0       6569   stm32f4xx_it.o
       264         14          0          0          0       2736   stm32f4xx_ll_fmc.o
       328         52          0          0          0       3220   stmflash.o
        16          4         24          4          0       1103   system_stm32f4xx.o
       180         16          0          2         72       2208   tim.o
      2890        186         22         60          0      12109   touch.o
       368         30         88        120          0       1918   ui.o
       452         50          0          0        204       3116   usart.o
       132         24          0          3        200       2964   usartmy.o

    ----------------------------------------------------------------------
     32804       2386       3272       4904       2812    1000964   Object Totals
         0          0         32          0          0          0   (incl. Generated)
        40          0         11          7          4          0   (incl. Padding)

    ----------------------------------------------------------------------

      Code (inc. data)   RO Data    RW Data    ZI Data      Debug   Library Member Name

       164         44          0          0          0        620   dunder.o
        24          0          0          0          0        124   fabs.o
        48          0          0          0          0        124   fpclassify.o
       248          0          0          0          0        152   poly.o
      3152        296        136          0          0        352   pow.o
         0          0          8          0          0          0   qnan.o
       232          0          0          0          0        296   sqrt.o
        94          0          0          0          0          0   __dclz77c.o
         0          0          0          0          0          0   entry.o
         0          0          0          0          0          0   entry10a.o
         0          0          0          0          0          0   entry11a.o
         8          4          0          0          0          0   entry2.o
         4          0          0          0          0          0   entry5.o
         0          0          0          0          0          0   entry7b.o
         0          0          0          0          0          0   entry8b.o
         8          4          0          0          0          0   entry9a.o
        12          6          0          4          0         68   errno.o
        30          0          0          0          0          0   handlers.o
        36          8          0          0          0         68   init.o
         0          0          0          0          0          0   iusefp.o
        30          0          0          0          0         68   llshl.o
        36          0          0          0          0         68   llsshr.o
        32          0          0          0          0         68   llushr.o
       188         20          0          0          0        160   malloc.o
        36          0          0          0          0        108   memseta.o
         0          0          0          8          0          0   mvars.o
      2312         92          0          0          0        600   printfa.o
        14          0          0          0          0         68   strlen.o
        30          0          0          0          0         80   strncmp.o
        36          0          0          0          0         80   strstr.o
        12          0          0          0          0         68   tolower.o
        44          0          0          0          0         80   uidiv.o
        98          0          0          0          0         92   uldiv.o
        48          0          0          0          0         68   cdcmple.o
        48          0          0          0          0         68   cdrcmple.o
       334          0          0          0          0        148   dadd.o
       222          0          0          0          0        100   ddiv.o
       186          0          0          0          0        176   depilogue.o
        62          0          0          0          0         80   dfixi.o
        50          0          0          0          0         76   dfixui.o
        48          0          0          0          0         68   dfixul.o
        34          0          0          0          0         76   dflti.o
        26          0          0          0          0         76   dfltui.o
       228          0          0          0          0         96   dmul.o
        46          0          0          0          0         80   dscalb.o
       162          0          0          0          0        100   dsqrt.o
        38          0          0          0          0         68   f2d.o

    ----------------------------------------------------------------------
      8480        474        144         12          0       4624   Library Totals
        20          0          0          0          0          0   (incl. Padding)

    ----------------------------------------------------------------------

      Code (inc. data)   RO Data    RW Data    ZI Data      Debug   Library Name

      3868        340        144          0          0       1668   m_wm.l
      3060        134          0         12          0       1676   mc_w.l
      1532          0          0          0          0       1280   mf_w.l

    ----------------------------------------------------------------------
      8480        474        144         12          0       4624   Library Totals

    ----------------------------------------------------------------------

==============================================================================


      Code (inc. data)   RO Data    RW Data    ZI Data      Debug   

     41284       2860       3416       4916       2812     984960   Grand Totals
     41284       2860       3416       3484       2812     984960   ELF Image Totals (compressed)
     41284       2860       3416       3484          0          0   ROM Totals

==============================================================================

    Total RO  Size (Code + RO Data)                44700 (  43.65kB)
    Total RW  Size (RW Data + ZI Data)              7728 (   7.55kB)
    Total ROM Size (Code + RO Data + RW Data)      48184 (  47.05kB)

==============================================================================

