Archive member included to satisfy reference by file (symbol)

d:/progra~1/mingw/gcc-ar~1/bin/../lib/gcc/arm-none-eabi/10.3.1/thumb/v7e-m/nofp\libgcc.a(_arm_muldf3.o)
                              CMakeFiles/openDoor.elf.dir/SYSTEM/touch.c.obj (__aeabi_dmul)
d:/progra~1/mingw/gcc-ar~1/bin/../lib/gcc/arm-none-eabi/10.3.1/thumb/v7e-m/nofp\libgcc.a(_arm_mulsf3.o)
                              CMakeFiles/openDoor.elf.dir/SYSTEM/touch.c.obj (__aeabi_fmul)
d:/progra~1/mingw/gcc-ar~1/bin/../lib/gcc/arm-none-eabi/10.3.1/thumb/v7e-m/nofp\libgcc.a(_arm_addsubdf3.o)
                              CMakeFiles/openDoor.elf.dir/UTILS/cJSON.c.obj (__aeabi_dsub)
d:/progra~1/mingw/gcc-ar~1/bin/../lib/gcc/arm-none-eabi/10.3.1/thumb/v7e-m/nofp\libgcc.a(_arm_cmpdf2.o)
                              CMakeFiles/openDoor.elf.dir/UTILS/cJSON.c.obj (__aeabi_dcmpeq)
d:/progra~1/mingw/gcc-ar~1/bin/../lib/gcc/arm-none-eabi/10.3.1/thumb/v7e-m/nofp\libgcc.a(_arm_fixdfsi.o)
                              CMakeFiles/openDoor.elf.dir/USER/dataUtils.c.obj (__aeabi_d2iz)
d:/progra~1/mingw/gcc-ar~1/bin/../lib/gcc/arm-none-eabi/10.3.1/thumb/v7e-m/nofp\libgcc.a(_arm_fixunsdfsi.o)
                              CMakeFiles/openDoor.elf.dir/SYSTEM/touch.c.obj (__aeabi_d2uiz)
d:/progra~1/mingw/gcc-ar~1/bin/../lib/gcc/arm-none-eabi/10.3.1/thumb/v7e-m/nofp\libgcc.a(_arm_truncdfsf2.o)
                              CMakeFiles/openDoor.elf.dir/USER/dataUtils.c.obj (__aeabi_d2f)
d:/progra~1/mingw/gcc-ar~1/bin/../lib/gcc/arm-none-eabi/10.3.1/thumb/v7e-m/nofp\libgcc.a(_arm_addsubsf3.o)
                              CMakeFiles/openDoor.elf.dir/SYSTEM/touch.c.obj (__aeabi_fsub)
d:/progra~1/mingw/gcc-ar~1/bin/../lib/gcc/arm-none-eabi/10.3.1/thumb/v7e-m/nofp\libgcc.a(_arm_muldivsf3.o)
                              CMakeFiles/openDoor.elf.dir/SYSTEM/touch.c.obj (__aeabi_fdiv)
d:/progra~1/mingw/gcc-ar~1/bin/../lib/gcc/arm-none-eabi/10.3.1/thumb/v7e-m/nofp\libgcc.a(_arm_cmpsf2.o)
                              CMakeFiles/openDoor.elf.dir/USER/dataUtils.c.obj (__aeabi_fcmpeq)
d:/progra~1/mingw/gcc-ar~1/bin/../lib/gcc/arm-none-eabi/10.3.1/thumb/v7e-m/nofp\libgcc.a(_arm_fixsfsi.o)
                              CMakeFiles/openDoor.elf.dir/SYSTEM/touch.c.obj (__aeabi_f2iz)
d:/progra~1/mingw/gcc-ar~1/bin/../lib/gcc/arm-none-eabi/10.3.1/thumb/v7e-m/nofp\libgcc.a(_arm_fixunssfsi.o)
                              CMakeFiles/openDoor.elf.dir/SYSTEM/touch.c.obj (__aeabi_f2uiz)
d:/progra~1/mingw/gcc-ar~1/bin/../lib/gcc/arm-none-eabi/10.3.1/thumb/v7e-m/nofp\libgcc.a(_aeabi_uldivmod.o)
                              CMakeFiles/openDoor.elf.dir/Drivers/STM32F4xx_HAL_Driver/Src/stm32f4xx_hal_rcc.c.obj (__aeabi_uldivmod)
d:/progra~1/mingw/gcc-ar~1/bin/../lib/gcc/arm-none-eabi/10.3.1/thumb/v7e-m/nofp\libgcc.a(_udivmoddi4.o)
                              d:/progra~1/mingw/gcc-ar~1/bin/../lib/gcc/arm-none-eabi/10.3.1/thumb/v7e-m/nofp\libgcc.a(_aeabi_uldivmod.o) (__udivmoddi4)
d:/progra~1/mingw/gcc-ar~1/bin/../lib/gcc/arm-none-eabi/10.3.1/thumb/v7e-m/nofp\libgcc.a(_dvmd_tls.o)
                              d:/progra~1/mingw/gcc-ar~1/bin/../lib/gcc/arm-none-eabi/10.3.1/thumb/v7e-m/nofp\libgcc.a(_aeabi_uldivmod.o) (__aeabi_ldiv0)
d:/progra~1/mingw/gcc-ar~1/bin/../lib/gcc/arm-none-eabi/10.3.1/../../../../arm-none-eabi/lib/thumb/v7e-m/nofp\libg.a(lib_a-ctype_.o)
                              CMakeFiles/openDoor.elf.dir/UTILS/cJSON.c.obj (_ctype_)
d:/progra~1/mingw/gcc-ar~1/bin/../lib/gcc/arm-none-eabi/10.3.1/../../../../arm-none-eabi/lib/thumb/v7e-m/nofp\libg.a(lib_a-errno.o)
                              CMakeFiles/openDoor.elf.dir/Core/Src/syscalls.c.obj (__errno)
d:/progra~1/mingw/gcc-ar~1/bin/../lib/gcc/arm-none-eabi/10.3.1/../../../../arm-none-eabi/lib/thumb/v7e-m/nofp\libg.a(lib_a-exit.o)
                              d:/progra~1/mingw/gcc-ar~1/bin/../lib/gcc/arm-none-eabi/10.3.1/../../../../arm-none-eabi/lib/thumb/v7e-m/nofp/crt0.o (exit)
d:/progra~1/mingw/gcc-ar~1/bin/../lib/gcc/arm-none-eabi/10.3.1/../../../../arm-none-eabi/lib/thumb/v7e-m/nofp\libg.a(lib_a-impure.o)
                              d:/progra~1/mingw/gcc-ar~1/bin/../lib/gcc/arm-none-eabi/10.3.1/../../../../arm-none-eabi/lib/thumb/v7e-m/nofp\libg.a(lib_a-exit.o) (_global_impure_ptr)
d:/progra~1/mingw/gcc-ar~1/bin/../lib/gcc/arm-none-eabi/10.3.1/../../../../arm-none-eabi/lib/thumb/v7e-m/nofp\libg.a(lib_a-init.o)
                              d:/progra~1/mingw/gcc-ar~1/bin/../lib/gcc/arm-none-eabi/10.3.1/../../../../arm-none-eabi/lib/thumb/v7e-m/nofp/crt0.o (__libc_init_array)
d:/progra~1/mingw/gcc-ar~1/bin/../lib/gcc/arm-none-eabi/10.3.1/../../../../arm-none-eabi/lib/thumb/v7e-m/nofp\libg.a(lib_a-malloc.o)
                              CMakeFiles/openDoor.elf.dir/UTILS/cJSON.c.obj (malloc)
d:/progra~1/mingw/gcc-ar~1/bin/../lib/gcc/arm-none-eabi/10.3.1/../../../../arm-none-eabi/lib/thumb/v7e-m/nofp\libg.a(lib_a-mallocr.o)
[...]
Memory Configuration

Name             Origin             Length             Attributes
CCMRAM           0x10000000         0x00010000         xrw
RAM              0x20000000         0x00030000         xrw
FLASH            0x08000000         0x00100000         xr
*default*        0x00000000         0xffffffff

Linker script and memory map

LOAD d:/progra~1/mingw/gcc-ar~1/bin/../lib/gcc/arm-none-eabi/10.3.1/thumb/v7e-m/nofp/crti.o
LOAD d:/progra~1/mingw/gcc-ar~1/bin/../lib/gcc/arm-none-eabi/10.3.1/thumb/v7e-m/nofp/crtbegin.o
LOAD d:/progra~1/mingw/gcc-ar~1/bin/../lib/gcc/arm-none-eabi/10.3.1/../../../../arm-none-eabi/lib/thumb/v7e-m/nofp/crt0.o
LOAD CMakeFiles/openDoor.elf.dir/Core/Src/dma.c.obj
LOAD CMakeFiles/openDoor.elf.dir/Core/Src/fmc.c.obj
LOAD CMakeFiles/openDoor.elf.dir/Core/Src/gpio.c.obj
LOAD CMakeFiles/openDoor.elf.dir/Core/Src/main.c.obj
LOAD CMakeFiles/openDoor.elf.dir/Core/Src/stm32f4xx_hal_msp.c.obj
LOAD CMakeFiles/openDoor.elf.dir/Core/Src/stm32f4xx_it.c.obj
LOAD CMakeFiles/openDoor.elf.dir/Core/Src/syscalls.c.obj
LOAD CMakeFiles/openDoor.elf.dir/Core/Src/sysmem.c.obj
LOAD CMakeFiles/openDoor.elf.dir/Core/Src/system_stm32f4xx.c.obj
LOAD CMakeFiles/openDoor.elf.dir/Core/Src/tim.c.obj
LOAD CMakeFiles/openDoor.elf.dir/Core/Src/usart.c.obj
LOAD CMakeFiles/openDoor.elf.dir/Core/Startup/startup_stm32f427vgtx.s.obj
LOAD CMakeFiles/openDoor.elf.dir/Drivers/STM32F4xx_HAL_Driver/Src/stm32f4xx_hal.c.obj
LOAD CMakeFiles/openDoor.elf.dir/Drivers/STM32F4xx_HAL_Driver/Src/stm32f4xx_hal_cortex.c.obj
LOAD CMakeFiles/openDoor.elf.dir/Drivers/STM32F4xx_HAL_Driver/Src/stm32f4xx_hal_dma.c.obj
LOAD CMakeFiles/openDoor.elf.dir/Drivers/STM32F4xx_HAL_Driver/Src/stm32f4xx_hal_dma_ex.c.obj
LOAD CMakeFiles/openDoor.elf.dir/Drivers/STM32F4xx_HAL_Driver/Src/stm32f4xx_hal_exti.c.obj
LOAD CMakeFiles/openDoor.elf.dir/Drivers/STM32F4xx_HAL_Driver/Src/stm32f4xx_hal_flash.c.obj
LOAD CMakeFiles/openDoor.elf.dir/Drivers/STM32F4xx_HAL_Driver/Src/stm32f4xx_hal_flash_ex.c.obj
LOAD CMakeFiles/openDoor.elf.dir/Drivers/STM32F4xx_HAL_Driver/Src/stm32f4xx_hal_flash_ramfunc.c.obj
LOAD CMakeFiles/openDoor.elf.dir/Drivers/STM32F4xx_HAL_Driver/Src/stm32f4xx_hal_gpio.c.obj
LOAD CMakeFiles/openDoor.elf.dir/Drivers/STM32F4xx_HAL_Driver/Src/stm32f4xx_hal_pwr.c.obj
LOAD CMakeFiles/openDoor.elf.dir/Drivers/STM32F4xx_HAL_Driver/Src/stm32f4xx_hal_pwr_ex.c.obj
LOAD CMakeFiles/openDoor.elf.dir/Drivers/STM32F4xx_HAL_Driver/Src/stm32f4xx_hal_rcc.c.obj
LOAD CMakeFiles/openDoor.elf.dir/Drivers/STM32F4xx_HAL_Driver/Src/stm32f4xx_hal_rcc_ex.c.obj
LOAD CMakeFiles/openDoor.elf.dir/Drivers/STM32F4xx_HAL_Driver/Src/stm32f4xx_hal_sram.c.obj
LOAD CMakeFiles/openDoor.elf.dir/Drivers/STM32F4xx_HAL_Driver/Src/stm32f4xx_hal_tim.c.obj
LOAD CMakeFiles/openDoor.elf.dir/Drivers/STM32F4xx_HAL_Driver/Src/stm32f4xx_hal_tim_ex.c.obj
LOAD CMakeFiles/openDoor.elf.dir/Drivers/STM32F4xx_HAL_Driver/Src/stm32f4xx_hal_uart.c.obj
LOAD CMakeFiles/openDoor.elf.dir/Drivers/STM32F4xx_HAL_Driver/Src/stm32f4xx_ll_fmc.c.obj
LOAD CMakeFiles/openDoor.elf.dir/SYSTEM/delay.c.obj
LOAD CMakeFiles/openDoor.elf.dir/SYSTEM/lcd.c.obj
LOAD CMakeFiles/openDoor.elf.dir/SYSTEM/stmflash.c.obj
LOAD CMakeFiles/openDoor.elf.dir/SYSTEM/sys.c.obj
LOAD CMakeFiles/openDoor.elf.dir/SYSTEM/touch.c.obj
LOAD CMakeFiles/openDoor.elf.dir/USER/AS608HARD.c.obj
LOAD CMakeFiles/openDoor.elf.dir/USER/ESP8266.c.obj
LOAD CMakeFiles/openDoor.elf.dir/USER/R.c.obj
LOAD CMakeFiles/openDoor.elf.dir/USER/Scheduler.c.obj
LOAD CMakeFiles/openDoor.elf.dir/USER/Screen.c.obj
LOAD CMakeFiles/openDoor.elf.dir/USER/as608.c.obj
LOAD CMakeFiles/openDoor.elf.dir/USER/dataUtils.c.obj
LOAD CMakeFiles/openDoor.elf.dir/USER/funHandle.c.obj
LOAD CMakeFiles/openDoor.elf.dir/USER/ui.c.obj
LOAD CMakeFiles/openDoor.elf.dir/USER/usartMy.c.obj
LOAD CMakeFiles/openDoor.elf.dir/UTILS/cJSON.c.obj
START GROUP
LOAD d:/progra~1/mingw/gcc-ar~1/bin/../lib/gcc/arm-none-eabi/10.3.1/thumb/v7e-m/nofp\libgcc.a
LOAD d:/progra~1/mingw/gcc-ar~1/bin/../lib/gcc/arm-none-eabi/10.3.1/../../../../arm-none-eabi/lib/thumb/v7e-m/nofp\libg.a
LOAD d:/progra~1/mingw/gcc-ar~1/bin/../lib/gcc/arm-none-eabi/10.3.1/../../../../arm-none-eabi/lib/thumb/v7e-m/nofp\libc.a
END GROUP
LOAD d:/progra~1/mingw/gcc-ar~1/bin/../lib/gcc/arm-none-eabi/10.3.1/thumb/v7e-m/nofp/crtend.o
LOAD d:/progra~1/mingw/gcc-ar~1/bin/../lib/gcc/arm-none-eabi/10.3.1/thumb/v7e-m/nofp/crtn.o
                0x20030000                _estack = (ORIGIN (RAM) + LENGTH (RAM))
                0x00000200                _Min_Heap_Size = 0x200
                0x00000400                _Min_Stack_Size = 0x400

.isr_vector     0x08000000      0x1ac
                0x08000000                . = ALIGN (0x4)
 *(.isr_vector)
 .isr_vector    0x08000000      0x1ac CMakeFiles/openDoor.elf.dir/Core/Startup/startup_stm32f427vgtx.s.obj
                0x08000000                g_pfnVectors
                0x080001ac                . = ALIGN (0x4)

.text           0x080001c0    0x131bc
                0x080001c0                . = ALIGN (0x4)
 *(.text)
 .text          0x080001c0       0x40 d:/progra~1/mingw/gcc-ar~1/bin/../lib/gcc/arm-none-eabi/10.3.1/thumb/v7e-m/nofp/crtbegin.o
 .text          0x08000200      0x378 d:/progra~1/mingw/gcc-ar~1/bin/../lib/gcc/arm-none-eabi/10.3.1/thumb/v7e-m/nofp\libgcc.a(_arm_addsubdf3.o)
                0x08000200                __aeabi_drsub
                0x08000208                __aeabi_dsub
                0x08000208                __subdf3
                0x0800020c                __aeabi_dadd
                0x0800020c                __adddf3
                0x08000484                __floatunsidf
                0x08000484                __aeabi_ui2d
                0x080004a4                __floatsidf
                0x080004a4                __aeabi_i2d
                0x080004c8                __aeabi_f2d
                0x080004c8                __extendsfdf2
                0x0800050c                __floatundidf
                0x0800050c                __aeabi_ul2d
                0x0800051c                __floatdidf
                0x0800051c                __aeabi_l2d
 .text          0x08000578      0x110 d:/progra~1/mingw/gcc-ar~1/bin/../lib/gcc/arm-none-eabi/10.3.1/thumb/v7e-m/nofp\libgcc.a(_arm_cmpdf2.o)
                0x08000578                __gtdf2
                0x08000578                __gedf2
                0x08000580                __ltdf2
                0x08000580                __ledf2
                0x08000588                __nedf2
                0x08000588                __eqdf2
                0x08000588                __cmpdf2
                0x08000604                __aeabi_cdrcmple
                0x08000614                __aeabi_cdcmpeq
                0x08000614                __aeabi_cdcmple
                0x08000624                __aeabi_dcmpeq
                0x08000638                __aeabi_dcmplt
                0x0800064c                __aeabi_dcmple
                0x08000660                __aeabi_dcmpge
                0x08000674                __aeabi_dcmpgt
 .text          0x08000688       0x50 d:/progra~1/mingw/gcc-ar~1/bin/../lib/gcc/arm-none-eabi/10.3.1/thumb/v7e-m/nofp\libgcc.a(_arm_fixdfsi.o)
                0x08000688                __aeabi_d2iz
                0x08000688                __fixdfsi
 .text          0x080006d8       0x40 d:/progra~1/mingw/gcc-ar~1/bin/../lib/gcc/arm-none-eabi/10.3.1/thumb/v7e-m/nofp\libgcc.a(_arm_fixunsdfsi.o)
                0x080006d8                __aeabi_d2uiz
                0x080006d8                __fixunsdfsi
 .text          0x08000718      0x21c d:/progra~1/mingw/gcc-ar~1/bin/../lib/gcc/arm-none-eabi/10.3.1/thumb/v7e-m/nofp\libgcc.a(_arm_addsubsf3.o)
                0x08000718                __aeabi_frsub
                0x08000720                __subsf3
                0x08000720                __aeabi_fsub
                0x08000724                __aeabi_fadd
                0x08000724                __addsf3
                0x08000884                __aeabi_ui2f
                0x08000884                __floatunsisf
                0x0800088c                __aeabi_i2f
                0x0800088c                __floatsisf
                0x080008a8                __aeabi_ul2f
                0x080008a8                __floatundisf
                0x080008b8                __aeabi_l2f
                0x080008b8                __floatdisf
 .text          0x08000934      0x2a0 d:/progra~1/mingw/gcc-ar~1/bin/../lib/gcc/arm-none-eabi/10.3.1/thumb/v7e-m/nofp\libgcc.a(_arm_muldivsf3.o)
                0x08000934                __mulsf3
                0x08000934                __aeabi_fmul
                0x08000a9c                __aeabi_fdiv
                0x08000a9c                __divsf3
 .text          0x08000bd4       0x4c d:/progra~1/mingw/gcc-ar~1/bin/../lib/gcc/arm-none-eabi/10.3.1/thumb/v7e-m/nofp\libgcc.a(_arm_fixsfsi.o)
                0x08000bd4                __aeabi_f2iz
                0x08000bd4                __fixsfsi
 .text          0x08000c20       0x40 d:/progra~1/mingw/gcc-ar~1/bin/../lib/gcc/arm-none-eabi/10.3.1/thumb/v7e-m/nofp\libgcc.a(_arm_fixunssfsi.o)
                0x08000c20                __fixunssfsi
                0x08000c20                __aeabi_f2uiz
 .text          0x08000c60       0x30 d:/progra~1/mingw/gcc-ar~1/bin/../lib/gcc/arm-none-eabi/10.3.1/thumb/v7e-m/nofp\libgcc.a(_aeabi_uldivmod.o)
                0x08000c60                __aeabi_uldivmod
 .text          0x08000c90      0x2d0 d:/progra~1/mingw/gcc-ar~1/bin/../lib/gcc/arm-none-eabi/10.3.1/thumb/v7e-m/nofp\libgcc.a(_udivmoddi4.o)
                0x08000c90                __udivmoddi4
 .text          0x08000f60        0x4 d:/progra~1/mingw/gcc-ar~1/bin/../lib/gcc/arm-none-eabi/10.3.1/thumb/v7e-m/nofp\libgcc.a(_dvmd_tls.o)
                0x08000f60                __aeabi_idiv0
                0x08000f60                __aeabi_ldiv0
 .text          0x08000f64      0x134 d:/progra~1/mingw/gcc-ar~1/bin/../lib/gcc/arm-none-eabi/10.3.1/../../../../arm-none-eabi/lib/thumb/v7e-m/nofp\libg.a(lib_a-memcpy.o)
                0x08000f64                memcpy
 *fill*         0x08001098        0x8 
 .text          0x080010a0      0x2dc d:/progra~1/mingw/gcc-ar~1/bin/../lib/gcc/arm-none-eabi/10.3.1/../../../../arm-none-eabi/lib/thumb/v7e-m/nofp\libg.a(lib_a-strcmp.o)
                0x080010a8                strcmp
 *fill*         0x0800137c        0x4 
 .text          0x08001380       0xdc d:/progra~1/mingw/gcc-ar~1/bin/../lib/gcc/arm-none-eabi/10.3.1/../../../../arm-none-eabi/lib/thumb/v7e-m/nofp\libg.a(lib_a-strlen.o)
                0x08001380                strlen
 *fill*         0x0800145c        0x4 
 .text          0x08001460       0xa0 d:/progra~1/mingw/gcc-ar~1/bin/../lib/gcc/arm-none-eabi/10.3.1/../../../../arm-none-eabi/lib/thumb/v7e-m/nofp\libg.a(lib_a-memchr.o)
                0x08001460                memchr
 .text          0x08001500      0x424 d:/progra~1/mingw/gcc-ar~1/bin/../lib/gcc/arm-none-eabi/10.3.1/thumb/v7e-m/nofp\libgcc.a(_arm_muldivdf3.o)
                0x08001500                __aeabi_dmul
                0x08001500                __muldf3
                0x08001754                __divdf3
                0x08001754                __aeabi_ddiv
 .text          0x08001924       0x2c d:/progra~1/mingw/gcc-ar~1/bin/../lib/gcc/arm-none-eabi/10.3.1/thumb/v7e-m/nofp\libgcc.a(_arm_unorddf2.o)
                0x08001924                __unorddf2
                0x08001924                __aeabi_dcmpun
 *(.text*)
 .text.MX_DMA_Init
                0x08001950       0x44 CMakeFiles/openDoor.elf.dir/Core/Src/dma.c.obj
                0x08001950                MX_DMA_Init
 .text.HAL_FMC_MspInit
                0x08001994       0x7c CMakeFiles/openDoor.elf.dir/Core/Src/fmc.c.obj
 .text.MX_FMC_Init
                0x08001a10       0x70 CMakeFiles/openDoor.elf.dir/Core/Src/fmc.c.obj
                0x08001a10                MX_FMC_Init
 .text.HAL_SRAM_MspInit
                0x08001a80        0x8 CMakeFiles/openDoor.elf.dir/Core/Src/fmc.c.obj
                0x08001a80                HAL_SRAM_MspInit
 .text.MX_GPIO_Init
                0x08001a88      0x104 CMakeFiles/openDoor.elf.dir/Core/Src/gpio.c.obj
                0x08001a88                MX_GPIO_Init
 .text.Error_Handler
                0x08001b8c        0x4 CMakeFiles/openDoor.elf.dir/Core/Src/main.c.obj
                0x08001b8c                Error_Handler
 .text.SystemClock_Config
                0x08001b90       0xb0 CMakeFiles/openDoor.elf.dir/Core/Src/main.c.obj
                0x08001b90                SystemClock_Config
 .text.main     0x08001c40      0x114 CMakeFiles/openDoor.elf.dir/Core/Src/main.c.obj
                0x08001c40                main
 .text.HAL_MspInit
                0x08001d54       0x38 CMakeFiles/openDoor.elf.dir/Core/Src/stm32f4xx_hal_msp.c.obj
                0x08001d54                HAL_MspInit
 .text.NMI_Handler
                0x08001d8c        0x2 CMakeFiles/openDoor.elf.dir/Core/Src/stm32f4xx_it.c.obj
                0x08001d8c                NMI_Handler
 .text.HardFault_Handler
                0x08001d8e        0x2 CMakeFiles/openDoor.elf.dir/Core/Src/stm32f4xx_it.c.obj
                0x08001d8e                HardFault_Handler
 .text.MemManage_Handler
                0x08001d90        0x2 CMakeFiles/openDoor.elf.dir/Core/Src/stm32f4xx_it.c.obj
                0x08001d90                MemManage_Handler
 .text.BusFault_Handler
                0x08001d92        0x2 CMakeFiles/openDoor.elf.dir/Core/Src/stm32f4xx_it.c.obj
                0x08001d92                BusFault_Handler
 .text.UsageFault_Handler
                0x08001d94        0x2 CMakeFiles/openDoor.elf.dir/Core/Src/stm32f4xx_it.c.obj
                0x08001d94                UsageFault_Handler
 .text.SVC_Handler
                0x08001d96        0x2 CMakeFiles/openDoor.elf.dir/Core/Src/stm32f4xx_it.c.obj
                0x08001d96                SVC_Handler
 .text.DebugMon_Handler
                0x08001d98        0x2 CMakeFiles/openDoor.elf.dir/Core/Src/stm32f4xx_it.c.obj
                0x08001d98                DebugMon_Handler
 .text.PendSV_Handler
                0x08001d9a        0x2 CMakeFiles/openDoor.elf.dir/Core/Src/stm32f4xx_it.c.obj
                0x08001d9a                PendSV_Handler
 .text.SysTick_Handler
                0x08001d9c       0x14 CMakeFiles/openDoor.elf.dir/Core/Src/stm32f4xx_it.c.obj
                0x08001d9c                SysTick_Handler
 .text.DMA1_Stream5_IRQHandler
                0x08001db0       0x10 CMakeFiles/openDoor.elf.dir/Core/Src/stm32f4xx_it.c.obj
                0x08001db0                DMA1_Stream5_IRQHandler
 .text.DMA1_Stream6_IRQHandler
                0x08001dc0       0x10 CMakeFiles/openDoor.elf.dir/Core/Src/stm32f4xx_it.c.obj
                0x08001dc0                DMA1_Stream6_IRQHandler
 .text.TIM2_IRQHandler
                0x08001dd0       0x10 CMakeFiles/openDoor.elf.dir/Core/Src/stm32f4xx_it.c.obj
                0x08001dd0                TIM2_IRQHandler
 .text.USART1_IRQHandler
                0x08001de0       0x10 CMakeFiles/openDoor.elf.dir/Core/Src/stm32f4xx_it.c.obj
                0x08001de0                USART1_IRQHandler
 .text.USART2_IRQHandler
                0x08001df0       0x10 CMakeFiles/openDoor.elf.dir/Core/Src/stm32f4xx_it.c.obj
                0x08001df0                USART2_IRQHandler
 .text.USART3_IRQHandler
                0x08001e00       0x4c CMakeFiles/openDoor.elf.dir/Core/Src/stm32f4xx_it.c.obj
                0x08001e00                USART3_IRQHandler
 .text._getpid  0x08001e4c        0x4 CMakeFiles/openDoor.elf.dir/Core/Src/syscalls.c.obj
                0x08001e4c                _getpid
 .text._kill    0x08001e50       0x10 CMakeFiles/openDoor.elf.dir/Core/Src/syscalls.c.obj
                0x08001e50                _kill
 .text._exit    0x08001e60        0xc CMakeFiles/openDoor.elf.dir/Core/Src/syscalls.c.obj
                0x08001e60                _exit
 .text._read    0x08001e6c       0x20 CMakeFiles/openDoor.elf.dir/Core/Src/syscalls.c.obj
                0x08001e6c                _read
 .text._write   0x08001e8c       0x1c CMakeFiles/openDoor.elf.dir/Core/Src/syscalls.c.obj
                0x08001e8c                _write
 .text._close   0x08001ea8        0x6 CMakeFiles/openDoor.elf.dir/Core/Src/syscalls.c.obj
                0x08001ea8                _close
 .text._fstat   0x08001eae        0xa CMakeFiles/openDoor.elf.dir/Core/Src/syscalls.c.obj
                0x08001eae                _fstat
 .text._isatty  0x08001eb8        0x4 CMakeFiles/openDoor.elf.dir/Core/Src/syscalls.c.obj
                0x08001eb8                _isatty
 .text._lseek   0x08001ebc        0x4 CMakeFiles/openDoor.elf.dir/Core/Src/syscalls.c.obj
                0x08001ebc                _lseek
 .text._sbrk    0x08001ec0       0x48 CMakeFiles/openDoor.elf.dir/Core/Src/sysmem.c.obj
                0x08001ec0                _sbrk
 .text.SystemInit
                0x08001f08        0x2 CMakeFiles/openDoor.elf.dir/Core/Src/system_stm32f4xx.c.obj
                0x08001f08                SystemInit
 *fill*         0x08001f0a        0x2 
 .text.MX_TIM2_Init
                0x08001f0c       0x6c CMakeFiles/openDoor.elf.dir/Core/Src/tim.c.obj
                0x08001f0c                MX_TIM2_Init
 .text.HAL_TIM_Base_MspInit
                0x08001f78       0x3c CMakeFiles/openDoor.elf.dir/Core/Src/tim.c.obj
                0x08001f78                HAL_TIM_Base_MspInit
 .text.HAL_TIM_PeriodElapsedCallback
                0x08001fb4       0x40 CMakeFiles/openDoor.elf.dir/Core/Src/tim.c.obj
                0x08001fb4                HAL_TIM_PeriodElapsedCallback
 .text.MX_USART1_UART_Init
                0x08001ff4       0x34 CMakeFiles/openDoor.elf.dir/Core/Src/usart.c.obj
                0x08001ff4                MX_USART1_UART_Init
 .text.MX_USART2_UART_Init
                0x08002028       0x34 CMakeFiles/openDoor.elf.dir/Core/Src/usart.c.obj
                0x08002028                MX_USART2_UART_Init
 .text.MX_USART3_UART_Init
                0x0800205c       0x34 CMakeFiles/openDoor.elf.dir/Core/Src/usart.c.obj
                0x0800205c                MX_USART3_UART_Init
 .text.HAL_UART_MspInit
                0x08002090      0x1c4 CMakeFiles/openDoor.elf.dir/Core/Src/usart.c.obj
                0x08002090                HAL_UART_MspInit
 .text.Reset_Handler
                0x08002254       0x50 CMakeFiles/openDoor.elf.dir/Core/Startup/startup_stm32f427vgtx.s.obj
                0x08002254                Reset_Handler
 .text.Default_Handler
                0x080022a4        0x2 CMakeFiles/openDoor.elf.dir/Core/Startup/startup_stm32f427vgtx.s.obj
                0x080022a4                RTC_Alarm_IRQHandler
                0x080022a4                HASH_RNG_IRQHandler
                0x080022a4                EXTI2_IRQHandler
                0x080022a4                TIM8_CC_IRQHandler
                0x080022a4                UART8_IRQHandler
                0x080022a4                SPI4_IRQHandler
                0x080022a4                TIM1_CC_IRQHandler
                0x080022a4                DMA2_Stream5_IRQHandler
                0x080022a4                PVD_IRQHandler
                0x080022a4                SDIO_IRQHandler
                0x080022a4                TAMP_STAMP_IRQHandler
                0x080022a4                CAN2_RX1_IRQHandler
                0x080022a4                EXTI3_IRQHandler
                0x080022a4                TIM8_TRG_COM_TIM14_IRQHandler
                0x080022a4                TIM1_UP_TIM10_IRQHandler
                0x080022a4                TIM8_UP_TIM13_IRQHandler
                0x080022a4                I2C3_ER_IRQHandler
                0x080022a4                EXTI0_IRQHandler
                0x080022a4                I2C2_EV_IRQHandler
                0x080022a4                DMA1_Stream2_IRQHandler
                0x080022a4                CAN1_RX0_IRQHandler
                0x080022a4                FPU_IRQHandler
                0x080022a4                OTG_HS_WKUP_IRQHandler
                0x080022a4                CAN2_SCE_IRQHandler
                0x080022a4                DMA2_Stream2_IRQHandler
                0x080022a4                SPI1_IRQHandler
                0x080022a4                TIM6_DAC_IRQHandler
                0x080022a4                TIM1_BRK_TIM9_IRQHandler
                0x080022a4                DCMI_IRQHandler
                0x080022a4                CAN2_RX0_IRQHandler
                0x080022a4                DMA2_Stream3_IRQHandler
                0x080022a4                USART6_IRQHandler
                0x080022a4                CAN1_RX1_IRQHandler
                0x080022a4                UART5_IRQHandler
                0x080022a4                DMA2_Stream0_IRQHandler
                0x080022a4                TIM4_IRQHandler
                0x080022a4                I2C1_EV_IRQHandler
                0x080022a4                DMA1_Stream1_IRQHandler
                0x080022a4                UART4_IRQHandler
                0x080022a4                TIM3_IRQHandler
                0x080022a4                RCC_IRQHandler
                0x080022a4                TIM8_BRK_TIM12_IRQHandler
                0x080022a4                Default_Handler
                0x080022a4                EXTI15_10_IRQHandler
                0x080022a4                ADC_IRQHandler
                0x080022a4                DMA1_Stream7_IRQHandler
                0x080022a4                SPI5_IRQHandler
                0x080022a4                TIM7_IRQHandler
                0x080022a4                CAN2_TX_IRQHandler
                0x080022a4                TIM5_IRQHandler
                0x080022a4                DMA2_Stream7_IRQHandler
                0x080022a4                I2C3_EV_IRQHandler
                0x080022a4                EXTI9_5_IRQHandler
                0x080022a4                RTC_WKUP_IRQHandler
                0x080022a4                ETH_WKUP_IRQHandler
                0x080022a4                SPI2_IRQHandler
                0x080022a4                OTG_HS_EP1_IN_IRQHandler
                0x080022a4                DMA1_Stream0_IRQHandler
                0x080022a4                CAN1_TX_IRQHandler
                0x080022a4                EXTI4_IRQHandler
                0x080022a4                ETH_IRQHandler
                0x080022a4                OTG_HS_EP1_OUT_IRQHandler
                0x080022a4                WWDG_IRQHandler
                0x080022a4                SPI6_IRQHandler
                0x080022a4                OTG_FS_WKUP_IRQHandler
                0x080022a4                TIM1_TRG_COM_TIM11_IRQHandler
                0x080022a4                OTG_HS_IRQHandler
                0x080022a4                DMA2D_IRQHandler
                0x080022a4                EXTI1_IRQHandler
                0x080022a4                UART7_IRQHandler
                0x080022a4                I2C2_ER_IRQHandler
                0x080022a4                DMA2_Stream1_IRQHandler
                0x080022a4                CAN1_SCE_IRQHandler
                0x080022a4                FLASH_IRQHandler
                0x080022a4                DMA2_Stream4_IRQHandler
                0x080022a4                OTG_FS_IRQHandler
                0x080022a4                SPI3_IRQHandler
                0x080022a4                DMA1_Stream4_IRQHandler
                0x080022a4                I2C1_ER_IRQHandler
                0x080022a4                FMC_IRQHandler
                0x080022a4                DMA2_Stream6_IRQHandler
                0x080022a4                SAI1_IRQHandler
                0x080022a4                DMA1_Stream3_IRQHandler
 *fill*         0x080022a6        0x2 
 .text.HAL_InitTick
                0x080022a8       0x4c CMakeFiles/openDoor.elf.dir/Drivers/STM32F4xx_HAL_Driver/Src/stm32f4xx_hal.c.obj
                0x080022a8                HAL_InitTick
 .text.HAL_Init
                0x080022f4       0x34 CMakeFiles/openDoor.elf.dir/Drivers/STM32F4xx_HAL_Driver/Src/stm32f4xx_hal.c.obj
                0x080022f4                HAL_Init
 .text.HAL_IncTick
                0x08002328       0x18 CMakeFiles/openDoor.elf.dir/Drivers/STM32F4xx_HAL_Driver/Src/stm32f4xx_hal.c.obj
                0x08002328                HAL_IncTick
 .text.HAL_GetTick
                0x08002340        0xc CMakeFiles/openDoor.elf.dir/Drivers/STM32F4xx_HAL_Driver/Src/stm32f4xx_hal.c.obj
                0x08002340                HAL_GetTick
 .text.HAL_Delay
                0x0800234c       0x28 CMakeFiles/openDoor.elf.dir/Drivers/STM32F4xx_HAL_Driver/Src/stm32f4xx_hal.c.obj
                0x0800234c                HAL_Delay
 .text.HAL_NVIC_SetPriorityGrouping
                0x08002374       0x24 CMakeFiles/openDoor.elf.dir/Drivers/STM32F4xx_HAL_Driver/Src/stm32f4xx_hal_cortex.c.obj
                0x08002374                HAL_NVIC_SetPriorityGrouping
 .text.HAL_NVIC_SetPriority
                0x08002398       0x70 CMakeFiles/openDoor.elf.dir/Drivers/STM32F4xx_HAL_Driver/Src/stm32f4xx_hal_cortex.c.obj
                0x08002398                HAL_NVIC_SetPriority
 .text.HAL_NVIC_EnableIRQ
                0x08002408       0x1c CMakeFiles/openDoor.elf.dir/Drivers/STM32F4xx_HAL_Driver/Src/stm32f4xx_hal_cortex.c.obj
                0x08002408                HAL_NVIC_EnableIRQ
 .text.HAL_SYSTICK_Config
                0x08002424       0x28 CMakeFiles/openDoor.elf.dir/Drivers/STM32F4xx_HAL_Driver/Src/stm32f4xx_hal_cortex.c.obj
                0x08002424                HAL_SYSTICK_Config
 .text.HAL_SYSTICK_CLKSourceConfig
                0x0800244c       0x20 CMakeFiles/openDoor.elf.dir/Drivers/STM32F4xx_HAL_Driver/Src/stm32f4xx_hal_cortex.c.obj
                0x0800244c                HAL_SYSTICK_CLKSourceConfig
 .text.DMA_SetConfig
                0x0800246c       0x2c CMakeFiles/openDoor.elf.dir/Drivers/STM32F4xx_HAL_Driver/Src/stm32f4xx_hal_dma.c.obj
 .text.DMA_CalcBaseAndBitshift
                0x08002498       0x40 CMakeFiles/openDoor.elf.dir/Drivers/STM32F4xx_HAL_Driver/Src/stm32f4xx_hal_dma.c.obj
 .text.DMA_CheckFifoParam
                0x080024d8       0x8e CMakeFiles/openDoor.elf.dir/Drivers/STM32F4xx_HAL_Driver/Src/stm32f4xx_hal_dma.c.obj
 *fill*         0x08002566        0x2 
 .text.HAL_DMA_Init
                0x08002568       0xcc CMakeFiles/openDoor.elf.dir/Drivers/STM32F4xx_HAL_Driver/Src/stm32f4xx_hal_dma.c.obj
                0x08002568                HAL_DMA_Init
 .text.HAL_DMA_Start_IT
                0x08002634       0x6a CMakeFiles/openDoor.elf.dir/Drivers/STM32F4xx_HAL_Driver/Src/stm32f4xx_hal_dma.c.obj
                0x08002634                HAL_DMA_Start_IT
 .text.HAL_DMA_Abort
                0x0800269e       0x94 CMakeFiles/openDoor.elf.dir/Drivers/STM32F4xx_HAL_Driver/Src/stm32f4xx_hal_dma.c.obj
                0x0800269e                HAL_DMA_Abort
 .text.HAL_DMA_Abort_IT
                0x08002732       0x26 CMakeFiles/openDoor.elf.dir/Drivers/STM32F4xx_HAL_Driver/Src/stm32f4xx_hal_dma.c.obj
                0x08002732                HAL_DMA_Abort_IT
 .text.HAL_DMA_IRQHandler
                0x08002758      0x1dc CMakeFiles/openDoor.elf.dir/Drivers/STM32F4xx_HAL_Driver/Src/stm32f4xx_hal_dma.c.obj
                0x08002758                HAL_DMA_IRQHandler
 .text.FLASH_Program_DoubleWord
                0x08002934       0x2c CMakeFiles/openDoor.elf.dir/Drivers/STM32F4xx_HAL_Driver/Src/stm32f4xx_hal_flash.c.obj
 .text.FLASH_Program_Word
                0x08002960       0x24 CMakeFiles/openDoor.elf.dir/Drivers/STM32F4xx_HAL_Driver/Src/stm32f4xx_hal_flash.c.obj
 .text.FLASH_Program_HalfWord
                0x08002984       0x24 CMakeFiles/openDoor.elf.dir/Drivers/STM32F4xx_HAL_Driver/Src/stm32f4xx_hal_flash.c.obj
 .text.FLASH_Program_Byte
                0x080029a8       0x20 CMakeFiles/openDoor.elf.dir/Drivers/STM32F4xx_HAL_Driver/Src/stm32f4xx_hal_flash.c.obj
 .text.FLASH_SetErrorCode
                0x080029c8       0xa8 CMakeFiles/openDoor.elf.dir/Drivers/STM32F4xx_HAL_Driver/Src/stm32f4xx_hal_flash.c.obj
 .text.HAL_FLASH_Unlock
                0x08002a70       0x30 CMakeFiles/openDoor.elf.dir/Drivers/STM32F4xx_HAL_Driver/Src/stm32f4xx_hal_flash.c.obj
                0x08002a70                HAL_FLASH_Unlock
 .text.HAL_FLASH_Lock
                0x08002aa0       0x14 CMakeFiles/openDoor.elf.dir/Drivers/STM32F4xx_HAL_Driver/Src/stm32f4xx_hal_flash.c.obj
                0x08002aa0                HAL_FLASH_Lock
 .text.FLASH_WaitForLastOperation
                0x08002ab4       0x60 CMakeFiles/openDoor.elf.dir/Drivers/STM32F4xx_HAL_Driver/Src/stm32f4xx_hal_flash.c.obj
                0x08002ab4                FLASH_WaitForLastOperation
 .text.HAL_FLASH_Program
                0x08002b14       0x7c CMakeFiles/openDoor.elf.dir/Drivers/STM32F4xx_HAL_Driver/Src/stm32f4xx_hal_flash.c.obj
                0x08002b14                HAL_FLASH_Program
 .text.FLASH_MassErase
                0x08002b90       0x4c CMakeFiles/openDoor.elf.dir/Drivers/STM32F4xx_HAL_Driver/Src/stm32f4xx_hal_flash_ex.c.obj
 .text.FLASH_Erase_Sector
                0x08002bdc       0x5c CMakeFiles/openDoor.elf.dir/Drivers/STM32F4xx_HAL_Driver/Src/stm32f4xx_hal_flash_ex.c.obj
                0x08002bdc                FLASH_Erase_Sector
 .text.FLASH_FlushCaches
                0x08002c38       0x60 CMakeFiles/openDoor.elf.dir/Drivers/STM32F4xx_HAL_Driver/Src/stm32f4xx_hal_flash_ex.c.obj
                0x08002c38                FLASH_FlushCaches
 .text.HAL_FLASHEx_Erase
                0x08002c98       0x98 CMakeFiles/openDoor.elf.dir/Drivers/STM32F4xx_HAL_Driver/Src/stm32f4xx_hal_flash_ex.c.obj
                0x08002c98                HAL_FLASHEx_Erase
 .text.HAL_GPIO_Init
                0x08002d30      0x1fc CMakeFiles/openDoor.elf.dir/Drivers/STM32F4xx_HAL_Driver/Src/stm32f4xx_hal_gpio.c.obj
                0x08002d30                HAL_GPIO_Init
 .text.HAL_GPIO_WritePin
                0x08002f2c        0xc CMakeFiles/openDoor.elf.dir/Drivers/STM32F4xx_HAL_Driver/Src/stm32f4xx_hal_gpio.c.obj
                0x08002f2c                HAL_GPIO_WritePin
 .text.HAL_GPIO_TogglePin
                0x08002f38       0x12 CMakeFiles/openDoor.elf.dir/Drivers/STM32F4xx_HAL_Driver/Src/stm32f4xx_hal_gpio.c.obj
                0x08002f38                HAL_GPIO_TogglePin
 *fill*         0x08002f4a        0x2 
 .text.HAL_PWREx_EnableOverDrive
                0x08002f4c       0x7c CMakeFiles/openDoor.elf.dir/Drivers/STM32F4xx_HAL_Driver/Src/stm32f4xx_hal_pwr_ex.c.obj
                0x08002f4c                HAL_PWREx_EnableOverDrive
 .text.HAL_RCC_OscConfig
                0x08002fc8      0x3f8 CMakeFiles/openDoor.elf.dir/Drivers/STM32F4xx_HAL_Driver/Src/stm32f4xx_hal_rcc.c.obj
                0x08002fc8                HAL_RCC_OscConfig
 .text.HAL_RCC_GetSysClockFreq
                0x080033c0       0xd4 CMakeFiles/openDoor.elf.dir/Drivers/STM32F4xx_HAL_Driver/Src/stm32f4xx_hal_rcc.c.obj
                0x080033c0                HAL_RCC_GetSysClockFreq
 .text.HAL_RCC_ClockConfig
                0x08003494      0x160 CMakeFiles/openDoor.elf.dir/Drivers/STM32F4xx_HAL_Driver/Src/stm32f4xx_hal_rcc.c.obj
                0x08003494                HAL_RCC_ClockConfig
 .text.HAL_RCC_GetHCLKFreq
                0x080035f4        0xc CMakeFiles/openDoor.elf.dir/Drivers/STM32F4xx_HAL_Driver/Src/stm32f4xx_hal_rcc.c.obj
                0x080035f4                HAL_RCC_GetHCLKFreq
 .text.HAL_RCC_GetPCLK1Freq
                0x08003600       0x20 CMakeFiles/openDoor.elf.dir/Drivers/STM32F4xx_HAL_Driver/Src/stm32f4xx_hal_rcc.c.obj
                0x08003600                HAL_RCC_GetPCLK1Freq
 .text.HAL_RCC_GetPCLK2Freq
                0x08003620       0x20 CMakeFiles/openDoor.elf.dir/Drivers/STM32F4xx_HAL_Driver/Src/stm32f4xx_hal_rcc.c.obj
                0x08003620                HAL_RCC_GetPCLK2Freq
 .text.HAL_SRAM_Init
                0x08003640       0x58 CMakeFiles/openDoor.elf.dir/Drivers/STM32F4xx_HAL_Driver/Src/stm32f4xx_hal_sram.c.obj
                0x08003640                HAL_SRAM_Init
 .text.TIM_TI1_ConfigInputStage
                0x08003698       0x24 CMakeFiles/openDoor.elf.dir/Drivers/STM32F4xx_HAL_Driver/Src/stm32f4xx_hal_tim.c.obj
 .text.TIM_TI2_ConfigInputStage
                0x080036bc       0x26 CMakeFiles/openDoor.elf.dir/Drivers/STM32F4xx_HAL_Driver/Src/stm32f4xx_hal_tim.c.obj
 .text.TIM_ITRx_SetConfig
                0x080036e2       0x10 CMakeFiles/openDoor.elf.dir/Drivers/STM32F4xx_HAL_Driver/Src/stm32f4xx_hal_tim.c.obj
 *fill*         0x080036f2        0x2 
 .text.HAL_TIM_Base_Start_IT
                0x080036f4       0x88 CMakeFiles/openDoor.elf.dir/Drivers/STM32F4xx_HAL_Driver/Src/stm32f4xx_hal_tim.c.obj
                0x080036f4                HAL_TIM_Base_Start_IT
 .text.HAL_TIM_OC_DelayElapsedCallback
                0x0800377c        0x2 CMakeFiles/openDoor.elf.dir/Drivers/STM32F4xx_HAL_Driver/Src/stm32f4xx_hal_tim.c.obj
                0x0800377c                HAL_TIM_OC_DelayElapsedCallback
 .text.HAL_TIM_IC_CaptureCallback
                0x0800377e        0x2 CMakeFiles/openDoor.elf.dir/Drivers/STM32F4xx_HAL_Driver/Src/stm32f4xx_hal_tim.c.obj
                0x0800377e                HAL_TIM_IC_CaptureCallback
 .text.HAL_TIM_PWM_PulseFinishedCallback
                0x08003780        0x2 CMakeFiles/openDoor.elf.dir/Drivers/STM32F4xx_HAL_Driver/Src/stm32f4xx_hal_tim.c.obj
                0x08003780                HAL_TIM_PWM_PulseFinishedCallback
 .text.HAL_TIM_TriggerCallback
                0x08003782        0x2 CMakeFiles/openDoor.elf.dir/Drivers/STM32F4xx_HAL_Driver/Src/stm32f4xx_hal_tim.c.obj
                0x08003782                HAL_TIM_TriggerCallback
 .text.HAL_TIM_IRQHandler
                0x08003784      0x17a CMakeFiles/openDoor.elf.dir/Drivers/STM32F4xx_HAL_Driver/Src/stm32f4xx_hal_tim.c.obj
                0x08003784                HAL_TIM_IRQHandler
 *fill*         0x080038fe        0x2 
 .text.TIM_Base_SetConfig
                0x08003900       0xc8 CMakeFiles/openDoor.elf.dir/Drivers/STM32F4xx_HAL_Driver/Src/stm32f4xx_hal_tim.c.obj
                0x08003900                TIM_Base_SetConfig
 .text.HAL_TIM_Base_Init
                0x080039c8       0x58 CMakeFiles/openDoor.elf.dir/Drivers/STM32F4xx_HAL_Driver/Src/stm32f4xx_hal_tim.c.obj
                0x080039c8                HAL_TIM_Base_Init
 .text.TIM_ETR_SetConfig
                0x08003a20       0x18 CMakeFiles/openDoor.elf.dir/Drivers/STM32F4xx_HAL_Driver/Src/stm32f4xx_hal_tim.c.obj
                0x08003a20                TIM_ETR_SetConfig
 .text.HAL_TIM_ConfigClockSource
                0x08003a38       0xfe CMakeFiles/openDoor.elf.dir/Drivers/STM32F4xx_HAL_Driver/Src/stm32f4xx_hal_tim.c.obj
                0x08003a38                HAL_TIM_ConfigClockSource
 *fill*         0x08003b36        0x2 
 .text.HAL_TIMEx_MasterConfigSynchronization
                0x08003b38       0x8c CMakeFiles/openDoor.elf.dir/Drivers/STM32F4xx_HAL_Driver/Src/stm32f4xx_hal_tim_ex.c.obj
                0x08003b38                HAL_TIMEx_MasterConfigSynchronization
 .text.HAL_TIMEx_CommutCallback
                0x08003bc4        0x2 CMakeFiles/openDoor.elf.dir/Drivers/STM32F4xx_HAL_Driver/Src/stm32f4xx_hal_tim_ex.c.obj
                0x08003bc4                HAL_TIMEx_CommutCallback
 .text.HAL_TIMEx_BreakCallback
                0x08003bc6        0x2 CMakeFiles/openDoor.elf.dir/Drivers/STM32F4xx_HAL_Driver/Src/stm32f4xx_hal_tim_ex.c.obj
                0x08003bc6                HAL_TIMEx_BreakCallback
 .text.UART_EndTxTransfer
                0x08003bc8       0x20 CMakeFiles/openDoor.elf.dir/Drivers/STM32F4xx_HAL_Driver/Src/stm32f4xx_hal_uart.c.obj
 .text.UART_EndRxTransfer
                0x08003be8       0x5c CMakeFiles/openDoor.elf.dir/Drivers/STM32F4xx_HAL_Driver/Src/stm32f4xx_hal_uart.c.obj
 .text.UART_Transmit_IT
                0x08003c44       0x60 CMakeFiles/openDoor.elf.dir/Drivers/STM32F4xx_HAL_Driver/Src/stm32f4xx_hal_uart.c.obj
 .text.UART_SetConfig
                0x08003ca4      0x110 CMakeFiles/openDoor.elf.dir/Drivers/STM32F4xx_HAL_Driver/Src/stm32f4xx_hal_uart.c.obj
 .text.UART_WaitOnFlagUntilTimeout
                0x08003db4       0x88 CMakeFiles/openDoor.elf.dir/Drivers/STM32F4xx_HAL_Driver/Src/stm32f4xx_hal_uart.c.obj
 .text.HAL_UART_Init
                0x08003e3c       0x5e CMakeFiles/openDoor.elf.dir/Drivers/STM32F4xx_HAL_Driver/Src/stm32f4xx_hal_uart.c.obj
                0x08003e3c                HAL_UART_Init
 .text.HAL_UART_Transmit
                0x08003e9a       0xd8 CMakeFiles/openDoor.elf.dir/Drivers/STM32F4xx_HAL_Driver/Src/stm32f4xx_hal_uart.c.obj
                0x08003e9a                HAL_UART_Transmit
 *fill*         0x08003f72        0x2 
 .text.HAL_UART_Transmit_DMA
                0x08003f74       0x9c CMakeFiles/openDoor.elf.dir/Drivers/STM32F4xx_HAL_Driver/Src/stm32f4xx_hal_uart.c.obj
                0x08003f74                HAL_UART_Transmit_DMA
 .text.HAL_UART_TxCpltCallback
                0x08004010        0x2 CMakeFiles/openDoor.elf.dir/Drivers/STM32F4xx_HAL_Driver/Src/stm32f4xx_hal_uart.c.obj
                0x08004010                HAL_UART_TxCpltCallback
 .text.UART_DMATransmitCplt
                0x08004012       0x4c CMakeFiles/openDoor.elf.dir/Drivers/STM32F4xx_HAL_Driver/Src/stm32f4xx_hal_uart.c.obj
 .text.UART_EndTransmit_IT
                0x0800405e       0x1a CMakeFiles/openDoor.elf.dir/Drivers/STM32F4xx_HAL_Driver/Src/stm32f4xx_hal_uart.c.obj
 .text.HAL_UART_TxHalfCpltCallback
                0x08004078        0x2 CMakeFiles/openDoor.elf.dir/Drivers/STM32F4xx_HAL_Driver/Src/stm32f4xx_hal_uart.c.obj
                0x08004078                HAL_UART_TxHalfCpltCallback
 .text.UART_DMATxHalfCplt
                0x0800407a        0xa CMakeFiles/openDoor.elf.dir/Drivers/STM32F4xx_HAL_Driver/Src/stm32f4xx_hal_uart.c.obj
 .text.HAL_UART_RxHalfCpltCallback
                0x08004084        0x2 CMakeFiles/openDoor.elf.dir/Drivers/STM32F4xx_HAL_Driver/Src/stm32f4xx_hal_uart.c.obj
                0x08004084                HAL_UART_RxHalfCpltCallback
 .text.HAL_UART_ErrorCallback
                0x08004086        0x2 CMakeFiles/openDoor.elf.dir/Drivers/STM32F4xx_HAL_Driver/Src/stm32f4xx_hal_uart.c.obj
                0x08004086                HAL_UART_ErrorCallback
 .text.UART_DMAError
                0x08004088       0x58 CMakeFiles/openDoor.elf.dir/Drivers/STM32F4xx_HAL_Driver/Src/stm32f4xx_hal_uart.c.obj
 .text.UART_DMAAbortOnError
                0x080040e0       0x10 CMakeFiles/openDoor.elf.dir/Drivers/STM32F4xx_HAL_Driver/Src/stm32f4xx_hal_uart.c.obj
 .text.HAL_UARTEx_RxEventCallback
                0x080040f0        0x2 CMakeFiles/openDoor.elf.dir/Drivers/STM32F4xx_HAL_Driver/Src/stm32f4xx_hal_uart.c.obj
                0x080040f0                HAL_UARTEx_RxEventCallback
 .text.UART_Receive_IT
                0x080040f2       0xe2 CMakeFiles/openDoor.elf.dir/Drivers/STM32F4xx_HAL_Driver/Src/stm32f4xx_hal_uart.c.obj
 .text.HAL_UART_IRQHandler
                0x080041d4      0x280 CMakeFiles/openDoor.elf.dir/Drivers/STM32F4xx_HAL_Driver/Src/stm32f4xx_hal_uart.c.obj
                0x080041d4                HAL_UART_IRQHandler
 .text.UART_DMARxHalfCplt
                0x08004454       0x1a CMakeFiles/openDoor.elf.dir/Drivers/STM32F4xx_HAL_Driver/Src/stm32f4xx_hal_uart.c.obj
 .text.UART_DMAReceiveCplt
                0x0800446e       0x96 CMakeFiles/openDoor.elf.dir/Drivers/STM32F4xx_HAL_Driver/Src/stm32f4xx_hal_uart.c.obj
 .text.UART_Start_Receive_IT
                0x08004504       0x3a CMakeFiles/openDoor.elf.dir/Drivers/STM32F4xx_HAL_Driver/Src/stm32f4xx_hal_uart.c.obj
                0x08004504                UART_Start_Receive_IT
 .text.HAL_UART_Receive_IT
                0x0800453e       0x38 CMakeFiles/openDoor.elf.dir/Drivers/STM32F4xx_HAL_Driver/Src/stm32f4xx_hal_uart.c.obj
                0x0800453e                HAL_UART_Receive_IT
 *fill*         0x08004576        0x2 
 .text.UART_Start_Receive_DMA
                0x08004578       0xa8 CMakeFiles/openDoor.elf.dir/Drivers/STM32F4xx_HAL_Driver/Src/stm32f4xx_hal_uart.c.obj
                0x08004578                UART_Start_Receive_DMA
 .text.HAL_UART_Receive_DMA
                0x08004620       0x38 CMakeFiles/openDoor.elf.dir/Drivers/STM32F4xx_HAL_Driver/Src/stm32f4xx_hal_uart.c.obj
                0x08004620                HAL_UART_Receive_DMA
 .text.FMC_NORSRAM_Init
                0x08004658       0x88 CMakeFiles/openDoor.elf.dir/Drivers/STM32F4xx_HAL_Driver/Src/stm32f4xx_ll_fmc.c.obj
                0x08004658                FMC_NORSRAM_Init
 .text.FMC_NORSRAM_Timing_Init
                0x080046e0       0x64 CMakeFiles/openDoor.elf.dir/Drivers/STM32F4xx_HAL_Driver/Src/stm32f4xx_ll_fmc.c.obj
                0x080046e0                FMC_NORSRAM_Timing_Init
 .text.FMC_NORSRAM_Extended_Timing_Init
                0x08004744       0x44 CMakeFiles/openDoor.elf.dir/Drivers/STM32F4xx_HAL_Driver/Src/stm32f4xx_ll_fmc.c.obj
                0x08004744                FMC_NORSRAM_Extended_Timing_Init
 .text.delay_init
                0x08004788       0x14 CMakeFiles/openDoor.elf.dir/SYSTEM/delay.c.obj
                0x08004788                delay_init
 .text.delay_us
                0x0800479c       0x3c CMakeFiles/openDoor.elf.dir/SYSTEM/delay.c.obj
                0x0800479c                delay_us
 .text.delay_ms
                0x080047d8       0x18 CMakeFiles/openDoor.elf.dir/SYSTEM/delay.c.obj
                0x080047d8                delay_ms
 .text.LCD_WR_REG
                0x080047f0        0xc CMakeFiles/openDoor.elf.dir/SYSTEM/lcd.c.obj
                0x080047f0                LCD_WR_REG
 .text.LCD_WR_DATA
                0x080047fc        0xc CMakeFiles/openDoor.elf.dir/SYSTEM/lcd.c.obj
                0x080047fc                LCD_WR_DATA
 .text.LCD_RD_DATA
                0x08004808       0x10 CMakeFiles/openDoor.elf.dir/SYSTEM/lcd.c.obj
                0x08004808                LCD_RD_DATA
 .text.LCD_WriteReg
                0x08004818       0x10 CMakeFiles/openDoor.elf.dir/SYSTEM/lcd.c.obj
                0x08004818                LCD_WriteReg
 .text.LCD_ReadReg
                0x08004828       0x12 CMakeFiles/openDoor.elf.dir/SYSTEM/lcd.c.obj
                0x08004828                LCD_ReadReg
 *fill*         0x0800483a        0x2 
 .text.LCD_WriteRAM_Prepare
                0x0800483c       0x14 CMakeFiles/openDoor.elf.dir/SYSTEM/lcd.c.obj
                0x0800483c                LCD_WriteRAM_Prepare
 .text.LCD_SetCursor
                0x08004850      0x190 CMakeFiles/openDoor.elf.dir/SYSTEM/lcd.c.obj
                0x08004850                LCD_SetCursor
 .text.LCD_Scan_Dir
                0x080049e0      0x260 CMakeFiles/openDoor.elf.dir/SYSTEM/lcd.c.obj
                0x080049e0                LCD_Scan_Dir
 .text.LCD_DrawPoint
                0x08004c40       0x18 CMakeFiles/openDoor.elf.dir/SYSTEM/lcd.c.obj
                0x08004c40                LCD_DrawPoint
 .text.LCD_Display_Dir
                0x08004c58      0x18c CMakeFiles/openDoor.elf.dir/SYSTEM/lcd.c.obj
                0x08004c58                LCD_Display_Dir
 .text.LCD_Init
                0x08004de4     0x3530 CMakeFiles/openDoor.elf.dir/SYSTEM/lcd.c.obj
                0x08004de4                LCD_Init
 .text.LCD_Clear
                0x08008314       0x70 CMakeFiles/openDoor.elf.dir/SYSTEM/lcd.c.obj
                0x08008314                LCD_Clear
 .text.LCD_Fill
                0x08008384       0x9c CMakeFiles/openDoor.elf.dir/SYSTEM/lcd.c.obj
                0x08008384                LCD_Fill
 .text.LCD_DrawLine
                0x08008420       0xa6 CMakeFiles/openDoor.elf.dir/SYSTEM/lcd.c.obj
                0x08008420                LCD_DrawLine
 .text.LCD_DrawRectangle
                0x080084c6       0x52 CMakeFiles/openDoor.elf.dir/SYSTEM/lcd.c.obj
                0x080084c6                LCD_DrawRectangle
 .text.Draw_Circle
                0x08008518       0xe2 CMakeFiles/openDoor.elf.dir/SYSTEM/lcd.c.obj
                0x08008518                Draw_Circle
 *fill*         0x080085fa        0x2 
 .text.LCD_ShowChar
                0x080085fc       0xa4 CMakeFiles/openDoor.elf.dir/SYSTEM/lcd.c.obj
                0x080085fc                LCD_ShowChar
 .text.LCD_Pow  0x080086a0       0x16 CMakeFiles/openDoor.elf.dir/SYSTEM/lcd.c.obj
                0x080086a0                LCD_Pow
 *fill*         0x080086b6        0x2 
 .text.LCD_ShowNum
                0x080086b8       0xa0 CMakeFiles/openDoor.elf.dir/SYSTEM/lcd.c.obj
                0x080086b8                LCD_ShowNum
 .text.findHzIndex
                0x08008758       0x74 CMakeFiles/openDoor.elf.dir/SYSTEM/lcd.c.obj
                0x08008758                findHzIndex
 .text.WriteOneHzChar
                0x080087cc       0x8c CMakeFiles/openDoor.elf.dir/SYSTEM/lcd.c.obj
                0x080087cc                WriteOneHzChar
 .text.LCD_ShowString
                0x08008858       0x76 CMakeFiles/openDoor.elf.dir/SYSTEM/lcd.c.obj
                0x08008858                LCD_ShowString
 .text.Show_Str_Mid
                0x080088ce       0x64 CMakeFiles/openDoor.elf.dir/SYSTEM/lcd.c.obj
                0x080088ce                Show_Str_Mid
 .text.STMFLASH_ReadWord
                0x08008932        0x4 CMakeFiles/openDoor.elf.dir/SYSTEM/stmflash.c.obj
                0x08008932                STMFLASH_ReadWord
 *fill*         0x08008936        0x2 
 .text.STMFLASH_GetFlashSector
                0x08008938       0x8c CMakeFiles/openDoor.elf.dir/SYSTEM/stmflash.c.obj
                0x08008938                STMFLASH_GetFlashSector
 .text.STMFLASH_Write
                0x080089c4       0x9c CMakeFiles/openDoor.elf.dir/SYSTEM/stmflash.c.obj
                0x080089c4                STMFLASH_Write
 .text.Test_Write
                0x08008a60       0x14 CMakeFiles/openDoor.elf.dir/SYSTEM/stmflash.c.obj
                0x08008a60                Test_Write
 .text.STMFLASH_ReadHalfWord
                0x08008a74        0x6 CMakeFiles/openDoor.elf.dir/SYSTEM/stmflash.c.obj
                0x08008a74                STMFLASH_ReadHalfWord
 *fill*         0x08008a7a        0x2 
 .text.TP_Write_Byte
                0x08008a7c       0x48 CMakeFiles/openDoor.elf.dir/SYSTEM/touch.c.obj
                0x08008a7c                TP_Write_Byte
 .text.TP_Read_AD
                0x08008ac4       0x78 CMakeFiles/openDoor.elf.dir/SYSTEM/touch.c.obj
                0x08008ac4                TP_Read_AD
 .text.TP_Read_XOY
                0x08008b3c       0x98 CMakeFiles/openDoor.elf.dir/SYSTEM/touch.c.obj
                0x08008b3c                TP_Read_XOY
 .text.TP_Read_XY
                0x08008bd4       0x28 CMakeFiles/openDoor.elf.dir/SYSTEM/touch.c.obj
                0x08008bd4                TP_Read_XY
 .text.TP_Read_XY2
                0x08008bfc       0x8c CMakeFiles/openDoor.elf.dir/SYSTEM/touch.c.obj
                0x08008bfc                TP_Read_XY2
 .text.TP_Scan  0x08008c88       0xd0 CMakeFiles/openDoor.elf.dir/SYSTEM/touch.c.obj
                0x08008c88                TP_Scan
 .text.TP_Drow_Touch_Point
                0x08008d58       0x8c CMakeFiles/openDoor.elf.dir/SYSTEM/touch.c.obj
                0x08008d58                TP_Drow_Touch_Point
 .text.TP_Save_Adjdata
                0x08008de4       0x74 CMakeFiles/openDoor.elf.dir/SYSTEM/touch.c.obj
                0x08008de4                TP_Save_Adjdata
 .text.TP_Get_Adjdata
                0x08008e58       0x9c CMakeFiles/openDoor.elf.dir/SYSTEM/touch.c.obj
                0x08008e58                TP_Get_Adjdata
 .text.TP_Adj_Info_Show
                0x08008ef4      0x170 CMakeFiles/openDoor.elf.dir/SYSTEM/touch.c.obj
                0x08008ef4                TP_Adj_Info_Show
 *fill*         0x08009064        0x4 
 .text.TP_Adjust
                0x08009068      0x5b4 CMakeFiles/openDoor.elf.dir/SYSTEM/touch.c.obj
                0x08009068                TP_Adjust
 .text.TP_Init  0x0800961c       0x34 CMakeFiles/openDoor.elf.dir/SYSTEM/touch.c.obj
                0x0800961c                TP_Init
 .text.AS608_key_staset
                0x08009650       0xdc CMakeFiles/openDoor.elf.dir/USER/AS608HARD.c.obj
                0x08009650                AS608_key_staset
 .text.AS608_get_keynum
                0x0800972c       0xe0 CMakeFiles/openDoor.elf.dir/USER/AS608HARD.c.obj
                0x0800972c                AS608_get_keynum
 .text.GET_NUM  0x0800980c       0x90 CMakeFiles/openDoor.elf.dir/USER/AS608HARD.c.obj
                0x0800980c                GET_NUM
 .text.sendMQTTHaveTopic
                0x0800989c       0x34 CMakeFiles/openDoor.elf.dir/USER/ESP8266.c.obj
                0x0800989c                sendMQTTHaveTopic
 .text.parseRX  0x080098d0       0x48 CMakeFiles/openDoor.elf.dir/USER/R.c.obj
                0x080098d0                parseRX
 .text.dateRX   0x08009918       0x4c CMakeFiles/openDoor.elf.dir/USER/R.c.obj
                0x08009918                dateRX
 .text.Loop_50Hz
                0x08009964        0x2 CMakeFiles/openDoor.elf.dir/USER/Scheduler.c.obj
 .text.Loop_20Hz
                0x08009966        0x2 CMakeFiles/openDoor.elf.dir/USER/Scheduler.c.obj
 .text.Loop_10Hz
                0x08009968        0x2 CMakeFiles/openDoor.elf.dir/USER/Scheduler.c.obj
 .text.Loop_5Hz
                0x0800996a        0x2 CMakeFiles/openDoor.elf.dir/USER/Scheduler.c.obj
 .text.Loop_1Hz
                0x0800996c        0x2 CMakeFiles/openDoor.elf.dir/USER/Scheduler.c.obj
 *fill*         0x0800996e        0x2 
 .text.Loop_100Hz
                0x08009970       0x38 CMakeFiles/openDoor.elf.dir/USER/Scheduler.c.obj
 .text.Scheduler_Setup
                0x080099a8       0x3c CMakeFiles/openDoor.elf.dir/USER/Scheduler.c.obj
                0x080099a8                Scheduler_Setup
 .text.Scheduler_Run
                0x080099e4       0x44 CMakeFiles/openDoor.elf.dir/USER/Scheduler.c.obj
                0x080099e4                Scheduler_Run
 .text.MYUSART_SendData
                0x08009a28       0x24 CMakeFiles/openDoor.elf.dir/USER/as608.c.obj
 .text.SendHead
                0x08009a4c       0x20 CMakeFiles/openDoor.elf.dir/USER/as608.c.obj
 .text.SendAddr
                0x08009a6c       0x24 CMakeFiles/openDoor.elf.dir/USER/as608.c.obj
 .text.AS608_Check
                0x08009a90       0x3c CMakeFiles/openDoor.elf.dir/USER/as608.c.obj
 .text.SendFlag
                0x08009acc        0x8 CMakeFiles/openDoor.elf.dir/USER/as608.c.obj
 .text.SendLength
                0x08009ad4       0x14 CMakeFiles/openDoor.elf.dir/USER/as608.c.obj
 .text.Sendcmd  0x08009ae8        0x8 CMakeFiles/openDoor.elf.dir/USER/as608.c.obj
 .text.SendCheck
                0x08009af0       0x12 CMakeFiles/openDoor.elf.dir/USER/as608.c.obj
 *fill*         0x08009b02        0x2 
 .text.JudgeStr
                0x08009b04       0x7c CMakeFiles/openDoor.elf.dir/USER/as608.c.obj
 .text.as608_init
                0x08009b80       0x28 CMakeFiles/openDoor.elf.dir/USER/as608.c.obj
                0x08009b80                as608_init
 .text.PS_GetImage
                0x08009ba8       0x34 CMakeFiles/openDoor.elf.dir/USER/as608.c.obj
                0x08009ba8                PS_GetImage
 .text.PS_GenChar
                0x08009bdc       0x3c CMakeFiles/openDoor.elf.dir/USER/as608.c.obj
                0x08009bdc                PS_GenChar
 .text.PS_Match
                0x08009c18       0x34 CMakeFiles/openDoor.elf.dir/USER/as608.c.obj
                0x08009c18                PS_Match
 .text.PS_RegModel
                0x08009c4c       0x34 CMakeFiles/openDoor.elf.dir/USER/as608.c.obj
                0x08009c4c                PS_RegModel
 .text.PS_StoreChar
                0x08009c80       0x54 CMakeFiles/openDoor.elf.dir/USER/as608.c.obj
                0x08009c80                PS_StoreChar
 .text.PS_DeletChar
                0x08009cd4       0x60 CMakeFiles/openDoor.elf.dir/USER/as608.c.obj
                0x08009cd4                PS_DeletChar
 .text.PS_Empty
                0x08009d34       0x34 CMakeFiles/openDoor.elf.dir/USER/as608.c.obj
                0x08009d34                PS_Empty
 .text.PS_ReadSysPara
                0x08009d68       0x64 CMakeFiles/openDoor.elf.dir/USER/as608.c.obj
                0x08009d68                PS_ReadSysPara
 .text.PS_HighSpeedSearch
                0x08009dcc       0x8a CMakeFiles/openDoor.elf.dir/USER/as608.c.obj
                0x08009dcc                PS_HighSpeedSearch
 .text.PS_ValidTempleteNum
                0x08009e56       0x42 CMakeFiles/openDoor.elf.dir/USER/as608.c.obj
                0x08009e56                PS_ValidTempleteNum
 .text.EnsureMessage
                0x08009e98      0x144 CMakeFiles/openDoor.elf.dir/USER/as608.c.obj
                0x08009e98                EnsureMessage
 .text.ShowErrMessage
                0x08009fdc       0xbc CMakeFiles/openDoor.elf.dir/USER/as608.c.obj
                0x08009fdc                ShowErrMessage
 .text.Add_FR   0x0800a098      0x330 CMakeFiles/openDoor.elf.dir/USER/as608.c.obj
                0x0800a098                Add_FR
 .text.press_FR
                0x0800a3c8      0x168 CMakeFiles/openDoor.elf.dir/USER/as608.c.obj
                0x0800a3c8                press_FR
 .text.Del_FR   0x0800a530      0x16c CMakeFiles/openDoor.elf.dir/USER/as608.c.obj
                0x0800a530                Del_FR
 .text.openDoorForMQTT
                0x0800a69c       0xf8 CMakeFiles/openDoor.elf.dir/USER/funHandle.c.obj
                0x0800a69c                openDoorForMQTT
 .text.LCD_AS608_UI
                0x0800a794       0x58 CMakeFiles/openDoor.elf.dir/USER/ui.c.obj
                0x0800a794                LCD_AS608_UI
 .text.AS608_load_keyboard
                0x0800a7ec      0x120 CMakeFiles/openDoor.elf.dir/USER/ui.c.obj
                0x0800a7ec                AS608_load_keyboard
 .text.usart_printf
                0x0800a90c       0x44 CMakeFiles/openDoor.elf.dir/USER/usartMy.c.obj
                0x0800a90c                usart_printf
 .text.usart_printf_dma
                0x0800a950       0x40 CMakeFiles/openDoor.elf.dir/USER/usartMy.c.obj
                0x0800a950                usart_printf_dma
 .text.HAL_UART_RxCpltCallback
                0x0800a990       0x50 CMakeFiles/openDoor.elf.dir/USER/usartMy.c.obj
                0x0800a990                HAL_UART_RxCpltCallback
 .text.cJSON_strcasecmp
                0x0800a9e0       0x5c CMakeFiles/openDoor.elf.dir/UTILS/cJSON.c.obj
 .text.pow2gt   0x0800aa3c       0x1a CMakeFiles/openDoor.elf.dir/UTILS/cJSON.c.obj
 .text.parse_hex4
                0x0800aa56       0xd8 CMakeFiles/openDoor.elf.dir/UTILS/cJSON.c.obj
 *fill*         0x0800ab2e        0x2 
 .text.parse_string
                0x0800ab30      0x1c8 CMakeFiles/openDoor.elf.dir/UTILS/cJSON.c.obj
 .text.skip     0x0800acf8       0x10 CMakeFiles/openDoor.elf.dir/UTILS/cJSON.c.obj
 .text.suffix_object
                0x0800ad08        0x6 CMakeFiles/openDoor.elf.dir/UTILS/cJSON.c.obj
 *fill*         0x0800ad0e        0x2 
 .text.cJSON_New_Item
                0x0800ad10       0x20 CMakeFiles/openDoor.elf.dir/UTILS/cJSON.c.obj
 .text.parse_number
                0x0800ad30      0x1ac CMakeFiles/openDoor.elf.dir/UTILS/cJSON.c.obj
 .text.parse_value
                0x0800aedc       0xa8 CMakeFiles/openDoor.elf.dir/UTILS/cJSON.c.obj
 .text.parse_array
                0x0800af84       0x98 CMakeFiles/openDoor.elf.dir/UTILS/cJSON.c.obj
 .text.parse_object
                0x0800b01c       0xf8 CMakeFiles/openDoor.elf.dir/UTILS/cJSON.c.obj
 .text.ensure   0x0800b114       0x60 CMakeFiles/openDoor.elf.dir/UTILS/cJSON.c.obj
 .text.cJSON_strdup
                0x0800b174       0x28 CMakeFiles/openDoor.elf.dir/UTILS/cJSON.c.obj
 .text.update   0x0800b19c       0x1e CMakeFiles/openDoor.elf.dir/UTILS/cJSON.c.obj
 *fill*         0x0800b1ba        0x6 
 .text.print_number
                0x0800b1c0      0x188 CMakeFiles/openDoor.elf.dir/UTILS/cJSON.c.obj
 .text.print_string_ptr
                0x0800b348      0x1b4 CMakeFiles/openDoor.elf.dir/UTILS/cJSON.c.obj
 .text.print_string
                0x0800b4fc        0xa CMakeFiles/openDoor.elf.dir/UTILS/cJSON.c.obj
 *fill*         0x0800b506        0x2 
 .text.print_object
                0x0800b508      0x3d4 CMakeFiles/openDoor.elf.dir/UTILS/cJSON.c.obj
 .text.print_value
                0x0800b8dc      0x11c CMakeFiles/openDoor.elf.dir/UTILS/cJSON.c.obj
 .text.print_array
                0x0800b9f8      0x224 CMakeFiles/openDoor.elf.dir/UTILS/cJSON.c.obj
 .text.cJSON_Delete
                0x0800bc1c       0x54 CMakeFiles/openDoor.elf.dir/UTILS/cJSON.c.obj
                0x0800bc1c                cJSON_Delete
 .text.cJSON_ParseWithOpts
                0x0800bc70       0x58 CMakeFiles/openDoor.elf.dir/UTILS/cJSON.c.obj
                0x0800bc70                cJSON_ParseWithOpts
 .text.cJSON_Parse
                0x0800bcc8        0xc CMakeFiles/openDoor.elf.dir/UTILS/cJSON.c.obj
                0x0800bcc8                cJSON_Parse
 .text.cJSON_PrintUnformatted
                0x0800bcd4        0xe CMakeFiles/openDoor.elf.dir/UTILS/cJSON.c.obj
                0x0800bcd4                cJSON_PrintUnformatted
 .text.cJSON_GetObjectItem
                0x0800bce2       0x1c CMakeFiles/openDoor.elf.dir/UTILS/cJSON.c.obj
                0x0800bce2                cJSON_GetObjectItem
 .text.cJSON_AddItemToArray
                0x0800bcfe       0x22 CMakeFiles/openDoor.elf.dir/UTILS/cJSON.c.obj
                0x0800bcfe                cJSON_AddItemToArray
 .text.cJSON_AddItemToObject
                0x0800bd20       0x2c CMakeFiles/openDoor.elf.dir/UTILS/cJSON.c.obj
                0x0800bd20                cJSON_AddItemToObject
 .text.cJSON_CreateNumber
                0x0800bd4c       0x24 CMakeFiles/openDoor.elf.dir/UTILS/cJSON.c.obj
                0x0800bd4c                cJSON_CreateNumber
 .text.cJSON_CreateString
                0x0800bd70       0x1c CMakeFiles/openDoor.elf.dir/UTILS/cJSON.c.obj
                0x0800bd70                cJSON_CreateString
 .text.cJSON_CreateObject
                0x0800bd8c        0xe CMakeFiles/openDoor.elf.dir/UTILS/cJSON.c.obj
                0x0800bd8c                cJSON_CreateObject
 *fill*         0x0800bd9a        0x2 
 .text.__errno  0x0800bd9c        0xc d:/progra~1/mingw/gcc-ar~1/bin/../lib/gcc/arm-none-eabi/10.3.1/../../../../arm-none-eabi/lib/thumb/v7e-m/nofp\libg.a(lib_a-errno.o)
                0x0800bd9c                __errno
 .text.__libc_init_array
                0x0800bda8       0x48 d:/progra~1/mingw/gcc-ar~1/bin/../lib/gcc/arm-none-eabi/10.3.1/../../../../arm-none-eabi/lib/thumb/v7e-m/nofp\libg.a(lib_a-init.o)
                0x0800bda8                __libc_init_array
 .text.malloc   0x0800bdf0       0x10 d:/progra~1/mingw/gcc-ar~1/bin/../lib/gcc/arm-none-eabi/10.3.1/../../../../arm-none-eabi/lib/thumb/v7e-m/nofp\libg.a(lib_a-malloc.o)
                0x0800bdf0                malloc
 .text.free     0x0800be00       0x10 d:/progra~1/mingw/gcc-ar~1/bin/../lib/gcc/arm-none-eabi/10.3.1/../../../../arm-none-eabi/lib/thumb/v7e-m/nofp\libg.a(lib_a-malloc.o)
                0x0800be00                free
 .text._malloc_r
                0x0800be10      0x560 d:/progra~1/mingw/gcc-ar~1/bin/../lib/gcc/arm-none-eabi/10.3.1/../../../../arm-none-eabi/lib/thumb/v7e-m/nofp\libg.a(lib_a-mallocr.o)
                0x0800be10                _malloc_r
 .text.memset   0x0800c370       0xa4 d:/progra~1/mingw/gcc-ar~1/bin/../lib/gcc/arm-none-eabi/10.3.1/../../../../arm-none-eabi/lib/thumb/v7e-m/nofp\libg.a(lib_a-memset.o)
                0x0800c370                memset
 .text.__malloc_lock
                0x0800c414        0xc d:/progra~1/mingw/gcc-ar~1/bin/../lib/gcc/arm-none-eabi/10.3.1/../../../../arm-none-eabi/lib/thumb/v7e-m/nofp\libg.a(lib_a-mlock.o)
                0x0800c414                __malloc_lock
 .text.__malloc_unlock
                0x0800c420        0xc d:/progra~1/mingw/gcc-ar~1/bin/../lib/gcc/arm-none-eabi/10.3.1/../../../../arm-none-eabi/lib/thumb/v7e-m/nofp\libg.a(lib_a-mlock.o)
                0x0800c420                __malloc_unlock
 .text._sbrk_r  0x0800c42c       0x24 d:/progra~1/mingw/gcc-ar~1/bin/../lib/gcc/arm-none-eabi/10.3.1/../../../../arm-none-eabi/lib/thumb/v7e-m/nofp\libg.a(lib_a-sbrkr.o)
                0x0800c42c                _sbrk_r
 .text.sprintf  0x0800c450       0x40 d:/progra~1/mingw/gcc-ar~1/bin/../lib/gcc/arm-none-eabi/10.3.1/../../../../arm-none-eabi/lib/thumb/v7e-m/nofp\libg.a(lib_a-sprintf.o)
                0x0800c450                sprintf
 .text.strchr   0x0800c490       0xcc d:/progra~1/mingw/gcc-ar~1/bin/../lib/gcc/arm-none-eabi/10.3.1/../../../../arm-none-eabi/lib/thumb/v7e-m/nofp\libg.a(lib_a-strchr.o)
                0x0800c490                strchr
 .text.strcpy   0x0800c55c       0xbc d:/progra~1/mingw/gcc-ar~1/bin/../lib/gcc/arm-none-eabi/10.3.1/../../../../arm-none-eabi/lib/thumb/v7e-m/nofp\libg.a(lib_a-strcpy.o)
                0x0800c55c                strcpy
 .text.strncmp  0x0800c618       0x80 d:/progra~1/mingw/gcc-ar~1/bin/../lib/gcc/arm-none-eabi/10.3.1/../../../../arm-none-eabi/lib/thumb/v7e-m/nofp\libg.a(lib_a-strncmp.o)
                0x0800c618                strncmp
 .text.two_way_long_needle
                0x0800c698      0x2b4 d:/progra~1/mingw/gcc-ar~1/bin/../lib/gcc/arm-none-eabi/10.3.1/../../../../arm-none-eabi/lib/thumb/v7e-m/nofp\libg.a(lib_a-strstr.o)
 .text.strstr   0x0800c94c      0x168 d:/progra~1/mingw/gcc-ar~1/bin/../lib/gcc/arm-none-eabi/10.3.1/../../../../arm-none-eabi/lib/thumb/v7e-m/nofp\libg.a(lib_a-strstr.o)
                0x0800c94c                strstr
 .text._svfprintf_r
                0x0800cab4     0x1a3c d:/progra~1/mingw/gcc-ar~1/bin/../lib/gcc/arm-none-eabi/10.3.1/../../../../arm-none-eabi/lib/thumb/v7e-m/nofp\libg.a(lib_a-svfprintf.o)
                0x0800cab4                _svfprintf_r
 .text.vsprintf
                0x0800e4f0       0x38 d:/progra~1/mingw/gcc-ar~1/bin/../lib/gcc/arm-none-eabi/10.3.1/../../../../arm-none-eabi/lib/thumb/v7e-m/nofp\libg.a(lib_a-vsprintf.o)
                0x0800e4f0                vsprintf
 .text.startup.register_fini
                0x0800e528       0x14 d:/progra~1/mingw/gcc-ar~1/bin/../lib/gcc/arm-none-eabi/10.3.1/../../../../arm-none-eabi/lib/thumb/v7e-m/nofp\libg.a(lib_a-__call_atexit.o)
 .text.atexit   0x0800e53c        0xc d:/progra~1/mingw/gcc-ar~1/bin/../lib/gcc/arm-none-eabi/10.3.1/../../../../arm-none-eabi/lib/thumb/v7e-m/nofp\libg.a(lib_a-atexit.o)
                0x0800e53c                atexit
 .text.quorem   0x0800e548      0x124 d:/progra~1/mingw/gcc-ar~1/bin/../lib/gcc/arm-none-eabi/10.3.1/../../../../arm-none-eabi/lib/thumb/v7e-m/nofp\libg.a(lib_a-dtoa.o)
 *fill*         0x0800e66c        0x4 
 .text._dtoa_r  0x0800e670      0xec4 d:/progra~1/mingw/gcc-ar~1/bin/../lib/gcc/arm-none-eabi/10.3.1/../../../../arm-none-eabi/lib/thumb/v7e-m/nofp\libg.a(lib_a-dtoa.o)
                0x0800e670                _dtoa_r
 .text.__libc_fini_array
                0x0800f534       0x2c d:/progra~1/mingw/gcc-ar~1/bin/../lib/gcc/arm-none-eabi/10.3.1/../../../../arm-none-eabi/lib/thumb/v7e-m/nofp\libg.a(lib_a-fini.o)
                0x0800f534                __libc_fini_array
 .text._malloc_trim_r
                0x0800f560       0xa0 d:/progra~1/mingw/gcc-ar~1/bin/../lib/gcc/arm-none-eabi/10.3.1/../../../../arm-none-eabi/lib/thumb/v7e-m/nofp\libg.a(lib_a-freer.o)
                0x0800f560                _malloc_trim_r
 .text._free_r  0x0800f600      0x20c d:/progra~1/mingw/gcc-ar~1/bin/../lib/gcc/arm-none-eabi/10.3.1/../../../../arm-none-eabi/lib/thumb/v7e-m/nofp\libg.a(lib_a-freer.o)
                0x0800f600                _free_r
 .text._localeconv_r
                0x0800f80c        0x8 d:/progra~1/mingw/gcc-ar~1/bin/../lib/gcc/arm-none-eabi/10.3.1/../../../../arm-none-eabi/lib/thumb/v7e-m/nofp\libg.a(lib_a-localeconv.o)
                0x0800f80c                _localeconv_r
 .text.__retarget_lock_init_recursive
                0x0800f814        0x4 d:/progra~1/mingw/gcc-ar~1/bin/../lib/gcc/arm-none-eabi/10.3.1/../../../../arm-none-eabi/lib/thumb/v7e-m/nofp\libg.a(lib_a-lock.o)
                0x0800f814                __retarget_lock_init_recursive
 .text.__retarget_lock_close_recursive
                0x0800f818        0x4 d:/progra~1/mingw/gcc-ar~1/bin/../lib/gcc/arm-none-eabi/10.3.1/../../../../arm-none-eabi/lib/thumb/v7e-m/nofp\libg.a(lib_a-lock.o)
                0x0800f818                __retarget_lock_close_recursive
 .text.__retarget_lock_acquire_recursive
                0x0800f81c        0x4 d:/progra~1/mingw/gcc-ar~1/bin/../lib/gcc/arm-none-eabi/10.3.1/../../../../arm-none-eabi/lib/thumb/v7e-m/nofp\libg.a(lib_a-lock.o)
                0x0800f81c                __retarget_lock_acquire_recursive
 .text.__retarget_lock_release_recursive
                0x0800f820        0x4 d:/progra~1/mingw/gcc-ar~1/bin/../lib/gcc/arm-none-eabi/10.3.1/../../../../arm-none-eabi/lib/thumb/v7e-m/nofp\libg.a(lib_a-lock.o)
                0x0800f820                __retarget_lock_release_recursive
 .text.memcmp   0x0800f824       0x68 d:/progra~1/mingw/gcc-ar~1/bin/../lib/gcc/arm-none-eabi/10.3.1/../../../../arm-none-eabi/lib/thumb/v7e-m/nofp\libg.a(lib_a-memcmp.o)
                0x0800f824                memcmp
 .text._Balloc  0x0800f88c       0x4c d:/progra~1/mingw/gcc-ar~1/bin/../lib/gcc/arm-none-eabi/10.3.1/../../../../arm-none-eabi/lib/thumb/v7e-m/nofp\libg.a(lib_a-mprec.o)
                0x0800f88c                _Balloc
 .text._Bfree   0x0800f8d8       0x14 d:/progra~1/mingw/gcc-ar~1/bin/../lib/gcc/arm-none-eabi/10.3.1/../../../../arm-none-eabi/lib/thumb/v7e-m/nofp\libg.a(lib_a-mprec.o)
                0x0800f8d8                _Bfree
 .text.__multadd
                0x0800f8ec       0xa0 d:/progra~1/mingw/gcc-ar~1/bin/../lib/gcc/arm-none-eabi/10.3.1/../../../../arm-none-eabi/lib/thumb/v7e-m/nofp\libg.a(lib_a-mprec.o)
                0x0800f8ec                __multadd
 .text.__hi0bits
                0x0800f98c       0x40 d:/progra~1/mingw/gcc-ar~1/bin/../lib/gcc/arm-none-eabi/10.3.1/../../../../arm-none-eabi/lib/thumb/v7e-m/nofp\libg.a(lib_a-mprec.o)
                0x0800f98c                __hi0bits
 .text.__lo0bits
                0x0800f9cc       0x5c d:/progra~1/mingw/gcc-ar~1/bin/../lib/gcc/arm-none-eabi/10.3.1/../../../../arm-none-eabi/lib/thumb/v7e-m/nofp\libg.a(lib_a-mprec.o)
                0x0800f9cc                __lo0bits
 .text.__i2b    0x0800fa28       0x5c d:/progra~1/mingw/gcc-ar~1/bin/../lib/gcc/arm-none-eabi/10.3.1/../../../../arm-none-eabi/lib/thumb/v7e-m/nofp\libg.a(lib_a-mprec.o)
                0x0800fa28                __i2b
 .text.__multiply
                0x0800fa84      0x15c d:/progra~1/mingw/gcc-ar~1/bin/../lib/gcc/arm-none-eabi/10.3.1/../../../../arm-none-eabi/lib/thumb/v7e-m/nofp\libg.a(lib_a-mprec.o)
                0x0800fa84                __multiply
 .text.__pow5mult
                0x0800fbe0       0xc0 d:/progra~1/mingw/gcc-ar~1/bin/../lib/gcc/arm-none-eabi/10.3.1/../../../../arm-none-eabi/lib/thumb/v7e-m/nofp\libg.a(lib_a-mprec.o)
                0x0800fbe0                __pow5mult
 .text.__lshift
                0x0800fca0       0xf0 d:/progra~1/mingw/gcc-ar~1/bin/../lib/gcc/arm-none-eabi/10.3.1/../../../../arm-none-eabi/lib/thumb/v7e-m/nofp\libg.a(lib_a-mprec.o)
                0x0800fca0                __lshift
 .text.__mcmp   0x0800fd90       0x40 d:/progra~1/mingw/gcc-ar~1/bin/../lib/gcc/arm-none-eabi/10.3.1/../../../../arm-none-eabi/lib/thumb/v7e-m/nofp\libg.a(lib_a-mprec.o)
                0x0800fd90                __mcmp
 .text.__mdiff  0x0800fdd0      0x14c d:/progra~1/mingw/gcc-ar~1/bin/../lib/gcc/arm-none-eabi/10.3.1/../../../../arm-none-eabi/lib/thumb/v7e-m/nofp\libg.a(lib_a-mprec.o)
                0x0800fdd0                __mdiff
 .text.__d2b    0x0800ff1c       0xc4 d:/progra~1/mingw/gcc-ar~1/bin/../lib/gcc/arm-none-eabi/10.3.1/../../../../arm-none-eabi/lib/thumb/v7e-m/nofp\libg.a(lib_a-mprec.o)
                0x0800ff1c                __d2b
 .text.frexp    0x0800ffe0       0x70 d:/progra~1/mingw/gcc-ar~1/bin/../lib/gcc/arm-none-eabi/10.3.1/../../../../arm-none-eabi/lib/thumb/v7e-m/nofp\libg.a(lib_a-s_frexp.o)
                0x0800ffe0                frexp
 .text.strncpy  0x08010050       0x64 d:/progra~1/mingw/gcc-ar~1/bin/../lib/gcc/arm-none-eabi/10.3.1/../../../../arm-none-eabi/lib/thumb/v7e-m/nofp\libg.a(lib_a-strncpy.o)
                0x08010050                strncpy
 .text.strnlen  0x080100b4       0x24 d:/progra~1/mingw/gcc-ar~1/bin/../lib/gcc/arm-none-eabi/10.3.1/../../../../arm-none-eabi/lib/thumb/v7e-m/nofp\libg.a(lib_a-strnlen.o)
                0x080100b4                strnlen
 .text.__ssprint_r
                0x080100d8       0xf8 d:/progra~1/mingw/gcc-ar~1/bin/../lib/gcc/arm-none-eabi/10.3.1/../../../../arm-none-eabi/lib/thumb/v7e-m/nofp\libg.a(lib_a-svfiprintf.o)
                0x080100d8                __ssprint_r
 .text.__register_exitproc
                0x080101d0       0x8c d:/progra~1/mingw/gcc-ar~1/bin/../lib/gcc/arm-none-eabi/10.3.1/../../../../arm-none-eabi/lib/thumb/v7e-m/nofp\libg.a(lib_a-__atexit.o)
                0x080101d0                __register_exitproc
 .text.__assert_func
                0x0801025c       0x40 d:/progra~1/mingw/gcc-ar~1/bin/../lib/gcc/arm-none-eabi/10.3.1/../../../../arm-none-eabi/lib/thumb/v7e-m/nofp\libg.a(lib_a-assert.o)
                0x0801025c                __assert_func
 .text._calloc_r
                0x0801029c       0x78 d:/progra~1/mingw/gcc-ar~1/bin/../lib/gcc/arm-none-eabi/10.3.1/../../../../arm-none-eabi/lib/thumb/v7e-m/nofp\libg.a(lib_a-callocr.o)
                0x0801029c                _calloc_r
 .text.fiprintf
                0x08010314       0x28 d:/progra~1/mingw/gcc-ar~1/bin/../lib/gcc/arm-none-eabi/10.3.1/../../../../arm-none-eabi/lib/thumb/v7e-m/nofp\libg.a(lib_a-fiprintf.o)
                0x08010314                fiprintf
 .text.__locale_mb_cur_max
                0x0801033c        0xc d:/progra~1/mingw/gcc-ar~1/bin/../lib/gcc/arm-none-eabi/10.3.1/../../../../arm-none-eabi/lib/thumb/v7e-m/nofp\libg.a(lib_a-locale.o)
                0x0801033c                __locale_mb_cur_max
 .text.__ascii_mbtowc
                0x08010348       0x2c d:/progra~1/mingw/gcc-ar~1/bin/../lib/gcc/arm-none-eabi/10.3.1/../../../../arm-none-eabi/lib/thumb/v7e-m/nofp\libg.a(lib_a-mbtowc_r.o)
                0x08010348                __ascii_mbtowc
 .text.memmove  0x08010374       0xf8 d:/progra~1/mingw/gcc-ar~1/bin/../lib/gcc/arm-none-eabi/10.3.1/../../../../arm-none-eabi/lib/thumb/v7e-m/nofp\libg.a(lib_a-memmove.o)
                0x08010374                memmove
 .text._realloc_r
                0x0801046c      0x3d8 d:/progra~1/mingw/gcc-ar~1/bin/../lib/gcc/arm-none-eabi/10.3.1/../../../../arm-none-eabi/lib/thumb/v7e-m/nofp\libg.a(lib_a-reallocr.o)
                0x0801046c                _realloc_r
 .text.__sprint_r.part.0
                0x08010844       0x78 d:/progra~1/mingw/gcc-ar~1/bin/../lib/gcc/arm-none-eabi/10.3.1/../../../../arm-none-eabi/lib/thumb/v7e-m/nofp\libg.a(lib_a-vfiprintf.o)
 .text._vfiprintf_r
                0x080108bc      0xda0 d:/progra~1/mingw/gcc-ar~1/bin/../lib/gcc/arm-none-eabi/10.3.1/../../../../arm-none-eabi/lib/thumb/v7e-m/nofp\libg.a(lib_a-vfiprintf.o)
                0x080108bc                _vfiprintf_r
 .text.__sbprintf
                0x0801165c       0x80 d:/progra~1/mingw/gcc-ar~1/bin/../lib/gcc/arm-none-eabi/10.3.1/../../../../arm-none-eabi/lib/thumb/v7e-m/nofp\libg.a(lib_a-vfiprintf.o)
 .text.__ascii_wctomb
                0x080116dc       0x1c d:/progra~1/mingw/gcc-ar~1/bin/../lib/gcc/arm-none-eabi/10.3.1/../../../../arm-none-eabi/lib/thumb/v7e-m/nofp\libg.a(lib_a-wctomb_r.o)
                0x080116dc                __ascii_wctomb
 .text.__swsetup_r
                0x080116f8       0xd4 d:/progra~1/mingw/gcc-ar~1/bin/../lib/gcc/arm-none-eabi/10.3.1/../../../../arm-none-eabi/lib/thumb/v7e-m/nofp\libg.a(lib_a-wsetup.o)
                0x080116f8                __swsetup_r
 .text.abort    0x080117cc       0x10 d:/progra~1/mingw/gcc-ar~1/bin/../lib/gcc/arm-none-eabi/10.3.1/../../../../arm-none-eabi/lib/thumb/v7e-m/nofp\libg.a(lib_a-abort.o)
                0x080117cc                abort
 .text.__sflush_r
                0x080117dc      0x120 d:/progra~1/mingw/gcc-ar~1/bin/../lib/gcc/arm-none-eabi/10.3.1/../../../../arm-none-eabi/lib/thumb/v7e-m/nofp\libg.a(lib_a-fflush.o)
                0x080117dc                __sflush_r
 .text._fflush_r
                0x080118fc       0x5c d:/progra~1/mingw/gcc-ar~1/bin/../lib/gcc/arm-none-eabi/10.3.1/../../../../arm-none-eabi/lib/thumb/v7e-m/nofp\libg.a(lib_a-fflush.o)
                0x080118fc                _fflush_r
 .text._cleanup_r
                0x08011958        0xc d:/progra~1/mingw/gcc-ar~1/bin/../lib/gcc/arm-none-eabi/10.3.1/../../../../arm-none-eabi/lib/thumb/v7e-m/nofp\libg.a(lib_a-findfp.o)
                0x08011958                _cleanup_r
 .text.__sinit  0x08011964      0x10c d:/progra~1/mingw/gcc-ar~1/bin/../lib/gcc/arm-none-eabi/10.3.1/../../../../arm-none-eabi/lib/thumb/v7e-m/nofp\libg.a(lib_a-findfp.o)
                0x08011964                __sinit
 .text.__sfp_lock_acquire
                0x08011a70        0xc d:/progra~1/mingw/gcc-ar~1/bin/../lib/gcc/arm-none-eabi/10.3.1/../../../../arm-none-eabi/lib/thumb/v7e-m/nofp\libg.a(lib_a-findfp.o)
                0x08011a70                __sfp_lock_acquire
 .text.__sfp_lock_release
                0x08011a7c        0xc d:/progra~1/mingw/gcc-ar~1/bin/../lib/gcc/arm-none-eabi/10.3.1/../../../../arm-none-eabi/lib/thumb/v7e-m/nofp\libg.a(lib_a-findfp.o)
                0x08011a7c                __sfp_lock_release
 .text.__fputwc
                0x08011a88       0xa8 d:/progra~1/mingw/gcc-ar~1/bin/../lib/gcc/arm-none-eabi/10.3.1/../../../../arm-none-eabi/lib/thumb/v7e-m/nofp\libg.a(lib_a-fputwc.o)
                0x08011a88                __fputwc
 .text._fputwc_r
                0x08011b30       0x68 d:/progra~1/mingw/gcc-ar~1/bin/../lib/gcc/arm-none-eabi/10.3.1/../../../../arm-none-eabi/lib/thumb/v7e-m/nofp\libg.a(lib_a-fputwc.o)
                0x08011b30                _fputwc_r
 .text.__sfvwrite_r
                0x08011b98      0x2e8 d:/progra~1/mingw/gcc-ar~1/bin/../lib/gcc/arm-none-eabi/10.3.1/../../../../arm-none-eabi/lib/thumb/v7e-m/nofp\libg.a(lib_a-fvwrite.o)
                0x08011b98                __sfvwrite_r
 .text._fwalk_reent
                0x08011e80       0x48 d:/progra~1/mingw/gcc-ar~1/bin/../lib/gcc/arm-none-eabi/10.3.1/../../../../arm-none-eabi/lib/thumb/v7e-m/nofp\libg.a(lib_a-fwalk.o)
                0x08011e80                _fwalk_reent
 .text.__smakebuf_r
                0x08011ec8       0xe0 d:/progra~1/mingw/gcc-ar~1/bin/../lib/gcc/arm-none-eabi/10.3.1/../../../../arm-none-eabi/lib/thumb/v7e-m/nofp\libg.a(lib_a-makebuf.o)
                0x08011ec8                __smakebuf_r
 .text.raise    0x08011fa8       0x5c d:/progra~1/mingw/gcc-ar~1/bin/../lib/gcc/arm-none-eabi/10.3.1/../../../../arm-none-eabi/lib/thumb/v7e-m/nofp\libg.a(lib_a-signal.o)
                0x08011fa8                raise
 .text._kill_r  0x08012004       0x2c d:/progra~1/mingw/gcc-ar~1/bin/../lib/gcc/arm-none-eabi/10.3.1/../../../../arm-none-eabi/lib/thumb/v7e-m/nofp\libg.a(lib_a-signalr.o)
                0x08012004                _kill_r
 .text._getpid_r
                0x08012030        0x4 d:/progra~1/mingw/gcc-ar~1/bin/../lib/gcc/arm-none-eabi/10.3.1/../../../../arm-none-eabi/lib/thumb/v7e-m/nofp\libg.a(lib_a-signalr.o)
                0x08012030                _getpid_r
 .text.__sread  0x08012034       0x24 d:/progra~1/mingw/gcc-ar~1/bin/../lib/gcc/arm-none-eabi/10.3.1/../../../../arm-none-eabi/lib/thumb/v7e-m/nofp\libg.a(lib_a-stdio.o)
                0x08012034                __sread
 .text.__swrite
                0x08012058       0x40 d:/progra~1/mingw/gcc-ar~1/bin/../lib/gcc/arm-none-eabi/10.3.1/../../../../arm-none-eabi/lib/thumb/v7e-m/nofp\libg.a(lib_a-stdio.o)
                0x08012058                __swrite
 .text.__sseek  0x08012098       0x20 d:/progra~1/mingw/gcc-ar~1/bin/../lib/gcc/arm-none-eabi/10.3.1/../../../../arm-none-eabi/lib/thumb/v7e-m/nofp\libg.a(lib_a-stdio.o)
                0x08012098                __sseek
 .text.__sclose
                0x080120b8        0x8 d:/progra~1/mingw/gcc-ar~1/bin/../lib/gcc/arm-none-eabi/10.3.1/../../../../arm-none-eabi/lib/thumb/v7e-m/nofp\libg.a(lib_a-stdio.o)
                0x080120b8                __sclose
 .text.__swbuf_r
                0x080120c0       0xb0 d:/progra~1/mingw/gcc-ar~1/bin/../lib/gcc/arm-none-eabi/10.3.1/../../../../arm-none-eabi/lib/thumb/v7e-m/nofp\libg.a(lib_a-wbuf.o)
                0x080120c0                __swbuf_r
 .text._wcrtomb_r
                0x08012170       0x3c d:/progra~1/mingw/gcc-ar~1/bin/../lib/gcc/arm-none-eabi/10.3.1/../../../../arm-none-eabi/lib/thumb/v7e-m/nofp\libg.a(lib_a-wcrtomb.o)
                0x08012170                _wcrtomb_r
 .text._write_r
                0x080121ac       0x2c d:/progra~1/mingw/gcc-ar~1/bin/../lib/gcc/arm-none-eabi/10.3.1/../../../../arm-none-eabi/lib/thumb/v7e-m/nofp\libg.a(lib_a-writer.o)
                0x080121ac                _write_r
 .text._close_r
                0x080121d8       0x24 d:/progra~1/mingw/gcc-ar~1/bin/../lib/gcc/arm-none-eabi/10.3.1/../../../../arm-none-eabi/lib/thumb/v7e-m/nofp\libg.a(lib_a-closer.o)
                0x080121d8                _close_r
 .text._fclose_r
                0x080121fc       0xcc d:/progra~1/mingw/gcc-ar~1/bin/../lib/gcc/arm-none-eabi/10.3.1/../../../../arm-none-eabi/lib/thumb/v7e-m/nofp\libg.a(lib_a-fclose.o)
                0x080121fc                _fclose_r
 .text._fstat_r
                0x080122c8       0x2c d:/progra~1/mingw/gcc-ar~1/bin/../lib/gcc/arm-none-eabi/10.3.1/../../../../arm-none-eabi/lib/thumb/v7e-m/nofp\libg.a(lib_a-fstatr.o)
                0x080122c8                _fstat_r
 .text._isatty_r
                0x080122f4       0x24 d:/progra~1/mingw/gcc-ar~1/bin/../lib/gcc/arm-none-eabi/10.3.1/../../../../arm-none-eabi/lib/thumb/v7e-m/nofp\libg.a(lib_a-isattyr.o)
                0x080122f4                _isatty_r
 .text._lseek_r
                0x08012318       0x2c d:/progra~1/mingw/gcc-ar~1/bin/../lib/gcc/arm-none-eabi/10.3.1/../../../../arm-none-eabi/lib/thumb/v7e-m/nofp\libg.a(lib_a-lseekr.o)
                0x08012318                _lseek_r
 .text._read_r  0x08012344       0x2c d:/progra~1/mingw/gcc-ar~1/bin/../lib/gcc/arm-none-eabi/10.3.1/../../../../arm-none-eabi/lib/thumb/v7e-m/nofp\libg.a(lib_a-readr.o)
                0x08012344                _read_r
 .text.floor    0x08012370       0xf8 d:/progra~1/mingw/gcc-ar~1/bin/../lib/gcc/arm-none-eabi/10.3.1/../../../../arm-none-eabi/lib/thumb/v7e-m/nofp\libm.a(lib_a-s_floor.o)
                0x08012370                floor
 .text.pow      0x08012468       0xdc d:/progra~1/mingw/gcc-ar~1/bin/../lib/gcc/arm-none-eabi/10.3.1/../../../../arm-none-eabi/lib/thumb/v7e-m/nofp\libm.a(lib_a-w_pow.o)
                0x08012468                pow
 .text.sqrt     0x08012544       0x50 d:/progra~1/mingw/gcc-ar~1/bin/../lib/gcc/arm-none-eabi/10.3.1/../../../../arm-none-eabi/lib/thumb/v7e-m/nofp\libm.a(lib_a-w_sqrt.o)
                0x08012544                sqrt
 *fill*         0x08012594        0x4 
 .text.__ieee754_pow
                0x08012598      0xad8 d:/progra~1/mingw/gcc-ar~1/bin/../lib/gcc/arm-none-eabi/10.3.1/../../../../arm-none-eabi/lib/thumb/v7e-m/nofp\libm.a(lib_a-e_pow.o)
                0x08012598                __ieee754_pow
 .text.__ieee754_sqrt
                0x08013070      0x18c d:/progra~1/mingw/gcc-ar~1/bin/../lib/gcc/arm-none-eabi/10.3.1/../../../../arm-none-eabi/lib/thumb/v7e-m/nofp\libm.a(lib_a-e_sqrt.o)
                0x08013070                __ieee754_sqrt
 .text.with_errno
                0x080131fc       0x18 d:/progra~1/mingw/gcc-ar~1/bin/../lib/gcc/arm-none-eabi/10.3.1/../../../../arm-none-eabi/lib/thumb/v7e-m/nofp\libm.a(lib_a-math_err.o)
 .text.xflow    0x08013214       0x30 d:/progra~1/mingw/gcc-ar~1/bin/../lib/gcc/arm-none-eabi/10.3.1/../../../../arm-none-eabi/lib/thumb/v7e-m/nofp\libm.a(lib_a-math_err.o)
 .text.__math_uflow
                0x08013244        0xc d:/progra~1/mingw/gcc-ar~1/bin/../lib/gcc/arm-none-eabi/10.3.1/../../../../arm-none-eabi/lib/thumb/v7e-m/nofp\libm.a(lib_a-math_err.o)
                0x08013244                __math_uflow
 .text.__math_oflow
                0x08013250        0xc d:/progra~1/mingw/gcc-ar~1/bin/../lib/gcc/arm-none-eabi/10.3.1/../../../../arm-none-eabi/lib/thumb/v7e-m/nofp\libm.a(lib_a-math_err.o)
                0x08013250                __math_oflow
 .text.fabs     0x0801325c        0x8 d:/progra~1/mingw/gcc-ar~1/bin/../lib/gcc/arm-none-eabi/10.3.1/../../../../arm-none-eabi/lib/thumb/v7e-m/nofp\libm.a(lib_a-s_fabs.o)
                0x0801325c                fabs
 .text.finite   0x08013264        0xc d:/progra~1/mingw/gcc-ar~1/bin/../lib/gcc/arm-none-eabi/10.3.1/../../../../arm-none-eabi/lib/thumb/v7e-m/nofp\libm.a(lib_a-s_finite.o)
                0x08013264                finite
 .text.scalbn   0x08013270       0xf4 d:/progra~1/mingw/gcc-ar~1/bin/../lib/gcc/arm-none-eabi/10.3.1/../../../../arm-none-eabi/lib/thumb/v7e-m/nofp\libm.a(lib_a-s_scalbn.o)
                0x08013270                scalbn
 *(.glue_7)
 .glue_7        0x08013364        0x0 linker stubs
 *(.glue_7t)
 .glue_7t       0x08013364        0x0 linker stubs
 *(.eh_frame)
 .eh_frame      0x08013364        0x0 d:/progra~1/mingw/gcc-ar~1/bin/../lib/gcc/arm-none-eabi/10.3.1/thumb/v7e-m/nofp/crtbegin.o
 *(.init)
 .init          0x08013364        0x4 d:/progra~1/mingw/gcc-ar~1/bin/../lib/gcc/arm-none-eabi/10.3.1/thumb/v7e-m/nofp/crti.o
                0x08013364                _init
 .init          0x08013368        0x8 d:/progra~1/mingw/gcc-ar~1/bin/../lib/gcc/arm-none-eabi/10.3.1/thumb/v7e-m/nofp/crtn.o
 *(.fini)
 .fini          0x08013370        0x4 d:/progra~1/mingw/gcc-ar~1/bin/../lib/gcc/arm-none-eabi/10.3.1/thumb/v7e-m/nofp/crti.o
                0x08013370                _fini
 .fini          0x08013374        0x8 d:/progra~1/mingw/gcc-ar~1/bin/../lib/gcc/arm-none-eabi/10.3.1/thumb/v7e-m/nofp/crtn.o
                0x0801337c                . = ALIGN (0x4)
                0x0801337c                _etext = .

.vfp11_veneer   0x0801337c        0x0
 .vfp11_veneer  0x0801337c        0x0 linker stubs

.v4_bx          0x0801337c        0x0
 .v4_bx         0x0801337c        0x0 linker stubs

.iplt           0x0801337c        0x0
 .iplt          0x0801337c        0x0 d:/progra~1/mingw/gcc-ar~1/bin/../lib/gcc/arm-none-eabi/10.3.1/thumb/v7e-m/nofp/crtbegin.o

.rodata         0x08013380     0x1428
                0x08013380                . = ALIGN (0x4)
 *(.rodata)
 *(.rodata*)
 .rodata.main.str1.4
                0x08013380       0x39 CMakeFiles/openDoor.elf.dir/Core/Src/main.c.obj
 *fill*         0x080133b9        0x3 
 .rodata.AHBPrescTable
                0x080133bc       0x10 CMakeFiles/openDoor.elf.dir/Core/Src/system_stm32f4xx.c.obj
                0x080133bc                AHBPrescTable
 .rodata.APBPrescTable
                0x080133cc        0x8 CMakeFiles/openDoor.elf.dir/Core/Src/system_stm32f4xx.c.obj
                0x080133cc                APBPrescTable
 .rodata.flagBitshiftOffset.0
                0x080133d4        0x8 CMakeFiles/openDoor.elf.dir/Drivers/STM32F4xx_HAL_Driver/Src/stm32f4xx_hal_dma.c.obj
 .rodata.asc2_1206
                0x080133dc      0x474 CMakeFiles/openDoor.elf.dir/SYSTEM/lcd.c.obj
                0x080133dc                asc2_1206
 .rodata.asc2_1608
                0x08013850      0x5f0 CMakeFiles/openDoor.elf.dir/SYSTEM/lcd.c.obj
                0x08013850                asc2_1608
 .rodata.TP_Adj_Info_Show.str1.4
                0x08013e40       0x28 CMakeFiles/openDoor.elf.dir/SYSTEM/touch.c.obj
 .rodata.TP_Adjust.str1.4
                0x08013e68       0x2c CMakeFiles/openDoor.elf.dir/SYSTEM/touch.c.obj
 .rodata.str1.4
                0x08013e94       0x82 CMakeFiles/openDoor.elf.dir/SYSTEM/touch.c.obj
 *fill*         0x08013f16        0x2 
 .rodata.sendMQTTHaveTopic.str1.4
                0x08013f18       0x2b CMakeFiles/openDoor.elf.dir/USER/ESP8266.c.obj
 *fill*         0x08013f43        0x1 
 .rodata.dateRX.str1.4
                0x08013f44        0x5 CMakeFiles/openDoor.elf.dir/USER/R.c.obj
 *fill*         0x08013f49        0x3 
 .rodata.EnsureMessage.str1.4
                0x08013f4c      0x163 CMakeFiles/openDoor.elf.dir/USER/as608.c.obj
 *fill*         0x080140af        0x1 
 .rodata.ShowErrMessage.str1.4
                0x080140b0       0x35 CMakeFiles/openDoor.elf.dir/USER/as608.c.obj
 *fill*         0x080140e5        0x3 
 .rodata.Add_FR.str1.4
                0x080140e8       0xb4 CMakeFiles/openDoor.elf.dir/USER/as608.c.obj
 .rodata.press_FR.str1.4
                0x0801419c       0x41 CMakeFiles/openDoor.elf.dir/USER/as608.c.obj
 *fill*         0x080141dd        0x3 
 .rodata.Del_FR.str1.4
                0x080141e0       0x4f CMakeFiles/openDoor.elf.dir/USER/as608.c.obj
 *fill*         0x0801422f        0x1 
 .rodata.openDoorForMQTT.str1.4
                0x08014230       0xd2 CMakeFiles/openDoor.elf.dir/USER/funHandle.c.obj
                                 0xe6 (size before relaxing)
 *fill*         0x08014302        0x2 
 .rodata.LCD_AS608_UI.str1.4
                0x08014304        0xa CMakeFiles/openDoor.elf.dir/USER/ui.c.obj
 *fill*         0x0801430e        0x2 
 .rodata.str1.4
                0x08014310       0x5b CMakeFiles/openDoor.elf.dir/USER/ui.c.obj
 *fill*         0x0801436b        0x1 
 .rodata.parse_value.str1.4
                0x0801436c       0x15 CMakeFiles/openDoor.elf.dir/UTILS/cJSON.c.obj
 *fill*         0x08014381        0x3 
 .rodata.print_number.str1.4
                0x08014384        0xf CMakeFiles/openDoor.elf.dir/UTILS/cJSON.c.obj
                                 0x17 (size before relaxing)
 *fill*         0x08014393        0x1 
 .rodata.print_string_ptr.str1.4
                0x08014394       0x12 CMakeFiles/openDoor.elf.dir/UTILS/cJSON.c.obj
 *fill*         0x080143a6        0x2 
 .rodata.print_array.str1.4
                0x080143a8        0x3 CMakeFiles/openDoor.elf.dir/UTILS/cJSON.c.obj
 *fill*         0x080143ab        0x1 
 .rodata.firstByteMark
                0x080143ac        0x7 CMakeFiles/openDoor.elf.dir/UTILS/cJSON.c.obj
 *fill*         0x080143b3        0x1 
 .rodata._ctype_
                0x080143b4      0x101 d:/progra~1/mingw/gcc-ar~1/bin/../lib/gcc/arm-none-eabi/10.3.1/../../../../arm-none-eabi/lib/thumb/v7e-m/nofp\libg.a(lib_a-ctype_.o)
                0x080143b4                _ctype_
 *fill*         0x080144b5        0x3 
 .rodata._global_impure_ptr
                0x080144b8        0x4 d:/progra~1/mingw/gcc-ar~1/bin/../lib/gcc/arm-none-eabi/10.3.1/../../../../arm-none-eabi/lib/thumb/v7e-m/nofp\libg.a(lib_a-impure.o)
                0x080144b8                _global_impure_ptr
 .rodata._svfprintf_r.str1.4
                0x080144bc       0x3f d:/progra~1/mingw/gcc-ar~1/bin/../lib/gcc/arm-none-eabi/10.3.1/../../../../arm-none-eabi/lib/thumb/v7e-m/nofp\libg.a(lib_a-svfprintf.o)
                                 0x42 (size before relaxing)
 *fill*         0x080144fb        0x1 
 .rodata.blanks.1
                0x080144fc       0x10 d:/progra~1/mingw/gcc-ar~1/bin/../lib/gcc/arm-none-eabi/10.3.1/../../../../arm-none-eabi/lib/thumb/v7e-m/nofp\libg.a(lib_a-svfprintf.o)
 .rodata.zeroes.0
                0x0801450c       0x10 d:/progra~1/mingw/gcc-ar~1/bin/../lib/gcc/arm-none-eabi/10.3.1/../../../../arm-none-eabi/lib/thumb/v7e-m/nofp\libg.a(lib_a-svfprintf.o)
 .rodata._dtoa_r.str1.4
                0x0801451c       0xa2 d:/progra~1/mingw/gcc-ar~1/bin/../lib/gcc/arm-none-eabi/10.3.1/../../../../arm-none-eabi/lib/thumb/v7e-m/nofp\libg.a(lib_a-dtoa.o)
                                 0xa6 (size before relaxing)
 *fill*         0x080145be        0x2 
 .rodata.__multadd.str1.4
                0x080145c0       0x7f d:/progra~1/mingw/gcc-ar~1/bin/../lib/gcc/arm-none-eabi/10.3.1/../../../../arm-none-eabi/lib/thumb/v7e-m/nofp\libg.a(lib_a-mprec.o)
                                 0x93 (size before relaxing)
 *fill*         0x0801463f        0x1 
 .rodata.__mprec_bigtens
                0x08014640       0x28 d:/progra~1/mingw/gcc-ar~1/bin/../lib/gcc/arm-none-eabi/10.3.1/../../../../arm-none-eabi/lib/thumb/v7e-m/nofp\libg.a(lib_a-mprec.o)
                0x08014640                __mprec_bigtens
 .rodata.__mprec_tens
                0x08014668       0xc8 d:/progra~1/mingw/gcc-ar~1/bin/../lib/gcc/arm-none-eabi/10.3.1/../../../../arm-none-eabi/lib/thumb/v7e-m/nofp\libg.a(lib_a-mprec.o)
                0x08014668                __mprec_tens
 .rodata.p05.0  0x08014730        0xc d:/progra~1/mingw/gcc-ar~1/bin/../lib/gcc/arm-none-eabi/10.3.1/../../../../arm-none-eabi/lib/thumb/v7e-m/nofp\libg.a(lib_a-mprec.o)
 .rodata.__assert_func.str1.4
                0x0801473c       0x3f d:/progra~1/mingw/gcc-ar~1/bin/../lib/gcc/arm-none-eabi/10.3.1/../../../../arm-none-eabi/lib/thumb/v7e-m/nofp\libg.a(lib_a-assert.o)
                                 0x43 (size before relaxing)
 *fill*         0x0801477b        0x1 
 .rodata._setlocale_r.str1.4
                0x0801477c        0x6 d:/progra~1/mingw/gcc-ar~1/bin/../lib/gcc/arm-none-eabi/10.3.1/../../../../arm-none-eabi/lib/thumb/v7e-m/nofp\libg.a(lib_a-locale.o)
                                  0xd (size before relaxing)
 *fill*         0x08014782        0x2 
 .rodata.str1.4
                0x08014784        0x2 d:/progra~1/mingw/gcc-ar~1/bin/../lib/gcc/arm-none-eabi/10.3.1/../../../../arm-none-eabi/lib/thumb/v7e-m/nofp\libg.a(lib_a-locale.o)
 .rodata._vfiprintf_r.str1.4
                0x08014786       0x2f d:/progra~1/mingw/gcc-ar~1/bin/../lib/gcc/arm-none-eabi/10.3.1/../../../../arm-none-eabi/lib/thumb/v7e-m/nofp\libg.a(lib_a-vfiprintf.o)
 *fill*         0x08014786        0x2 
 .rodata.blanks.1
                0x08014788       0x10 d:/progra~1/mingw/gcc-ar~1/bin/../lib/gcc/arm-none-eabi/10.3.1/../../../../arm-none-eabi/lib/thumb/v7e-m/nofp\libg.a(lib_a-vfiprintf.o)
 .rodata.zeroes.0
                0x08014798       0x10 d:/progra~1/mingw/gcc-ar~1/bin/../lib/gcc/arm-none-eabi/10.3.1/../../../../arm-none-eabi/lib/thumb/v7e-m/nofp\libg.a(lib_a-vfiprintf.o)
                0x080147a8                . = ALIGN (0x4)

.ARM.extab      0x080147a8        0x0
                0x080147a8                . = ALIGN (0x4)
 *(.ARM.extab* .gnu.linkonce.armextab.*)
                0x080147a8                . = ALIGN (0x4)

.ARM            0x080147a8        0x8
                0x080147a8                . = ALIGN (0x4)
                0x080147a8                __exidx_start = .
 *(.ARM.exidx*)
 .ARM.exidx     0x080147a8        0x8 d:/progra~1/mingw/gcc-ar~1/bin/../lib/gcc/arm-none-eabi/10.3.1/thumb/v7e-m/nofp\libgcc.a(_udivmoddi4.o)
                0x080147b0                __exidx_end = .
                0x080147b0                . = ALIGN (0x4)

.rel.dyn        0x080147b0        0x0
 .rel.iplt      0x080147b0        0x0 d:/progra~1/mingw/gcc-ar~1/bin/../lib/gcc/arm-none-eabi/10.3.1/thumb/v7e-m/nofp/crtbegin.o

.preinit_array  0x080147b0        0x0
                0x080147b0                . = ALIGN (0x4)
                0x080147b0                PROVIDE (__preinit_array_start = .)
 *(.preinit_array*)
                0x080147b0                PROVIDE (__preinit_array_end = .)
                0x080147b0                . = ALIGN (0x4)

.init_array     0x080147b0        0x8
                0x080147b0                . = ALIGN (0x4)
                0x080147b0                PROVIDE (__init_array_start = .)
 *(SORT_BY_NAME(.init_array.*))
 .init_array.00000
                0x080147b0        0x4 d:/progra~1/mingw/gcc-ar~1/bin/../lib/gcc/arm-none-eabi/10.3.1/../../../../arm-none-eabi/lib/thumb/v7e-m/nofp\libg.a(lib_a-__call_atexit.o)
 *(.init_array*)
 .init_array    0x080147b4        0x4 d:/progra~1/mingw/gcc-ar~1/bin/../lib/gcc/arm-none-eabi/10.3.1/thumb/v7e-m/nofp/crtbegin.o
                0x080147b8                PROVIDE (__init_array_end = .)
                0x080147b8                . = ALIGN (0x4)

.fini_array     0x080147b8        0x4
                0x080147b8                . = ALIGN (0x4)
                0x080147b8                PROVIDE (__fini_array_start = .)
 *(SORT_BY_NAME(.fini_array.*))
 *(.fini_array*)
 .fini_array    0x080147b8        0x4 d:/progra~1/mingw/gcc-ar~1/bin/../lib/gcc/arm-none-eabi/10.3.1/thumb/v7e-m/nofp/crtbegin.o
                0x080147bc                PROVIDE (__fini_array_end = .)
                0x080147bc                . = ALIGN (0x4)
                0x080147bc                _sidata = LOADADDR (.data)

.data           0x20000000     0x1ea8 load address 0x080147bc
                0x20000000                . = ALIGN (0x4)
                0x20000000                _sdata = .
 *(.data)
 *(.data*)
 .data.SystemCoreClock
                0x20000000        0x4 CMakeFiles/openDoor.elf.dir/Core/Src/system_stm32f4xx.c.obj
                0x20000000                SystemCoreClock
 .data.uwTickFreq
                0x20000004        0x1 CMakeFiles/openDoor.elf.dir/Drivers/STM32F4xx_HAL_Driver/Src/stm32f4xx_hal.c.obj
                0x20000004                uwTickFreq
 *fill*         0x20000005        0x3 
 .data.uwTickPrio
                0x20000008        0x4 CMakeFiles/openDoor.elf.dir/Drivers/STM32F4xx_HAL_Driver/Src/stm32f4xx_hal.c.obj
                0x20000008                uwTickPrio
 .data.GBHZ_16  0x2000000c     0x1254 CMakeFiles/openDoor.elf.dir/SYSTEM/lcd.c.obj
                0x2000000c                GBHZ_16
 .data.GBHZ_32  0x20001260      0x186 CMakeFiles/openDoor.elf.dir/SYSTEM/lcd.c.obj
                0x20001260                GBHZ_32
 .data.CMD_RDX  0x200013e6        0x1 CMakeFiles/openDoor.elf.dir/SYSTEM/touch.c.obj
                0x200013e6                CMD_RDX
 .data.CMD_RDY  0x200013e7        0x1 CMakeFiles/openDoor.elf.dir/SYSTEM/touch.c.obj
                0x200013e7                CMD_RDY
 .data.TP_REMIND_MSG_TBL
                0x200013e8        0x4 CMakeFiles/openDoor.elf.dir/SYSTEM/touch.c.obj
                0x200013e8                TP_REMIND_MSG_TBL
 .data.tp_dev   0x200013ec       0x34 CMakeFiles/openDoor.elf.dir/SYSTEM/touch.c.obj
                0x200013ec                tp_dev
 .data.sched_tasks
                0x20001420       0x48 CMakeFiles/openDoor.elf.dir/USER/Scheduler.c.obj
 .data.AS608Addr
                0x20001468        0x4 CMakeFiles/openDoor.elf.dir/USER/as608.c.obj