Archive member included to satisfy reference by file (symbol)

d:/progra~1/mingw/gcc-ar~1/bin/../lib/gcc/arm-none-eabi/10.3.1/thumb/v7e-m/nofp\libgcc.a(_arm_muldf3.o)
                              CMakeFiles/openDoor.elf.dir/SYSTEM/touch.c.obj (__aeabi_dmul)
d:/progra~1/mingw/gcc-ar~1/bin/../lib/gcc/arm-none-eabi/10.3.1/thumb/v7e-m/nofp\libgcc.a(_arm_mulsf3.o)
                              CMakeFiles/openDoor.elf.dir/SYSTEM/touch.c.obj (__aeabi_fmul)
d:/progra~1/mingw/gcc-ar~1/bin/../lib/gcc/arm-none-eabi/10.3.1/thumb/v7e-m/nofp\libgcc.a(_arm_addsubdf3.o)
                              CMakeFiles/openDoor.elf.dir/UTILS/cJSON.c.obj (__aeabi_dsub)
d:/progra~1/mingw/gcc-ar~1/bin/../lib/gcc/arm-none-eabi/10.3.1/thumb/v7e-m/nofp\libgcc.a(_arm_cmpdf2.o)
                              CMakeFiles/openDoor.elf.dir/UTILS/cJSON.c.obj (__aeabi_dcmpeq)
d:/progra~1/mingw/gcc-ar~1/bin/../lib/gcc/arm-none-eabi/10.3.1/thumb/v7e-m/nofp\libgcc.a(_arm_fixdfsi.o)
                              CMakeFiles/openDoor.elf.dir/USER/dataUtils.c.obj (__aeabi_d2iz)
d:/progra~1/mingw/gcc-ar~1/bin/../lib/gcc/arm-none-eabi/10.3.1/thumb/v7e-m/nofp\libgcc.a(_arm_fixunsdfsi.o)
                              CMakeFiles/openDoor.elf.dir/SYSTEM/touch.c.obj (__aeabi_d2uiz)
d:/progra~1/mingw/gcc-ar~1/bin/../lib/gcc/arm-none-eabi/10.3.1/thumb/v7e-m/nofp\libgcc.a(_arm_truncdfsf2.o)
                              CMakeFiles/openDoor.elf.dir/USER/dataUtils.c.obj (__aeabi_d2f)
d:/progra~1/mingw/gcc-ar~1/bin/../lib/gcc/arm-none-eabi/10.3.1/thumb/v7e-m/nofp\libgcc.a(_arm_addsubsf3.o)
                              CMakeFiles/openDoor.elf.dir/SYSTEM/touch.c.obj (__aeabi_fsub)
d:/progra~1/mingw/gcc-ar~1/bin/../lib/gcc/arm-none-eabi/10.3.1/thumb/v7e-m/nofp\libgcc.a(_arm_muldivsf3.o)
                              CMakeFiles/openDoor.elf.dir/SYSTEM/touch.c.obj (__aeabi_fdiv)
d:/progra~1/mingw/gcc-ar~1/bin/../lib/gcc/arm-none-eabi/10.3.1/thumb/v7e-m/nofp\libgcc.a(_arm_cmpsf2.o)
                              CMakeFiles/openDoor.elf.dir/USER/dataUtils.c.obj (__aeabi_fcmpeq)
d:/progra~1/mingw/gcc-ar~1/bin/../lib/gcc/arm-none-eabi/10.3.1/thumb/v7e-m/nofp\libgcc.a(_arm_fixsfsi.o)
                              CMakeFiles/openDoor.elf.dir/SYSTEM/touch.c.obj (__aeabi_f2iz)
d:/progra~1/mingw/gcc-ar~1/bin/../lib/gcc/arm-none-eabi/10.3.1/thumb/v7e-m/nofp\libgcc.a(_arm_fixunssfsi.o)
                              CMakeFiles/openDoor.elf.dir/SYSTEM/touch.c.obj (__aeabi_f2uiz)
d:/progra~1/mingw/gcc-ar~1/bin/../lib/gcc/arm-none-eabi/10.3.1/thumb/v7e-m/nofp\libgcc.a(_aeabi_uldivmod.o)
                              CMakeFiles/openDoor.elf.dir/Drivers/STM32F4xx_HAL_Driver/Src/stm32f4xx_hal_rcc.c.obj (__aeabi_uldivmod)
d:/progra~1/mingw/gcc-ar~1/bin/../lib/gcc/arm-none-eabi/10.3.1/thumb/v7e-m/nofp\libgcc.a(_udivmoddi4.o)
                              d:/progra~1/mingw/gcc-ar~1/bin/../lib/gcc/arm-none-eabi/10.3.1/thumb/v7e-m/nofp\libgcc.a(_aeabi_uldivmod.o) (__udivmoddi4)
d:/progra~1/mingw/gcc-ar~1/bin/../lib/gcc/arm-none-eabi/10.3.1/thumb/v7e-m/nofp\libgcc.a(_dvmd_tls.o)
                              d:/progra~1/mingw/gcc-ar~1/bin/../lib/gcc/arm-none-eabi/10.3.1/thumb/v7e-m/nofp\libgcc.a(_aeabi_uldivmod.o) (__aeabi_ldiv0)
d:/progra~1/mingw/gcc-ar~1/bin/../lib/gcc/arm-none-eabi/10.3.1/../../../../arm-none-eabi/lib/thumb/v7e-m/nofp\libg.a(lib_a-ctype_.o)
                              CMakeFiles/openDoor.elf.dir/UTILS/cJSON.c.obj (_ctype_)
d:/progra~1/mingw/gcc-ar~1/bin/../lib/gcc/arm-none-eabi/10.3.1/../../../../arm-none-eabi/lib/thumb/v7e-m/nofp\libg.a(lib_a-errno.o)
                              CMakeFiles/openDoor.elf.dir/Core/Src/syscalls.c.obj (__errno)
d:/progra~1/mingw/gcc-ar~1/bin/../lib/gcc/arm-none-eabi/10.3.1/../../../../arm-none-eabi/lib/thumb/v7e-m/nofp\libg.a(lib_a-exit.o)
                              d:/progra~1/mingw/gcc-ar~1/bin/../lib/gcc/arm-none-eabi/10.3.1/../../../../arm-none-eabi/lib/thumb/v7e-m/nofp/crt0.o (exit)
d:/progra~1/mingw/gcc-ar~1/bin/../lib/gcc/arm-none-eabi/10.3.1/../../../../arm-none-eabi/lib/thumb/v7e-m/nofp\libg.a(lib_a-impure.o)
                              d:/progra~1/mingw/gcc-ar~1/bin/../lib/gcc/arm-none-eabi/10.3.1/../../../../arm-none-eabi/lib/thumb/v7e-m/nofp\libg.a(lib_a-exit.o) (_global_impure_ptr)
d:/progra~1/mingw/gcc-ar~1/bin/../lib/gcc/arm-none-eabi/10.3.1/../../../../arm-none-eabi/lib/thumb/v7e-m/nofp\libg.a(lib_a-init.o)
                              d:/progra~1/mingw/gcc-ar~1/bin/../lib/gcc/arm-none-eabi/10.3.1/../../../../arm-none-eabi/lib/thumb/v7e-m/nofp/crt0.o (__libc_init_array)
d:/progra~1/mingw/gcc-ar~1/bin/../lib/gcc/arm-none-eabi/10.3.1/../../../../arm-none-eabi/lib/thumb/v7e-m/nofp\libg.a(lib_a-malloc.o)
                              CMakeFiles/openDoor.elf.dir/UTILS/cJSON.c.obj (malloc)
d:/progra~1/mingw/gcc-ar~1/bin/../lib/gcc/arm-none-eabi/10.3.1/../../../../arm-none-eabi/lib/thumb/v7e-m/nofp\libg.a(lib_a-mallocr.o)
[...]
Memory Configuration

Name             Origin             Length             Attributes
CCMRAM           0x10000000         0x00010000         xrw
RAM              0x20000000         0x00030000         xrw
FLASH            0x08000000         0x00100000         xr
*default*        0x00000000         0xffffffff

Linker script and memory map

LOAD d:/progra~1/mingw/gcc-ar~1/bin/../lib/gcc/arm-none-eabi/10.3.1/thumb/v7e-m/nofp/crti.o
LOAD d:/progra~1/mingw/gcc-ar~1/bin/../lib/gcc/arm-none-eabi/10.3.1/thumb/v7e-m/nofp/crtbegin.o
LOAD d:/progra~1/mingw/gcc-ar~1/bin/../lib/gcc/arm-none-eabi/10.3.1/../../../../arm-none-eabi/lib/thumb/v7e-m/nofp/crt0.o
LOAD CMakeFiles/openDoor.elf.dir/Core/Src/fmc.c.obj
LOAD CMakeFiles/openDoor.elf.dir/Core/Src/gpio.c.obj
LOAD CMakeFiles/openDoor.elf.dir/Core/Src/main.c.obj
LOAD CMakeFiles/openDoor.elf.dir/Core/Src/stm32f4xx_hal_msp.c.obj
LOAD CMakeFiles/openDoor.elf.dir/Core/Src/stm32f4xx_it.c.obj
LOAD CMakeFiles/openDoor.elf.dir/Core/Src/syscalls.c.obj
LOAD CMakeFiles/openDoor.elf.dir/Core/Src/sysmem.c.obj
LOAD CMakeFiles/openDoor.elf.dir/Core/Src/system_stm32f4xx.c.obj
LOAD CMakeFiles/openDoor.elf.dir/Core/Src/tim.c.obj
LOAD CMakeFiles/openDoor.elf.dir/Core/Src/usart.c.obj
LOAD CMakeFiles/openDoor.elf.dir/Core/Startup/startup_stm32f427vgtx.s.obj
LOAD CMakeFiles/openDoor.elf.dir/Drivers/STM32F4xx_HAL_Driver/Src/stm32f4xx_hal.c.obj
LOAD CMakeFiles/openDoor.elf.dir/Drivers/STM32F4xx_HAL_Driver/Src/stm32f4xx_hal_cortex.c.obj
LOAD CMakeFiles/openDoor.elf.dir/Drivers/STM32F4xx_HAL_Driver/Src/stm32f4xx_hal_dma.c.obj
LOAD CMakeFiles/openDoor.elf.dir/Drivers/STM32F4xx_HAL_Driver/Src/stm32f4xx_hal_dma_ex.c.obj
LOAD CMakeFiles/openDoor.elf.dir/Drivers/STM32F4xx_HAL_Driver/Src/stm32f4xx_hal_exti.c.obj
LOAD CMakeFiles/openDoor.elf.dir/Drivers/STM32F4xx_HAL_Driver/Src/stm32f4xx_hal_flash.c.obj
LOAD CMakeFiles/openDoor.elf.dir/Drivers/STM32F4xx_HAL_Driver/Src/stm32f4xx_hal_flash_ex.c.obj
LOAD CMakeFiles/openDoor.elf.dir/Drivers/STM32F4xx_HAL_Driver/Src/stm32f4xx_hal_flash_ramfunc.c.obj
LOAD CMakeFiles/openDoor.elf.dir/Drivers/STM32F4xx_HAL_Driver/Src/stm32f4xx_hal_gpio.c.obj
LOAD CMakeFiles/openDoor.elf.dir/Drivers/STM32F4xx_HAL_Driver/Src/stm32f4xx_hal_pwr.c.obj
LOAD CMakeFiles/openDoor.elf.dir/Drivers/STM32F4xx_HAL_Driver/Src/stm32f4xx_hal_pwr_ex.c.obj
LOAD CMakeFiles/openDoor.elf.dir/Drivers/STM32F4xx_HAL_Driver/Src/stm32f4xx_hal_rcc.c.obj
LOAD CMakeFiles/openDoor.elf.dir/Drivers/STM32F4xx_HAL_Driver/Src/stm32f4xx_hal_rcc_ex.c.obj
LOAD CMakeFiles/openDoor.elf.dir/Drivers/STM32F4xx_HAL_Driver/Src/stm32f4xx_hal_sram.c.obj
LOAD CMakeFiles/openDoor.elf.dir/Drivers/STM32F4xx_HAL_Driver/Src/stm32f4xx_hal_tim.c.obj
LOAD CMakeFiles/openDoor.elf.dir/Drivers/STM32F4xx_HAL_Driver/Src/stm32f4xx_hal_tim_ex.c.obj
LOAD CMakeFiles/openDoor.elf.dir/Drivers/STM32F4xx_HAL_Driver/Src/stm32f4xx_hal_uart.c.obj
LOAD CMakeFiles/openDoor.elf.dir/Drivers/STM32F4xx_HAL_Driver/Src/stm32f4xx_ll_fmc.c.obj
LOAD CMakeFiles/openDoor.elf.dir/SYSTEM/delay.c.obj
LOAD CMakeFiles/openDoor.elf.dir/SYSTEM/lcd.c.obj
LOAD CMakeFiles/openDoor.elf.dir/SYSTEM/stmflash.c.obj
LOAD CMakeFiles/openDoor.elf.dir/SYSTEM/sys.c.obj
LOAD CMakeFiles/openDoor.elf.dir/SYSTEM/touch.c.obj
LOAD CMakeFiles/openDoor.elf.dir/USER/AS608HARD.c.obj
LOAD CMakeFiles/openDoor.elf.dir/USER/R.c.obj
LOAD CMakeFiles/openDoor.elf.dir/USER/Scheduler.c.obj
LOAD CMakeFiles/openDoor.elf.dir/USER/Screen.c.obj
LOAD CMakeFiles/openDoor.elf.dir/USER/as608.c.obj
LOAD CMakeFiles/openDoor.elf.dir/USER/dataUtils.c.obj
LOAD CMakeFiles/openDoor.elf.dir/USER/ui.c.obj
LOAD CMakeFiles/openDoor.elf.dir/USER/usartMy.c.obj
LOAD CMakeFiles/openDoor.elf.dir/UTILS/cJSON.c.obj
START GROUP
LOAD d:/progra~1/mingw/gcc-ar~1/bin/../lib/gcc/arm-none-eabi/10.3.1/thumb/v7e-m/nofp\libgcc.a
LOAD d:/progra~1/mingw/gcc-ar~1/bin/../lib/gcc/arm-none-eabi/10.3.1/../../../../arm-none-eabi/lib/thumb/v7e-m/nofp\libg.a
LOAD d:/progra~1/mingw/gcc-ar~1/bin/../lib/gcc/arm-none-eabi/10.3.1/../../../../arm-none-eabi/lib/thumb/v7e-m/nofp\libc.a
END GROUP
LOAD d:/progra~1/mingw/gcc-ar~1/bin/../lib/gcc/arm-none-eabi/10.3.1/thumb/v7e-m/nofp/crtend.o
LOAD d:/progra~1/mingw/gcc-ar~1/bin/../lib/gcc/arm-none-eabi/10.3.1/thumb/v7e-m/nofp/crtn.o
                0x20030000                _estack = (ORIGIN (RAM) + LENGTH (RAM))
                0x00000200                _Min_Heap_Size = 0x200
                0x00000400                _Min_Stack_Size = 0x400

.isr_vector     0x08000000      0x1ac
                0x08000000                . = ALIGN (0x4)
 *(.isr_vector)
 .isr_vector    0x08000000      0x1ac CMakeFiles/openDoor.elf.dir/Core/Startup/startup_stm32f427vgtx.s.obj
                0x08000000                g_pfnVectors
                0x080001ac                . = ALIGN (0x4)

.text           0x080001c0    0x117cc
                0x080001c0                . = ALIGN (0x4)
 *(.text)
 .text          0x080001c0       0x40 d:/progra~1/mingw/gcc-ar~1/bin/../lib/gcc/arm-none-eabi/10.3.1/thumb/v7e-m/nofp/crtbegin.o
 .text          0x08000200      0x378 d:/progra~1/mingw/gcc-ar~1/bin/../lib/gcc/arm-none-eabi/10.3.1/thumb/v7e-m/nofp\libgcc.a(_arm_addsubdf3.o)
                0x08000200                __aeabi_drsub
                0x08000208                __aeabi_dsub
                0x08000208                __subdf3
                0x0800020c                __aeabi_dadd
                0x0800020c                __adddf3
                0x08000484                __floatunsidf
                0x08000484                __aeabi_ui2d
                0x080004a4                __floatsidf
                0x080004a4                __aeabi_i2d
                0x080004c8                __aeabi_f2d
                0x080004c8                __extendsfdf2
                0x0800050c                __floatundidf
                0x0800050c                __aeabi_ul2d
                0x0800051c                __floatdidf
                0x0800051c                __aeabi_l2d
 .text          0x08000578      0x110 d:/progra~1/mingw/gcc-ar~1/bin/../lib/gcc/arm-none-eabi/10.3.1/thumb/v7e-m/nofp\libgcc.a(_arm_cmpdf2.o)
                0x08000578                __gtdf2
                0x08000578                __gedf2
                0x08000580                __ltdf2
                0x08000580                __ledf2
                0x08000588                __nedf2
                0x08000588                __eqdf2
                0x08000588                __cmpdf2
                0x08000604                __aeabi_cdrcmple
                0x08000614                __aeabi_cdcmpeq
                0x08000614                __aeabi_cdcmple
                0x08000624                __aeabi_dcmpeq
                0x08000638                __aeabi_dcmplt
                0x0800064c                __aeabi_dcmple
                0x08000660                __aeabi_dcmpge
                0x08000674                __aeabi_dcmpgt
 .text          0x08000688       0x50 d:/progra~1/mingw/gcc-ar~1/bin/../lib/gcc/arm-none-eabi/10.3.1/thumb/v7e-m/nofp\libgcc.a(_arm_fixdfsi.o)
                0x08000688                __aeabi_d2iz
                0x08000688                __fixdfsi
 .text          0x080006d8       0x40 d:/progra~1/mingw/gcc-ar~1/bin/../lib/gcc/arm-none-eabi/10.3.1/thumb/v7e-m/nofp\libgcc.a(_arm_fixunsdfsi.o)
                0x080006d8                __aeabi_d2uiz
                0x080006d8                __fixunsdfsi
 .text          0x08000718      0x21c d:/progra~1/mingw/gcc-ar~1/bin/../lib/gcc/arm-none-eabi/10.3.1/thumb/v7e-m/nofp\libgcc.a(_arm_addsubsf3.o)
                0x08000718                __aeabi_frsub
                0x08000720                __subsf3
                0x08000720                __aeabi_fsub
                0x08000724                __aeabi_fadd
                0x08000724                __addsf3
                0x08000884                __aeabi_ui2f
                0x08000884                __floatunsisf
                0x0800088c                __aeabi_i2f
                0x0800088c                __floatsisf
                0x080008a8                __aeabi_ul2f
                0x080008a8                __floatundisf
                0x080008b8                __aeabi_l2f
                0x080008b8                __floatdisf
 .text          0x08000934      0x2a0 d:/progra~1/mingw/gcc-ar~1/bin/../lib/gcc/arm-none-eabi/10.3.1/thumb/v7e-m/nofp\libgcc.a(_arm_muldivsf3.o)
                0x08000934                __mulsf3
                0x08000934                __aeabi_fmul
                0x08000a9c                __aeabi_fdiv
                0x08000a9c                __divsf3
 .text          0x08000bd4       0x4c d:/progra~1/mingw/gcc-ar~1/bin/../lib/gcc/arm-none-eabi/10.3.1/thumb/v7e-m/nofp\libgcc.a(_arm_fixsfsi.o)
                0x08000bd4                __aeabi_f2iz
                0x08000bd4                __fixsfsi
 .text          0x08000c20       0x40 d:/progra~1/mingw/gcc-ar~1/bin/../lib/gcc/arm-none-eabi/10.3.1/thumb/v7e-m/nofp\libgcc.a(_arm_fixunssfsi.o)
                0x08000c20                __fixunssfsi
                0x08000c20                __aeabi_f2uiz
 .text          0x08000c60       0x30 d:/progra~1/mingw/gcc-ar~1/bin/../lib/gcc/arm-none-eabi/10.3.1/thumb/v7e-m/nofp\libgcc.a(_aeabi_uldivmod.o)
                0x08000c60                __aeabi_uldivmod
 .text          0x08000c90      0x2d0 d:/progra~1/mingw/gcc-ar~1/bin/../lib/gcc/arm-none-eabi/10.3.1/thumb/v7e-m/nofp\libgcc.a(_udivmoddi4.o)
                0x08000c90                __udivmoddi4
 .text          0x08000f60        0x4 d:/progra~1/mingw/gcc-ar~1/bin/../lib/gcc/arm-none-eabi/10.3.1/thumb/v7e-m/nofp\libgcc.a(_dvmd_tls.o)
                0x08000f60                __aeabi_idiv0
                0x08000f60                __aeabi_ldiv0
 .text          0x08000f64      0x134 d:/progra~1/mingw/gcc-ar~1/bin/../lib/gcc/arm-none-eabi/10.3.1/../../../../arm-none-eabi/lib/thumb/v7e-m/nofp\libg.a(lib_a-memcpy.o)
                0x08000f64                memcpy
 *fill*         0x08001098       0x28 
 .text          0x080010c0       0xdc d:/progra~1/mingw/gcc-ar~1/bin/../lib/gcc/arm-none-eabi/10.3.1/../../../../arm-none-eabi/lib/thumb/v7e-m/nofp\libg.a(lib_a-strlen.o)
                0x080010c0                strlen
 *fill*         0x0800119c        0x4 
 .text          0x080011a0       0xa0 d:/progra~1/mingw/gcc-ar~1/bin/../lib/gcc/arm-none-eabi/10.3.1/../../../../arm-none-eabi/lib/thumb/v7e-m/nofp\libg.a(lib_a-memchr.o)
                0x080011a0                memchr
 .text          0x08001240      0x424 d:/progra~1/mingw/gcc-ar~1/bin/../lib/gcc/arm-none-eabi/10.3.1/thumb/v7e-m/nofp\libgcc.a(_arm_muldivdf3.o)
                0x08001240                __aeabi_dmul
                0x08001240                __muldf3
                0x08001494                __divdf3
                0x08001494                __aeabi_ddiv
 .text          0x08001664       0x2c d:/progra~1/mingw/gcc-ar~1/bin/../lib/gcc/arm-none-eabi/10.3.1/thumb/v7e-m/nofp\libgcc.a(_arm_unorddf2.o)
                0x08001664                __unorddf2
                0x08001664                __aeabi_dcmpun
 *(.text*)
 .text.HAL_FMC_MspInit
                0x08001690       0x7c CMakeFiles/openDoor.elf.dir/Core/Src/fmc.c.obj
 .text.MX_FMC_Init
                0x0800170c       0x70 CMakeFiles/openDoor.elf.dir/Core/Src/fmc.c.obj
                0x0800170c                MX_FMC_Init
 .text.HAL_SRAM_MspInit
                0x0800177c        0x8 CMakeFiles/openDoor.elf.dir/Core/Src/fmc.c.obj
                0x0800177c                HAL_SRAM_MspInit
 .text.MX_GPIO_Init
                0x08001784      0x104 CMakeFiles/openDoor.elf.dir/Core/Src/gpio.c.obj
                0x08001784                MX_GPIO_Init
 .text.Error_Handler
                0x08001888        0x4 CMakeFiles/openDoor.elf.dir/Core/Src/main.c.obj
                0x08001888                Error_Handler
 .text.SystemClock_Config
                0x0800188c       0xb0 CMakeFiles/openDoor.elf.dir/Core/Src/main.c.obj
                0x0800188c                SystemClock_Config
 .text.main     0x0800193c      0x120 CMakeFiles/openDoor.elf.dir/Core/Src/main.c.obj
                0x0800193c                main
 .text.HAL_MspInit
                0x08001a5c       0x38 CMakeFiles/openDoor.elf.dir/Core/Src/stm32f4xx_hal_msp.c.obj
                0x08001a5c                HAL_MspInit
 .text.NMI_Handler
                0x08001a94        0x2 CMakeFiles/openDoor.elf.dir/Core/Src/stm32f4xx_it.c.obj
                0x08001a94                NMI_Handler
 .text.HardFault_Handler
                0x08001a96        0x2 CMakeFiles/openDoor.elf.dir/Core/Src/stm32f4xx_it.c.obj
                0x08001a96                HardFault_Handler
 .text.MemManage_Handler
                0x08001a98        0x2 CMakeFiles/openDoor.elf.dir/Core/Src/stm32f4xx_it.c.obj
                0x08001a98                MemManage_Handler
 .text.BusFault_Handler
                0x08001a9a        0x2 CMakeFiles/openDoor.elf.dir/Core/Src/stm32f4xx_it.c.obj
                0x08001a9a                BusFault_Handler
 .text.UsageFault_Handler
                0x08001a9c        0x2 CMakeFiles/openDoor.elf.dir/Core/Src/stm32f4xx_it.c.obj
                0x08001a9c                UsageFault_Handler
 .text.SVC_Handler
                0x08001a9e        0x2 CMakeFiles/openDoor.elf.dir/Core/Src/stm32f4xx_it.c.obj
                0x08001a9e                SVC_Handler
 .text.DebugMon_Handler
                0x08001aa0        0x2 CMakeFiles/openDoor.elf.dir/Core/Src/stm32f4xx_it.c.obj
                0x08001aa0                DebugMon_Handler
 .text.PendSV_Handler
                0x08001aa2        0x2 CMakeFiles/openDoor.elf.dir/Core/Src/stm32f4xx_it.c.obj
                0x08001aa2                PendSV_Handler
 .text.SysTick_Handler
                0x08001aa4       0x14 CMakeFiles/openDoor.elf.dir/Core/Src/stm32f4xx_it.c.obj
                0x08001aa4                SysTick_Handler
 .text.TIM2_IRQHandler
                0x08001ab8       0x10 CMakeFiles/openDoor.elf.dir/Core/Src/stm32f4xx_it.c.obj
                0x08001ab8                TIM2_IRQHandler
 .text.USART1_IRQHandler
                0x08001ac8       0x10 CMakeFiles/openDoor.elf.dir/Core/Src/stm32f4xx_it.c.obj
                0x08001ac8                USART1_IRQHandler
 .text.USART2_IRQHandler
                0x08001ad8       0x10 CMakeFiles/openDoor.elf.dir/Core/Src/stm32f4xx_it.c.obj
                0x08001ad8                USART2_IRQHandler
 .text.USART3_IRQHandler
                0x08001ae8       0x4c CMakeFiles/openDoor.elf.dir/Core/Src/stm32f4xx_it.c.obj
                0x08001ae8                USART3_IRQHandler
 .text._getpid  0x08001b34        0x4 CMakeFiles/openDoor.elf.dir/Core/Src/syscalls.c.obj
                0x08001b34                _getpid
 .text._kill    0x08001b38       0x10 CMakeFiles/openDoor.elf.dir/Core/Src/syscalls.c.obj
                0x08001b38                _kill
 .text._exit    0x08001b48        0xc CMakeFiles/openDoor.elf.dir/Core/Src/syscalls.c.obj
                0x08001b48                _exit
 .text._read    0x08001b54       0x20 CMakeFiles/openDoor.elf.dir/Core/Src/syscalls.c.obj
                0x08001b54                _read
 .text._write   0x08001b74       0x1c CMakeFiles/openDoor.elf.dir/Core/Src/syscalls.c.obj
                0x08001b74                _write
 .text._close   0x08001b90        0x6 CMakeFiles/openDoor.elf.dir/Core/Src/syscalls.c.obj
                0x08001b90                _close
 .text._fstat   0x08001b96        0xa CMakeFiles/openDoor.elf.dir/Core/Src/syscalls.c.obj
                0x08001b96                _fstat
 .text._isatty  0x08001ba0        0x4 CMakeFiles/openDoor.elf.dir/Core/Src/syscalls.c.obj
                0x08001ba0                _isatty
 .text._lseek   0x08001ba4        0x4 CMakeFiles/openDoor.elf.dir/Core/Src/syscalls.c.obj
                0x08001ba4                _lseek
 .text._sbrk    0x08001ba8       0x48 CMakeFiles/openDoor.elf.dir/Core/Src/sysmem.c.obj
                0x08001ba8                _sbrk
 .text.SystemInit
                0x08001bf0        0x2 CMakeFiles/openDoor.elf.dir/Core/Src/system_stm32f4xx.c.obj
                0x08001bf0                SystemInit
 *fill*         0x08001bf2        0x2 
 .text.MX_TIM2_Init
                0x08001bf4       0x6c CMakeFiles/openDoor.elf.dir/Core/Src/tim.c.obj
                0x08001bf4                MX_TIM2_Init
 .text.HAL_TIM_Base_MspInit
                0x08001c60       0x3c CMakeFiles/openDoor.elf.dir/Core/Src/tim.c.obj
                0x08001c60                HAL_TIM_Base_MspInit
 .text.HAL_TIM_PeriodElapsedCallback
                0x08001c9c       0x18 CMakeFiles/openDoor.elf.dir/Core/Src/tim.c.obj
                0x08001c9c                HAL_TIM_PeriodElapsedCallback
 .text.MX_USART1_UART_Init
                0x08001cb4       0x34 CMakeFiles/openDoor.elf.dir/Core/Src/usart.c.obj
                0x08001cb4                MX_USART1_UART_Init
 .text.MX_USART2_UART_Init
                0x08001ce8       0x34 CMakeFiles/openDoor.elf.dir/Core/Src/usart.c.obj
                0x08001ce8                MX_USART2_UART_Init
 .text.MX_USART3_UART_Init
                0x08001d1c       0x34 CMakeFiles/openDoor.elf.dir/Core/Src/usart.c.obj
                0x08001d1c                MX_USART3_UART_Init
 .text.HAL_UART_MspInit
                0x08001d50      0x148 CMakeFiles/openDoor.elf.dir/Core/Src/usart.c.obj
                0x08001d50                HAL_UART_MspInit
 .text.Reset_Handler
                0x08001e98       0x50 CMakeFiles/openDoor.elf.dir/Core/Startup/startup_stm32f427vgtx.s.obj
                0x08001e98                Reset_Handler
 .text.Default_Handler
                0x08001ee8        0x2 CMakeFiles/openDoor.elf.dir/Core/Startup/startup_stm32f427vgtx.s.obj
                0x08001ee8                RTC_Alarm_IRQHandler
                0x08001ee8                HASH_RNG_IRQHandler
                0x08001ee8                EXTI2_IRQHandler
                0x08001ee8                TIM8_CC_IRQHandler
                0x08001ee8                UART8_IRQHandler
                0x08001ee8                SPI4_IRQHandler
                0x08001ee8                TIM1_CC_IRQHandler
                0x08001ee8                DMA2_Stream5_IRQHandler
                0x08001ee8                DMA1_Stream5_IRQHandler
                0x08001ee8                PVD_IRQHandler
                0x08001ee8                SDIO_IRQHandler
                0x08001ee8                TAMP_STAMP_IRQHandler
                0x08001ee8                CAN2_RX1_IRQHandler
                0x08001ee8                EXTI3_IRQHandler
                0x08001ee8                TIM8_TRG_COM_TIM14_IRQHandler
                0x08001ee8                TIM1_UP_TIM10_IRQHandler
                0x08001ee8                TIM8_UP_TIM13_IRQHandler
                0x08001ee8                I2C3_ER_IRQHandler
                0x08001ee8                EXTI0_IRQHandler
                0x08001ee8                I2C2_EV_IRQHandler
                0x08001ee8                DMA1_Stream2_IRQHandler
                0x08001ee8                CAN1_RX0_IRQHandler
                0x08001ee8                FPU_IRQHandler
                0x08001ee8                OTG_HS_WKUP_IRQHandler
                0x08001ee8                CAN2_SCE_IRQHandler
                0x08001ee8                DMA2_Stream2_IRQHandler
                0x08001ee8                SPI1_IRQHandler
                0x08001ee8                TIM6_DAC_IRQHandler
                0x08001ee8                TIM1_BRK_TIM9_IRQHandler
                0x08001ee8                DCMI_IRQHandler
                0x08001ee8                CAN2_RX0_IRQHandler
                0x08001ee8                DMA2_Stream3_IRQHandler
                0x08001ee8                USART6_IRQHandler
                0x08001ee8                CAN1_RX1_IRQHandler
                0x08001ee8                UART5_IRQHandler
                0x08001ee8                DMA2_Stream0_IRQHandler
                0x08001ee8                TIM4_IRQHandler
                0x08001ee8                I2C1_EV_IRQHandler
                0x08001ee8                DMA1_Stream6_IRQHandler
                0x08001ee8                DMA1_Stream1_IRQHandler
                0x08001ee8                UART4_IRQHandler
                0x08001ee8                TIM3_IRQHandler
                0x08001ee8                RCC_IRQHandler
                0x08001ee8                TIM8_BRK_TIM12_IRQHandler
                0x08001ee8                Default_Handler
                0x08001ee8                EXTI15_10_IRQHandler
                0x08001ee8                ADC_IRQHandler
                0x08001ee8                DMA1_Stream7_IRQHandler
                0x08001ee8                SPI5_IRQHandler
                0x08001ee8                TIM7_IRQHandler
                0x08001ee8                CAN2_TX_IRQHandler
                0x08001ee8                TIM5_IRQHandler
                0x08001ee8                DMA2_Stream7_IRQHandler
                0x08001ee8                I2C3_EV_IRQHandler
                0x08001ee8                EXTI9_5_IRQHandler
                0x08001ee8                RTC_WKUP_IRQHandler
                0x08001ee8                ETH_WKUP_IRQHandler
                0x08001ee8                SPI2_IRQHandler
                0x08001ee8                OTG_HS_EP1_IN_IRQHandler
                0x08001ee8                DMA1_Stream0_IRQHandler
                0x08001ee8                CAN1_TX_IRQHandler
                0x08001ee8                EXTI4_IRQHandler
                0x08001ee8                ETH_IRQHandler
                0x08001ee8                OTG_HS_EP1_OUT_IRQHandler
                0x08001ee8                WWDG_IRQHandler
                0x08001ee8                SPI6_IRQHandler
                0x08001ee8                OTG_FS_WKUP_IRQHandler
                0x08001ee8                TIM1_TRG_COM_TIM11_IRQHandler
                0x08001ee8                OTG_HS_IRQHandler
                0x08001ee8                DMA2D_IRQHandler
                0x08001ee8                EXTI1_IRQHandler
                0x08001ee8                UART7_IRQHandler
                0x08001ee8                I2C2_ER_IRQHandler
                0x08001ee8                DMA2_Stream1_IRQHandler
                0x08001ee8                CAN1_SCE_IRQHandler
                0x08001ee8                FLASH_IRQHandler
                0x08001ee8                DMA2_Stream4_IRQHandler
                0x08001ee8                OTG_FS_IRQHandler
                0x08001ee8                SPI3_IRQHandler
                0x08001ee8                DMA1_Stream4_IRQHandler
                0x08001ee8                I2C1_ER_IRQHandler
                0x08001ee8                FMC_IRQHandler
                0x08001ee8                DMA2_Stream6_IRQHandler
                0x08001ee8                SAI1_IRQHandler
                0x08001ee8                DMA1_Stream3_IRQHandler
 *fill*         0x08001eea        0x2 
 .text.HAL_InitTick
                0x08001eec       0x4c CMakeFiles/openDoor.elf.dir/Drivers/STM32F4xx_HAL_Driver/Src/stm32f4xx_hal.c.obj
                0x08001eec                HAL_InitTick
 .text.HAL_Init
                0x08001f38       0x34 CMakeFiles/openDoor.elf.dir/Drivers/STM32F4xx_HAL_Driver/Src/stm32f4xx_hal.c.obj
                0x08001f38                HAL_Init
 .text.HAL_IncTick
                0x08001f6c       0x18 CMakeFiles/openDoor.elf.dir/Drivers/STM32F4xx_HAL_Driver/Src/stm32f4xx_hal.c.obj
                0x08001f6c                HAL_IncTick
 .text.HAL_GetTick
                0x08001f84        0xc CMakeFiles/openDoor.elf.dir/Drivers/STM32F4xx_HAL_Driver/Src/stm32f4xx_hal.c.obj
                0x08001f84                HAL_GetTick
 .text.HAL_Delay
                0x08001f90       0x28 CMakeFiles/openDoor.elf.dir/Drivers/STM32F4xx_HAL_Driver/Src/stm32f4xx_hal.c.obj
                0x08001f90                HAL_Delay
 .text.HAL_NVIC_SetPriorityGrouping
                0x08001fb8       0x24 CMakeFiles/openDoor.elf.dir/Drivers/STM32F4xx_HAL_Driver/Src/stm32f4xx_hal_cortex.c.obj
                0x08001fb8                HAL_NVIC_SetPriorityGrouping
 .text.HAL_NVIC_SetPriority
                0x08001fdc       0x70 CMakeFiles/openDoor.elf.dir/Drivers/STM32F4xx_HAL_Driver/Src/stm32f4xx_hal_cortex.c.obj
                0x08001fdc                HAL_NVIC_SetPriority
 .text.HAL_NVIC_EnableIRQ
                0x0800204c       0x1c CMakeFiles/openDoor.elf.dir/Drivers/STM32F4xx_HAL_Driver/Src/stm32f4xx_hal_cortex.c.obj
                0x0800204c                HAL_NVIC_EnableIRQ
 .text.HAL_SYSTICK_Config
                0x08002068       0x28 CMakeFiles/openDoor.elf.dir/Drivers/STM32F4xx_HAL_Driver/Src/stm32f4xx_hal_cortex.c.obj
                0x08002068                HAL_SYSTICK_Config
 .text.HAL_SYSTICK_CLKSourceConfig
                0x08002090       0x20 CMakeFiles/openDoor.elf.dir/Drivers/STM32F4xx_HAL_Driver/Src/stm32f4xx_hal_cortex.c.obj
                0x08002090                HAL_SYSTICK_CLKSourceConfig
 .text.HAL_DMA_Abort
                0x080020b0       0x94 CMakeFiles/openDoor.elf.dir/Drivers/STM32F4xx_HAL_Driver/Src/stm32f4xx_hal_dma.c.obj
                0x080020b0                HAL_DMA_Abort
 .text.HAL_DMA_Abort_IT
                0x08002144       0x26 CMakeFiles/openDoor.elf.dir/Drivers/STM32F4xx_HAL_Driver/Src/stm32f4xx_hal_dma.c.obj
                0x08002144                HAL_DMA_Abort_IT
 *fill*         0x0800216a        0x2 
 .text.FLASH_Program_DoubleWord
                0x0800216c       0x2c CMakeFiles/openDoor.elf.dir/Drivers/STM32F4xx_HAL_Driver/Src/stm32f4xx_hal_flash.c.obj
 .text.FLASH_Program_Word
                0x08002198       0x24 CMakeFiles/openDoor.elf.dir/Drivers/STM32F4xx_HAL_Driver/Src/stm32f4xx_hal_flash.c.obj
 .text.FLASH_Program_HalfWord
                0x080021bc       0x24 CMakeFiles/openDoor.elf.dir/Drivers/STM32F4xx_HAL_Driver/Src/stm32f4xx_hal_flash.c.obj
 .text.FLASH_Program_Byte
                0x080021e0       0x20 CMakeFiles/openDoor.elf.dir/Drivers/STM32F4xx_HAL_Driver/Src/stm32f4xx_hal_flash.c.obj
 .text.FLASH_SetErrorCode
                0x08002200       0xa8 CMakeFiles/openDoor.elf.dir/Drivers/STM32F4xx_HAL_Driver/Src/stm32f4xx_hal_flash.c.obj
 .text.HAL_FLASH_Unlock
                0x080022a8       0x30 CMakeFiles/openDoor.elf.dir/Drivers/STM32F4xx_HAL_Driver/Src/stm32f4xx_hal_flash.c.obj
                0x080022a8                HAL_FLASH_Unlock
 .text.HAL_FLASH_Lock
                0x080022d8       0x14 CMakeFiles/openDoor.elf.dir/Drivers/STM32F4xx_HAL_Driver/Src/stm32f4xx_hal_flash.c.obj
                0x080022d8                HAL_FLASH_Lock
 .text.FLASH_WaitForLastOperation
                0x080022ec       0x60 CMakeFiles/openDoor.elf.dir/Drivers/STM32F4xx_HAL_Driver/Src/stm32f4xx_hal_flash.c.obj
                0x080022ec                FLASH_WaitForLastOperation
 .text.HAL_FLASH_Program
                0x0800234c       0x7c CMakeFiles/openDoor.elf.dir/Drivers/STM32F4xx_HAL_Driver/Src/stm32f4xx_hal_flash.c.obj
                0x0800234c                HAL_FLASH_Program
 .text.FLASH_MassErase
                0x080023c8       0x4c CMakeFiles/openDoor.elf.dir/Drivers/STM32F4xx_HAL_Driver/Src/stm32f4xx_hal_flash_ex.c.obj
 .text.FLASH_Erase_Sector
                0x08002414       0x5c CMakeFiles/openDoor.elf.dir/Drivers/STM32F4xx_HAL_Driver/Src/stm32f4xx_hal_flash_ex.c.obj
                0x08002414                FLASH_Erase_Sector
 .text.FLASH_FlushCaches
                0x08002470       0x60 CMakeFiles/openDoor.elf.dir/Drivers/STM32F4xx_HAL_Driver/Src/stm32f4xx_hal_flash_ex.c.obj
                0x08002470                FLASH_FlushCaches
 .text.HAL_FLASHEx_Erase
                0x080024d0       0x98 CMakeFiles/openDoor.elf.dir/Drivers/STM32F4xx_HAL_Driver/Src/stm32f4xx_hal_flash_ex.c.obj
                0x080024d0                HAL_FLASHEx_Erase
 .text.HAL_GPIO_Init
                0x08002568      0x1fc CMakeFiles/openDoor.elf.dir/Drivers/STM32F4xx_HAL_Driver/Src/stm32f4xx_hal_gpio.c.obj
                0x08002568                HAL_GPIO_Init
 .text.HAL_GPIO_WritePin
                0x08002764        0xc CMakeFiles/openDoor.elf.dir/Drivers/STM32F4xx_HAL_Driver/Src/stm32f4xx_hal_gpio.c.obj
                0x08002764                HAL_GPIO_WritePin
 .text.HAL_GPIO_TogglePin
                0x08002770       0x12 CMakeFiles/openDoor.elf.dir/Drivers/STM32F4xx_HAL_Driver/Src/stm32f4xx_hal_gpio.c.obj
                0x08002770                HAL_GPIO_TogglePin
 *fill*         0x08002782        0x2 
 .text.HAL_PWREx_EnableOverDrive
                0x08002784       0x7c CMakeFiles/openDoor.elf.dir/Drivers/STM32F4xx_HAL_Driver/Src/stm32f4xx_hal_pwr_ex.c.obj
                0x08002784                HAL_PWREx_EnableOverDrive
 .text.HAL_RCC_OscConfig
                0x08002800      0x3f8 CMakeFiles/openDoor.elf.dir/Drivers/STM32F4xx_HAL_Driver/Src/stm32f4xx_hal_rcc.c.obj
                0x08002800                HAL_RCC_OscConfig
 .text.HAL_RCC_GetSysClockFreq
                0x08002bf8       0xd4 CMakeFiles/openDoor.elf.dir/Drivers/STM32F4xx_HAL_Driver/Src/stm32f4xx_hal_rcc.c.obj
                0x08002bf8                HAL_RCC_GetSysClockFreq
 .text.HAL_RCC_ClockConfig
                0x08002ccc      0x160 CMakeFiles/openDoor.elf.dir/Drivers/STM32F4xx_HAL_Driver/Src/stm32f4xx_hal_rcc.c.obj
                0x08002ccc                HAL_RCC_ClockConfig
 .text.HAL_RCC_GetHCLKFreq
                0x08002e2c        0xc CMakeFiles/openDoor.elf.dir/Drivers/STM32F4xx_HAL_Driver/Src/stm32f4xx_hal_rcc.c.obj
                0x08002e2c                HAL_RCC_GetHCLKFreq
 .text.HAL_RCC_GetPCLK1Freq
                0x08002e38       0x20 CMakeFiles/openDoor.elf.dir/Drivers/STM32F4xx_HAL_Driver/Src/stm32f4xx_hal_rcc.c.obj
                0x08002e38                HAL_RCC_GetPCLK1Freq
 .text.HAL_RCC_GetPCLK2Freq
                0x08002e58       0x20 CMakeFiles/openDoor.elf.dir/Drivers/STM32F4xx_HAL_Driver/Src/stm32f4xx_hal_rcc.c.obj
                0x08002e58                HAL_RCC_GetPCLK2Freq
 .text.HAL_SRAM_Init
                0x08002e78       0x58 CMakeFiles/openDoor.elf.dir/Drivers/STM32F4xx_HAL_Driver/Src/stm32f4xx_hal_sram.c.obj
                0x08002e78                HAL_SRAM_Init
 .text.TIM_TI1_ConfigInputStage
                0x08002ed0       0x24 CMakeFiles/openDoor.elf.dir/Drivers/STM32F4xx_HAL_Driver/Src/stm32f4xx_hal_tim.c.obj
 .text.TIM_TI2_ConfigInputStage
                0x08002ef4       0x26 CMakeFiles/openDoor.elf.dir/Drivers/STM32F4xx_HAL_Driver/Src/stm32f4xx_hal_tim.c.obj
 .text.TIM_ITRx_SetConfig
                0x08002f1a       0x10 CMakeFiles/openDoor.elf.dir/Drivers/STM32F4xx_HAL_Driver/Src/stm32f4xx_hal_tim.c.obj
 *fill*         0x08002f2a        0x2 
 .text.HAL_TIM_Base_Start_IT
                0x08002f2c       0x88 CMakeFiles/openDoor.elf.dir/Drivers/STM32F4xx_HAL_Driver/Src/stm32f4xx_hal_tim.c.obj
                0x08002f2c                HAL_TIM_Base_Start_IT
 .text.HAL_TIM_OC_DelayElapsedCallback
                0x08002fb4        0x2 CMakeFiles/openDoor.elf.dir/Drivers/STM32F4xx_HAL_Driver/Src/stm32f4xx_hal_tim.c.obj
                0x08002fb4                HAL_TIM_OC_DelayElapsedCallback
 .text.HAL_TIM_IC_CaptureCallback
                0x08002fb6        0x2 CMakeFiles/openDoor.elf.dir/Drivers/STM32F4xx_HAL_Driver/Src/stm32f4xx_hal_tim.c.obj
                0x08002fb6                HAL_TIM_IC_CaptureCallback
 .text.HAL_TIM_PWM_PulseFinishedCallback
                0x08002fb8        0x2 CMakeFiles/openDoor.elf.dir/Drivers/STM32F4xx_HAL_Driver/Src/stm32f4xx_hal_tim.c.obj
                0x08002fb8                HAL_TIM_PWM_PulseFinishedCallback
 .text.HAL_TIM_TriggerCallback
                0x08002fba        0x2 CMakeFiles/openDoor.elf.dir/Drivers/STM32F4xx_HAL_Driver/Src/stm32f4xx_hal_tim.c.obj
                0x08002fba                HAL_TIM_TriggerCallback
 .text.HAL_TIM_IRQHandler
                0x08002fbc      0x17a CMakeFiles/openDoor.elf.dir/Drivers/STM32F4xx_HAL_Driver/Src/stm32f4xx_hal_tim.c.obj
                0x08002fbc                HAL_TIM_IRQHandler
 *fill*         0x08003136        0x2 
 .text.TIM_Base_SetConfig
                0x08003138       0xc8 CMakeFiles/openDoor.elf.dir/Drivers/STM32F4xx_HAL_Driver/Src/stm32f4xx_hal_tim.c.obj
                0x08003138                TIM_Base_SetConfig
 .text.HAL_TIM_Base_Init
                0x08003200       0x58 CMakeFiles/openDoor.elf.dir/Drivers/STM32F4xx_HAL_Driver/Src/stm32f4xx_hal_tim.c.obj
                0x08003200                HAL_TIM_Base_Init
 .text.TIM_ETR_SetConfig
                0x08003258       0x18 CMakeFiles/openDoor.elf.dir/Drivers/STM32F4xx_HAL_Driver/Src/stm32f4xx_hal_tim.c.obj
                0x08003258                TIM_ETR_SetConfig
 .text.HAL_TIM_ConfigClockSource
                0x08003270       0xfe CMakeFiles/openDoor.elf.dir/Drivers/STM32F4xx_HAL_Driver/Src/stm32f4xx_hal_tim.c.obj
                0x08003270                HAL_TIM_ConfigClockSource
 *fill*         0x0800336e        0x2 
 .text.HAL_TIMEx_MasterConfigSynchronization
                0x08003370       0x8c CMakeFiles/openDoor.elf.dir/Drivers/STM32F4xx_HAL_Driver/Src/stm32f4xx_hal_tim_ex.c.obj
                0x08003370                HAL_TIMEx_MasterConfigSynchronization
 .text.HAL_TIMEx_CommutCallback
                0x080033fc        0x2 CMakeFiles/openDoor.elf.dir/Drivers/STM32F4xx_HAL_Driver/Src/stm32f4xx_hal_tim_ex.c.obj
                0x080033fc                HAL_TIMEx_CommutCallback
 .text.HAL_TIMEx_BreakCallback
                0x080033fe        0x2 CMakeFiles/openDoor.elf.dir/Drivers/STM32F4xx_HAL_Driver/Src/stm32f4xx_hal_tim_ex.c.obj
                0x080033fe                HAL_TIMEx_BreakCallback
 .text.UART_EndRxTransfer
                0x08003400       0x5c CMakeFiles/openDoor.elf.dir/Drivers/STM32F4xx_HAL_Driver/Src/stm32f4xx_hal_uart.c.obj
 .text.UART_Transmit_IT
                0x0800345c       0x60 CMakeFiles/openDoor.elf.dir/Drivers/STM32F4xx_HAL_Driver/Src/stm32f4xx_hal_uart.c.obj
 .text.UART_SetConfig
                0x080034bc      0x110 CMakeFiles/openDoor.elf.dir/Drivers/STM32F4xx_HAL_Driver/Src/stm32f4xx_hal_uart.c.obj
 .text.UART_WaitOnFlagUntilTimeout
                0x080035cc       0x88 CMakeFiles/openDoor.elf.dir/Drivers/STM32F4xx_HAL_Driver/Src/stm32f4xx_hal_uart.c.obj
 .text.HAL_UART_Init
                0x08003654       0x5e CMakeFiles/openDoor.elf.dir/Drivers/STM32F4xx_HAL_Driver/Src/stm32f4xx_hal_uart.c.obj
                0x08003654                HAL_UART_Init
 .text.HAL_UART_Transmit
                0x080036b2       0xd8 CMakeFiles/openDoor.elf.dir/Drivers/STM32F4xx_HAL_Driver/Src/stm32f4xx_hal_uart.c.obj
                0x080036b2                HAL_UART_Transmit
 .text.HAL_UART_TxCpltCallback
                0x0800378a        0x2 CMakeFiles/openDoor.elf.dir/Drivers/STM32F4xx_HAL_Driver/Src/stm32f4xx_hal_uart.c.obj
                0x0800378a                HAL_UART_TxCpltCallback
 .text.UART_EndTransmit_IT
                0x0800378c       0x1a CMakeFiles/openDoor.elf.dir/Drivers/STM32F4xx_HAL_Driver/Src/stm32f4xx_hal_uart.c.obj
 .text.HAL_UART_ErrorCallback
                0x080037a6        0x2 CMakeFiles/openDoor.elf.dir/Drivers/STM32F4xx_HAL_Driver/Src/stm32f4xx_hal_uart.c.obj
                0x080037a6                HAL_UART_ErrorCallback
 .text.UART_DMAAbortOnError
                0x080037a8       0x10 CMakeFiles/openDoor.elf.dir/Drivers/STM32F4xx_HAL_Driver/Src/stm32f4xx_hal_uart.c.obj
 .text.HAL_UARTEx_RxEventCallback
                0x080037b8        0x2 CMakeFiles/openDoor.elf.dir/Drivers/STM32F4xx_HAL_Driver/Src/stm32f4xx_hal_uart.c.obj
                0x080037b8                HAL_UARTEx_RxEventCallback
 .text.UART_Receive_IT
                0x080037ba       0xe2 CMakeFiles/openDoor.elf.dir/Drivers/STM32F4xx_HAL_Driver/Src/stm32f4xx_hal_uart.c.obj
 .text.HAL_UART_IRQHandler
                0x0800389c      0x280 CMakeFiles/openDoor.elf.dir/Drivers/STM32F4xx_HAL_Driver/Src/stm32f4xx_hal_uart.c.obj
                0x0800389c                HAL_UART_IRQHandler
 .text.UART_Start_Receive_IT
                0x08003b1c       0x3a CMakeFiles/openDoor.elf.dir/Drivers/STM32F4xx_HAL_Driver/Src/stm32f4xx_hal_uart.c.obj
                0x08003b1c                UART_Start_Receive_IT
 .text.HAL_UART_Receive_IT
                0x08003b56       0x38 CMakeFiles/openDoor.elf.dir/Drivers/STM32F4xx_HAL_Driver/Src/stm32f4xx_hal_uart.c.obj
                0x08003b56                HAL_UART_Receive_IT
 *fill*         0x08003b8e        0x2 
 .text.FMC_NORSRAM_Init
                0x08003b90       0x88 CMakeFiles/openDoor.elf.dir/Drivers/STM32F4xx_HAL_Driver/Src/stm32f4xx_ll_fmc.c.obj
                0x08003b90                FMC_NORSRAM_Init
 .text.FMC_NORSRAM_Timing_Init
                0x08003c18       0x64 CMakeFiles/openDoor.elf.dir/Drivers/STM32F4xx_HAL_Driver/Src/stm32f4xx_ll_fmc.c.obj
                0x08003c18                FMC_NORSRAM_Timing_Init
 .text.FMC_NORSRAM_Extended_Timing_Init
                0x08003c7c       0x44 CMakeFiles/openDoor.elf.dir/Drivers/STM32F4xx_HAL_Driver/Src/stm32f4xx_ll_fmc.c.obj
                0x08003c7c                FMC_NORSRAM_Extended_Timing_Init
 .text.delay_init
                0x08003cc0       0x14 CMakeFiles/openDoor.elf.dir/SYSTEM/delay.c.obj
                0x08003cc0                delay_init
 .text.delay_us
                0x08003cd4       0x3c CMakeFiles/openDoor.elf.dir/SYSTEM/delay.c.obj
                0x08003cd4                delay_us
 .text.delay_ms
                0x08003d10       0x18 CMakeFiles/openDoor.elf.dir/SYSTEM/delay.c.obj
                0x08003d10                delay_ms
 .text.LCD_WR_REG
                0x08003d28        0xc CMakeFiles/openDoor.elf.dir/SYSTEM/lcd.c.obj
                0x08003d28                LCD_WR_REG
 .text.LCD_WR_DATA
                0x08003d34        0xc CMakeFiles/openDoor.elf.dir/SYSTEM/lcd.c.obj
                0x08003d34                LCD_WR_DATA
 .text.LCD_RD_DATA
                0x08003d40       0x10 CMakeFiles/openDoor.elf.dir/SYSTEM/lcd.c.obj
                0x08003d40                LCD_RD_DATA
 .text.LCD_WriteReg
                0x08003d50       0x10 CMakeFiles/openDoor.elf.dir/SYSTEM/lcd.c.obj
                0x08003d50                LCD_WriteReg
 .text.LCD_ReadReg
                0x08003d60       0x12 CMakeFiles/openDoor.elf.dir/SYSTEM/lcd.c.obj
                0x08003d60                LCD_ReadReg
 *fill*         0x08003d72        0x2 
 .text.LCD_WriteRAM_Prepare
                0x08003d74       0x14 CMakeFiles/openDoor.elf.dir/SYSTEM/lcd.c.obj
                0x08003d74                LCD_WriteRAM_Prepare
 .text.LCD_SetCursor
                0x08003d88      0x190 CMakeFiles/openDoor.elf.dir/SYSTEM/lcd.c.obj
                0x08003d88                LCD_SetCursor
 .text.LCD_Scan_Dir
                0x08003f18      0x260 CMakeFiles/openDoor.elf.dir/SYSTEM/lcd.c.obj
                0x08003f18                LCD_Scan_Dir
 .text.LCD_DrawPoint
                0x08004178       0x18 CMakeFiles/openDoor.elf.dir/SYSTEM/lcd.c.obj
                0x08004178                LCD_DrawPoint
 .text.LCD_Display_Dir
                0x08004190      0x18c CMakeFiles/openDoor.elf.dir/SYSTEM/lcd.c.obj
                0x08004190                LCD_Display_Dir
 .text.LCD_Init
                0x0800431c     0x3530 CMakeFiles/openDoor.elf.dir/SYSTEM/lcd.c.obj
                0x0800431c                LCD_Init
 .text.LCD_Clear
                0x0800784c       0x70 CMakeFiles/openDoor.elf.dir/SYSTEM/lcd.c.obj
                0x0800784c                LCD_Clear
 .text.LCD_Fill
                0x080078bc       0x9c CMakeFiles/openDoor.elf.dir/SYSTEM/lcd.c.obj
                0x080078bc                LCD_Fill
 .text.LCD_DrawLine
                0x08007958       0xa6 CMakeFiles/openDoor.elf.dir/SYSTEM/lcd.c.obj
                0x08007958                LCD_DrawLine
 .text.LCD_DrawRectangle
                0x080079fe       0x52 CMakeFiles/openDoor.elf.dir/SYSTEM/lcd.c.obj
                0x080079fe                LCD_DrawRectangle
 .text.Draw_Circle
                0x08007a50       0xe2 CMakeFiles/openDoor.elf.dir/SYSTEM/lcd.c.obj
                0x08007a50                Draw_Circle
 *fill*         0x08007b32        0x2 
 .text.LCD_ShowChar
                0x08007b34       0xa4 CMakeFiles/openDoor.elf.dir/SYSTEM/lcd.c.obj
                0x08007b34                LCD_ShowChar
 .text.LCD_Pow  0x08007bd8       0x16 CMakeFiles/openDoor.elf.dir/SYSTEM/lcd.c.obj
                0x08007bd8                LCD_Pow
 *fill*         0x08007bee        0x2 
 .text.LCD_ShowNum
                0x08007bf0       0xa0 CMakeFiles/openDoor.elf.dir/SYSTEM/lcd.c.obj
                0x08007bf0                LCD_ShowNum
 .text.findHzIndex
                0x08007c90       0x74 CMakeFiles/openDoor.elf.dir/SYSTEM/lcd.c.obj
                0x08007c90                findHzIndex
 .text.WriteOneHzChar
                0x08007d04       0x8c CMakeFiles/openDoor.elf.dir/SYSTEM/lcd.c.obj
                0x08007d04                WriteOneHzChar
 .text.LCD_ShowString
                0x08007d90       0x76 CMakeFiles/openDoor.elf.dir/SYSTEM/lcd.c.obj
                0x08007d90                LCD_ShowString
 .text.Show_Str_Mid
                0x08007e06       0x64 CMakeFiles/openDoor.elf.dir/SYSTEM/lcd.c.obj
                0x08007e06                Show_Str_Mid
 .text.STMFLASH_ReadWord
                0x08007e6a        0x4 CMakeFiles/openDoor.elf.dir/SYSTEM/stmflash.c.obj
                0x08007e6a                STMFLASH_ReadWord
 *fill*         0x08007e6e        0x2 
 .text.STMFLASH_GetFlashSector
                0x08007e70       0x8c CMakeFiles/openDoor.elf.dir/SYSTEM/stmflash.c.obj
                0x08007e70                STMFLASH_GetFlashSector
 .text.STMFLASH_Write
                0x08007efc       0x9c CMakeFiles/openDoor.elf.dir/SYSTEM/stmflash.c.obj
                0x08007efc                STMFLASH_Write
 .text.Test_Write
                0x08007f98       0x14 CMakeFiles/openDoor.elf.dir/SYSTEM/stmflash.c.obj
                0x08007f98                Test_Write
 .text.STMFLASH_ReadHalfWord
                0x08007fac        0x6 CMakeFiles/openDoor.elf.dir/SYSTEM/stmflash.c.obj
                0x08007fac                STMFLASH_ReadHalfWord
 *fill*         0x08007fb2        0x2 
 .text.TP_Write_Byte
                0x08007fb4       0x48 CMakeFiles/openDoor.elf.dir/SYSTEM/touch.c.obj
                0x08007fb4                TP_Write_Byte
 .text.TP_Read_AD
                0x08007ffc       0x78 CMakeFiles/openDoor.elf.dir/SYSTEM/touch.c.obj
                0x08007ffc                TP_Read_AD
 .text.TP_Read_XOY
                0x08008074       0x98 CMakeFiles/openDoor.elf.dir/SYSTEM/touch.c.obj
                0x08008074                TP_Read_XOY
 .text.TP_Read_XY
                0x0800810c       0x28 CMakeFiles/openDoor.elf.dir/SYSTEM/touch.c.obj
                0x0800810c                TP_Read_XY
 .text.TP_Read_XY2
                0x08008134       0x8c CMakeFiles/openDoor.elf.dir/SYSTEM/touch.c.obj
                0x08008134                TP_Read_XY2
 .text.TP_Scan  0x080081c0       0xd0 CMakeFiles/openDoor.elf.dir/SYSTEM/touch.c.obj
                0x080081c0                TP_Scan
 .text.TP_Drow_Touch_Point
                0x08008290       0x8c CMakeFiles/openDoor.elf.dir/SYSTEM/touch.c.obj
                0x08008290                TP_Drow_Touch_Point
 .text.TP_Save_Adjdata
                0x0800831c       0x74 CMakeFiles/openDoor.elf.dir/SYSTEM/touch.c.obj
                0x0800831c                TP_Save_Adjdata
 .text.TP_Get_Adjdata
                0x08008390       0x9c CMakeFiles/openDoor.elf.dir/SYSTEM/touch.c.obj
                0x08008390                TP_Get_Adjdata
 .text.TP_Adj_Info_Show
                0x0800842c      0x170 CMakeFiles/openDoor.elf.dir/SYSTEM/touch.c.obj
                0x0800842c                TP_Adj_Info_Show
 *fill*         0x0800859c        0x4 
 .text.TP_Adjust
                0x080085a0      0x5b4 CMakeFiles/openDoor.elf.dir/SYSTEM/touch.c.obj
                0x080085a0                TP_Adjust
 .text.TP_Init  0x08008b54       0x34 CMakeFiles/openDoor.elf.dir/SYSTEM/touch.c.obj
                0x08008b54                TP_Init
 .text.AS608_key_staset
                0x08008b88       0xdc CMakeFiles/openDoor.elf.dir/USER/AS608HARD.c.obj
                0x08008b88                AS608_key_staset
 .text.AS608_get_keynum
                0x08008c64       0xe0 CMakeFiles/openDoor.elf.dir/USER/AS608HARD.c.obj
                0x08008c64                AS608_get_keynum
 .text.GET_NUM  0x08008d44       0x90 CMakeFiles/openDoor.elf.dir/USER/AS608HARD.c.obj
                0x08008d44                GET_NUM
 .text.RData    0x08008dd4       0x98 CMakeFiles/openDoor.elf.dir/USER/R.c.obj
                0x08008dd4                RData
 .text.parseRX  0x08008e6c       0x48 CMakeFiles/openDoor.elf.dir/USER/R.c.obj
                0x08008e6c                parseRX
 .text.dateRX   0x08008eb4       0x4c CMakeFiles/openDoor.elf.dir/USER/R.c.obj
                0x08008eb4                dateRX
 .text.Loop_50Hz
                0x08008f00        0x2 CMakeFiles/openDoor.elf.dir/USER/Scheduler.c.obj
 .text.Loop_20Hz
                0x08008f02        0x2 CMakeFiles/openDoor.elf.dir/USER/Scheduler.c.obj
 .text.Loop_10Hz
                0x08008f04        0x2 CMakeFiles/openDoor.elf.dir/USER/Scheduler.c.obj
 *fill*         0x08008f06        0x2 
 .text.Loop_1Hz
                0x08008f08       0x10 CMakeFiles/openDoor.elf.dir/USER/Scheduler.c.obj
 .text.Loop_5Hz
                0x08008f18       0x10 CMakeFiles/openDoor.elf.dir/USER/Scheduler.c.obj
 .text.Loop_100Hz
                0x08008f28       0x38 CMakeFiles/openDoor.elf.dir/USER/Scheduler.c.obj
 .text.Scheduler_Setup
                0x08008f60       0x3c CMakeFiles/openDoor.elf.dir/USER/Scheduler.c.obj
                0x08008f60                Scheduler_Setup
 .text.Scheduler_Run
                0x08008f9c       0x44 CMakeFiles/openDoor.elf.dir/USER/Scheduler.c.obj
                0x08008f9c                Scheduler_Run
 .text.MYUSART_SendData
                0x08008fe0       0x24 CMakeFiles/openDoor.elf.dir/USER/as608.c.obj
 .text.SendHead
                0x08009004       0x20 CMakeFiles/openDoor.elf.dir/USER/as608.c.obj
 .text.SendAddr
                0x08009024       0x24 CMakeFiles/openDoor.elf.dir/USER/as608.c.obj
 .text.AS608_Check
                0x08009048       0x3c CMakeFiles/openDoor.elf.dir/USER/as608.c.obj
 .text.SendFlag
                0x08009084        0x8 CMakeFiles/openDoor.elf.dir/USER/as608.c.obj
 .text.SendLength
                0x0800908c       0x14 CMakeFiles/openDoor.elf.dir/USER/as608.c.obj
 .text.Sendcmd  0x080090a0        0x8 CMakeFiles/openDoor.elf.dir/USER/as608.c.obj
 .text.SendCheck
                0x080090a8       0x12 CMakeFiles/openDoor.elf.dir/USER/as608.c.obj
 *fill*         0x080090ba        0x2 
 .text.JudgeStr
                0x080090bc       0x7c CMakeFiles/openDoor.elf.dir/USER/as608.c.obj
 .text.as608_init
                0x08009138       0x28 CMakeFiles/openDoor.elf.dir/USER/as608.c.obj
                0x08009138                as608_init
 .text.PS_GetImage
                0x08009160       0x34 CMakeFiles/openDoor.elf.dir/USER/as608.c.obj
                0x08009160                PS_GetImage
 .text.PS_GenChar
                0x08009194       0x3c CMakeFiles/openDoor.elf.dir/USER/as608.c.obj
                0x08009194                PS_GenChar
 .text.PS_Match
                0x080091d0       0x34 CMakeFiles/openDoor.elf.dir/USER/as608.c.obj
                0x080091d0                PS_Match
 .text.PS_RegModel
                0x08009204       0x34 CMakeFiles/openDoor.elf.dir/USER/as608.c.obj
                0x08009204                PS_RegModel
 .text.PS_StoreChar
                0x08009238       0x54 CMakeFiles/openDoor.elf.dir/USER/as608.c.obj
                0x08009238                PS_StoreChar
 .text.PS_DeletChar
                0x0800928c       0x60 CMakeFiles/openDoor.elf.dir/USER/as608.c.obj
                0x0800928c                PS_DeletChar
 .text.PS_Empty
                0x080092ec       0x34 CMakeFiles/openDoor.elf.dir/USER/as608.c.obj
                0x080092ec                PS_Empty
 .text.PS_ReadSysPara
                0x08009320       0x64 CMakeFiles/openDoor.elf.dir/USER/as608.c.obj
                0x08009320                PS_ReadSysPara
 .text.PS_HighSpeedSearch
                0x08009384       0x8a CMakeFiles/openDoor.elf.dir/USER/as608.c.obj
                0x08009384                PS_HighSpeedSearch
 .text.PS_ValidTempleteNum
                0x0800940e       0x42 CMakeFiles/openDoor.elf.dir/USER/as608.c.obj
                0x0800940e                PS_ValidTempleteNum
 .text.EnsureMessage
                0x08009450       0xdc CMakeFiles/openDoor.elf.dir/USER/as608.c.obj
                0x08009450                EnsureMessage
 .text.ShowErrMessage
                0x0800952c       0x4c CMakeFiles/openDoor.elf.dir/USER/as608.c.obj
                0x0800952c                ShowErrMessage
 .text.Add_FR   0x08009578      0x3a4 CMakeFiles/openDoor.elf.dir/USER/as608.c.obj
                0x08009578                Add_FR
 .text.press_FR
                0x0800991c       0xe0 CMakeFiles/openDoor.elf.dir/USER/as608.c.obj
                0x0800991c                press_FR
 .text.Del_FR   0x080099fc      0x16c CMakeFiles/openDoor.elf.dir/USER/as608.c.obj
                0x080099fc                Del_FR
 .text.LCD_AS608_UI
                0x08009b68       0x58 CMakeFiles/openDoor.elf.dir/USER/ui.c.obj
                0x08009b68                LCD_AS608_UI
 .text.AS608_load_keyboard
                0x08009bc0      0x120 CMakeFiles/openDoor.elf.dir/USER/ui.c.obj
                0x08009bc0                AS608_load_keyboard
 .text.usart_printf
                0x08009ce0       0x44 CMakeFiles/openDoor.elf.dir/USER/usartMy.c.obj
                0x08009ce0                usart_printf
 .text.HAL_UART_RxCpltCallback
                0x08009d24       0x50 CMakeFiles/openDoor.elf.dir/USER/usartMy.c.obj
                0x08009d24                HAL_UART_RxCpltCallback
 .text.cJSON_strcasecmp
                0x08009d74       0x5c CMakeFiles/openDoor.elf.dir/UTILS/cJSON.c.obj
 .text.parse_hex4
                0x08009dd0       0xd8 CMakeFiles/openDoor.elf.dir/UTILS/cJSON.c.obj
 .text.parse_string
                0x08009ea8      0x1c8 CMakeFiles/openDoor.elf.dir/UTILS/cJSON.c.obj
 .text.skip     0x0800a070       0x10 CMakeFiles/openDoor.elf.dir/UTILS/cJSON.c.obj
 .text.cJSON_New_Item
                0x0800a080       0x20 CMakeFiles/openDoor.elf.dir/UTILS/cJSON.c.obj
 .text.parse_number
                0x0800a0a0      0x1ac CMakeFiles/openDoor.elf.dir/UTILS/cJSON.c.obj
 .text.parse_value
                0x0800a24c       0xa8 CMakeFiles/openDoor.elf.dir/UTILS/cJSON.c.obj
 .text.parse_array
                0x0800a2f4       0x98 CMakeFiles/openDoor.elf.dir/UTILS/cJSON.c.obj
 .text.parse_object
                0x0800a38c       0xf8 CMakeFiles/openDoor.elf.dir/UTILS/cJSON.c.obj
 .text.cJSON_GetErrorPtr
                0x0800a484        0xc CMakeFiles/openDoor.elf.dir/UTILS/cJSON.c.obj
                0x0800a484                cJSON_GetErrorPtr
 .text.cJSON_Delete
                0x0800a490       0x54 CMakeFiles/openDoor.elf.dir/UTILS/cJSON.c.obj
                0x0800a490                cJSON_Delete
 .text.cJSON_ParseWithOpts
                0x0800a4e4       0x58 CMakeFiles/openDoor.elf.dir/UTILS/cJSON.c.obj
                0x0800a4e4                cJSON_ParseWithOpts
 .text.cJSON_Parse
                0x0800a53c        0xc CMakeFiles/openDoor.elf.dir/UTILS/cJSON.c.obj
                0x0800a53c                cJSON_Parse
 .text.cJSON_GetObjectItem
                0x0800a548       0x1c CMakeFiles/openDoor.elf.dir/UTILS/cJSON.c.obj
                0x0800a548                cJSON_GetObjectItem
 .text.__errno  0x0800a564        0xc d:/progra~1/mingw/gcc-ar~1/bin/../lib/gcc/arm-none-eabi/10.3.1/../../../../arm-none-eabi/lib/thumb/v7e-m/nofp\libg.a(lib_a-errno.o)
                0x0800a564                __errno
 .text.__libc_init_array
                0x0800a570       0x48 d:/progra~1/mingw/gcc-ar~1/bin/../lib/gcc/arm-none-eabi/10.3.1/../../../../arm-none-eabi/lib/thumb/v7e-m/nofp\libg.a(lib_a-init.o)
                0x0800a570                __libc_init_array
 .text.malloc   0x0800a5b8       0x10 d:/progra~1/mingw/gcc-ar~1/bin/../lib/gcc/arm-none-eabi/10.3.1/../../../../arm-none-eabi/lib/thumb/v7e-m/nofp\libg.a(lib_a-malloc.o)
                0x0800a5b8                malloc
 .text.free     0x0800a5c8       0x10 d:/progra~1/mingw/gcc-ar~1/bin/../lib/gcc/arm-none-eabi/10.3.1/../../../../arm-none-eabi/lib/thumb/v7e-m/nofp\libg.a(lib_a-malloc.o)
                0x0800a5c8                free
 .text._malloc_r
                0x0800a5d8      0x560 d:/progra~1/mingw/gcc-ar~1/bin/../lib/gcc/arm-none-eabi/10.3.1/../../../../arm-none-eabi/lib/thumb/v7e-m/nofp\libg.a(lib_a-mallocr.o)
                0x0800a5d8                _malloc_r
 .text.memset   0x0800ab38       0xa4 d:/progra~1/mingw/gcc-ar~1/bin/../lib/gcc/arm-none-eabi/10.3.1/../../../../arm-none-eabi/lib/thumb/v7e-m/nofp\libg.a(lib_a-memset.o)
                0x0800ab38                memset
 .text.__malloc_lock
                0x0800abdc        0xc d:/progra~1/mingw/gcc-ar~1/bin/../lib/gcc/arm-none-eabi/10.3.1/../../../../arm-none-eabi/lib/thumb/v7e-m/nofp\libg.a(lib_a-mlock.o)
                0x0800abdc                __malloc_lock
 .text.__malloc_unlock
                0x0800abe8        0xc d:/progra~1/mingw/gcc-ar~1/bin/../lib/gcc/arm-none-eabi/10.3.1/../../../../arm-none-eabi/lib/thumb/v7e-m/nofp\libg.a(lib_a-mlock.o)
                0x0800abe8                __malloc_unlock
 .text._sbrk_r  0x0800abf4       0x24 d:/progra~1/mingw/gcc-ar~1/bin/../lib/gcc/arm-none-eabi/10.3.1/../../../../arm-none-eabi/lib/thumb/v7e-m/nofp\libg.a(lib_a-sbrkr.o)
                0x0800abf4                _sbrk_r
 .text.sprintf  0x0800ac18       0x40 d:/progra~1/mingw/gcc-ar~1/bin/../lib/gcc/arm-none-eabi/10.3.1/../../../../arm-none-eabi/lib/thumb/v7e-m/nofp\libg.a(lib_a-sprintf.o)
                0x0800ac18                sprintf
 .text.strchr   0x0800ac58       0xcc d:/progra~1/mingw/gcc-ar~1/bin/../lib/gcc/arm-none-eabi/10.3.1/../../../../arm-none-eabi/lib/thumb/v7e-m/nofp\libg.a(lib_a-strchr.o)
                0x0800ac58                strchr
 .text.strncmp  0x0800ad24       0x80 d:/progra~1/mingw/gcc-ar~1/bin/../lib/gcc/arm-none-eabi/10.3.1/../../../../arm-none-eabi/lib/thumb/v7e-m/nofp\libg.a(lib_a-strncmp.o)
                0x0800ad24                strncmp
 .text.two_way_long_needle
                0x0800ada4      0x2b4 d:/progra~1/mingw/gcc-ar~1/bin/../lib/gcc/arm-none-eabi/10.3.1/../../../../arm-none-eabi/lib/thumb/v7e-m/nofp\libg.a(lib_a-strstr.o)
 .text.strstr   0x0800b058      0x168 d:/progra~1/mingw/gcc-ar~1/bin/../lib/gcc/arm-none-eabi/10.3.1/../../../../arm-none-eabi/lib/thumb/v7e-m/nofp\libg.a(lib_a-strstr.o)
                0x0800b058                strstr
 .text._svfprintf_r
                0x0800b1c0     0x1a3c d:/progra~1/mingw/gcc-ar~1/bin/../lib/gcc/arm-none-eabi/10.3.1/../../../../arm-none-eabi/lib/thumb/v7e-m/nofp\libg.a(lib_a-svfprintf.o)
                0x0800b1c0                _svfprintf_r
 .text.vsprintf
                0x0800cbfc       0x38 d:/progra~1/mingw/gcc-ar~1/bin/../lib/gcc/arm-none-eabi/10.3.1/../../../../arm-none-eabi/lib/thumb/v7e-m/nofp\libg.a(lib_a-vsprintf.o)
                0x0800cbfc                vsprintf
 .text.startup.register_fini
                0x0800cc34       0x14 d:/progra~1/mingw/gcc-ar~1/bin/../lib/gcc/arm-none-eabi/10.3.1/../../../../arm-none-eabi/lib/thumb/v7e-m/nofp\libg.a(lib_a-__call_atexit.o)
 .text.atexit   0x0800cc48        0xc d:/progra~1/mingw/gcc-ar~1/bin/../lib/gcc/arm-none-eabi/10.3.1/../../../../arm-none-eabi/lib/thumb/v7e-m/nofp\libg.a(lib_a-atexit.o)
                0x0800cc48                atexit
 .text.quorem   0x0800cc54      0x124 d:/progra~1/mingw/gcc-ar~1/bin/../lib/gcc/arm-none-eabi/10.3.1/../../../../arm-none-eabi/lib/thumb/v7e-m/nofp\libg.a(lib_a-dtoa.o)
 .text._dtoa_r  0x0800cd78      0xec4 d:/progra~1/mingw/gcc-ar~1/bin/../lib/gcc/arm-none-eabi/10.3.1/../../../../arm-none-eabi/lib/thumb/v7e-m/nofp\libg.a(lib_a-dtoa.o)
                0x0800cd78                _dtoa_r
 .text.__libc_fini_array
                0x0800dc3c       0x2c d:/progra~1/mingw/gcc-ar~1/bin/../lib/gcc/arm-none-eabi/10.3.1/../../../../arm-none-eabi/lib/thumb/v7e-m/nofp\libg.a(lib_a-fini.o)
                0x0800dc3c                __libc_fini_array
 .text._malloc_trim_r
                0x0800dc68       0xa0 d:/progra~1/mingw/gcc-ar~1/bin/../lib/gcc/arm-none-eabi/10.3.1/../../../../arm-none-eabi/lib/thumb/v7e-m/nofp\libg.a(lib_a-freer.o)
                0x0800dc68                _malloc_trim_r
 .text._free_r  0x0800dd08      0x20c d:/progra~1/mingw/gcc-ar~1/bin/../lib/gcc/arm-none-eabi/10.3.1/../../../../arm-none-eabi/lib/thumb/v7e-m/nofp\libg.a(lib_a-freer.o)
                0x0800dd08                _free_r
 .text._localeconv_r
                0x0800df14        0x8 d:/progra~1/mingw/gcc-ar~1/bin/../lib/gcc/arm-none-eabi/10.3.1/../../../../arm-none-eabi/lib/thumb/v7e-m/nofp\libg.a(lib_a-localeconv.o)
                0x0800df14                _localeconv_r
 .text.__retarget_lock_init_recursive
                0x0800df1c        0x4 d:/progra~1/mingw/gcc-ar~1/bin/../lib/gcc/arm-none-eabi/10.3.1/../../../../arm-none-eabi/lib/thumb/v7e-m/nofp\libg.a(lib_a-lock.o)
                0x0800df1c                __retarget_lock_init_recursive
 .text.__retarget_lock_close_recursive
                0x0800df20        0x4 d:/progra~1/mingw/gcc-ar~1/bin/../lib/gcc/arm-none-eabi/10.3.1/../../../../arm-none-eabi/lib/thumb/v7e-m/nofp\libg.a(lib_a-lock.o)
                0x0800df20                __retarget_lock_close_recursive
 .text.__retarget_lock_acquire_recursive
                0x0800df24        0x4 d:/progra~1/mingw/gcc-ar~1/bin/../lib/gcc/arm-none-eabi/10.3.1/../../../../arm-none-eabi/lib/thumb/v7e-m/nofp\libg.a(lib_a-lock.o)
                0x0800df24                __retarget_lock_acquire_recursive
 .text.__retarget_lock_release_recursive
                0x0800df28        0x4 d:/progra~1/mingw/gcc-ar~1/bin/../lib/gcc/arm-none-eabi/10.3.1/../../../../arm-none-eabi/lib/thumb/v7e-m/nofp\libg.a(lib_a-lock.o)
                0x0800df28                __retarget_lock_release_recursive
 .text.memcmp   0x0800df2c       0x68 d:/progra~1/mingw/gcc-ar~1/bin/../lib/gcc/arm-none-eabi/10.3.1/../../../../arm-none-eabi/lib/thumb/v7e-m/nofp\libg.a(lib_a-memcmp.o)
                0x0800df2c                memcmp
 .text._Balloc  0x0800df94       0x4c d:/progra~1/mingw/gcc-ar~1/bin/../lib/gcc/arm-none-eabi/10.3.1/../../../../arm-none-eabi/lib/thumb/v7e-m/nofp\libg.a(lib_a-mprec.o)
                0x0800df94                _Balloc
 .text._Bfree   0x0800dfe0       0x14 d:/progra~1/mingw/gcc-ar~1/bin/../lib/gcc/arm-none-eabi/10.3.1/../../../../arm-none-eabi/lib/thumb/v7e-m/nofp\libg.a(lib_a-mprec.o)
                0x0800dfe0                _Bfree
 .text.__multadd
                0x0800dff4       0xa0 d:/progra~1/mingw/gcc-ar~1/bin/../lib/gcc/arm-none-eabi/10.3.1/../../../../arm-none-eabi/lib/thumb/v7e-m/nofp\libg.a(lib_a-mprec.o)
                0x0800dff4                __multadd
 .text.__hi0bits
                0x0800e094       0x40 d:/progra~1/mingw/gcc-ar~1/bin/../lib/gcc/arm-none-eabi/10.3.1/../../../../arm-none-eabi/lib/thumb/v7e-m/nofp\libg.a(lib_a-mprec.o)
                0x0800e094                __hi0bits
 .text.__lo0bits
                0x0800e0d4       0x5c d:/progra~1/mingw/gcc-ar~1/bin/../lib/gcc/arm-none-eabi/10.3.1/../../../../arm-none-eabi/lib/thumb/v7e-m/nofp\libg.a(lib_a-mprec.o)
                0x0800e0d4                __lo0bits
 .text.__i2b    0x0800e130       0x5c d:/progra~1/mingw/gcc-ar~1/bin/../lib/gcc/arm-none-eabi/10.3.1/../../../../arm-none-eabi/lib/thumb/v7e-m/nofp\libg.a(lib_a-mprec.o)
                0x0800e130                __i2b
 .text.__multiply
                0x0800e18c      0x15c d:/progra~1/mingw/gcc-ar~1/bin/../lib/gcc/arm-none-eabi/10.3.1/../../../../arm-none-eabi/lib/thumb/v7e-m/nofp\libg.a(lib_a-mprec.o)
                0x0800e18c                __multiply
 .text.__pow5mult
                0x0800e2e8       0xc0 d:/progra~1/mingw/gcc-ar~1/bin/../lib/gcc/arm-none-eabi/10.3.1/../../../../arm-none-eabi/lib/thumb/v7e-m/nofp\libg.a(lib_a-mprec.o)
                0x0800e2e8                __pow5mult
 .text.__lshift
                0x0800e3a8       0xf0 d:/progra~1/mingw/gcc-ar~1/bin/../lib/gcc/arm-none-eabi/10.3.1/../../../../arm-none-eabi/lib/thumb/v7e-m/nofp\libg.a(lib_a-mprec.o)
                0x0800e3a8                __lshift
 .text.__mcmp   0x0800e498       0x40 d:/progra~1/mingw/gcc-ar~1/bin/../lib/gcc/arm-none-eabi/10.3.1/../../../../arm-none-eabi/lib/thumb/v7e-m/nofp\libg.a(lib_a-mprec.o)
                0x0800e498                __mcmp
 .text.__mdiff  0x0800e4d8      0x14c d:/progra~1/mingw/gcc-ar~1/bin/../lib/gcc/arm-none-eabi/10.3.1/../../../../arm-none-eabi/lib/thumb/v7e-m/nofp\libg.a(lib_a-mprec.o)
                0x0800e4d8                __mdiff
 .text.__d2b    0x0800e624       0xc4 d:/progra~1/mingw/gcc-ar~1/bin/../lib/gcc/arm-none-eabi/10.3.1/../../../../arm-none-eabi/lib/thumb/v7e-m/nofp\libg.a(lib_a-mprec.o)
                0x0800e624                __d2b
 .text.frexp    0x0800e6e8       0x70 d:/progra~1/mingw/gcc-ar~1/bin/../lib/gcc/arm-none-eabi/10.3.1/../../../../arm-none-eabi/lib/thumb/v7e-m/nofp\libg.a(lib_a-s_frexp.o)
                0x0800e6e8                frexp
 .text.strncpy  0x0800e758       0x64 d:/progra~1/mingw/gcc-ar~1/bin/../lib/gcc/arm-none-eabi/10.3.1/../../../../arm-none-eabi/lib/thumb/v7e-m/nofp\libg.a(lib_a-strncpy.o)
                0x0800e758                strncpy
 .text.strnlen  0x0800e7bc       0x24 d:/progra~1/mingw/gcc-ar~1/bin/../lib/gcc/arm-none-eabi/10.3.1/../../../../arm-none-eabi/lib/thumb/v7e-m/nofp\libg.a(lib_a-strnlen.o)
                0x0800e7bc                strnlen
 .text.__ssprint_r
                0x0800e7e0       0xf8 d:/progra~1/mingw/gcc-ar~1/bin/../lib/gcc/arm-none-eabi/10.3.1/../../../../arm-none-eabi/lib/thumb/v7e-m/nofp\libg.a(lib_a-svfiprintf.o)
                0x0800e7e0                __ssprint_r
 .text.__register_exitproc
                0x0800e8d8       0x8c d:/progra~1/mingw/gcc-ar~1/bin/../lib/gcc/arm-none-eabi/10.3.1/../../../../arm-none-eabi/lib/thumb/v7e-m/nofp\libg.a(lib_a-__atexit.o)
                0x0800e8d8                __register_exitproc
 .text.__assert_func
                0x0800e964       0x40 d:/progra~1/mingw/gcc-ar~1/bin/../lib/gcc/arm-none-eabi/10.3.1/../../../../arm-none-eabi/lib/thumb/v7e-m/nofp\libg.a(lib_a-assert.o)
                0x0800e964                __assert_func
 .text._calloc_r
                0x0800e9a4       0x78 d:/progra~1/mingw/gcc-ar~1/bin/../lib/gcc/arm-none-eabi/10.3.1/../../../../arm-none-eabi/lib/thumb/v7e-m/nofp\libg.a(lib_a-callocr.o)
                0x0800e9a4                _calloc_r
 .text.fiprintf
                0x0800ea1c       0x28 d:/progra~1/mingw/gcc-ar~1/bin/../lib/gcc/arm-none-eabi/10.3.1/../../../../arm-none-eabi/lib/thumb/v7e-m/nofp\libg.a(lib_a-fiprintf.o)
                0x0800ea1c                fiprintf
 .text.__locale_mb_cur_max
                0x0800ea44        0xc d:/progra~1/mingw/gcc-ar~1/bin/../lib/gcc/arm-none-eabi/10.3.1/../../../../arm-none-eabi/lib/thumb/v7e-m/nofp\libg.a(lib_a-locale.o)
                0x0800ea44                __locale_mb_cur_max
 .text.__ascii_mbtowc
                0x0800ea50       0x2c d:/progra~1/mingw/gcc-ar~1/bin/../lib/gcc/arm-none-eabi/10.3.1/../../../../arm-none-eabi/lib/thumb/v7e-m/nofp\libg.a(lib_a-mbtowc_r.o)
                0x0800ea50                __ascii_mbtowc
 .text.memmove  0x0800ea7c       0xf8 d:/progra~1/mingw/gcc-ar~1/bin/../lib/gcc/arm-none-eabi/10.3.1/../../../../arm-none-eabi/lib/thumb/v7e-m/nofp\libg.a(lib_a-memmove.o)
                0x0800ea7c                memmove
 .text._realloc_r
                0x0800eb74      0x3d8 d:/progra~1/mingw/gcc-ar~1/bin/../lib/gcc/arm-none-eabi/10.3.1/../../../../arm-none-eabi/lib/thumb/v7e-m/nofp\libg.a(lib_a-reallocr.o)
                0x0800eb74                _realloc_r
 .text.__sprint_r.part.0
                0x0800ef4c       0x78 d:/progra~1/mingw/gcc-ar~1/bin/../lib/gcc/arm-none-eabi/10.3.1/../../../../arm-none-eabi/lib/thumb/v7e-m/nofp\libg.a(lib_a-vfiprintf.o)
 .text._vfiprintf_r
                0x0800efc4      0xda0 d:/progra~1/mingw/gcc-ar~1/bin/../lib/gcc/arm-none-eabi/10.3.1/../../../../arm-none-eabi/lib/thumb/v7e-m/nofp\libg.a(lib_a-vfiprintf.o)
                0x0800efc4                _vfiprintf_r
 .text.__sbprintf
                0x0800fd64       0x80 d:/progra~1/mingw/gcc-ar~1/bin/../lib/gcc/arm-none-eabi/10.3.1/../../../../arm-none-eabi/lib/thumb/v7e-m/nofp\libg.a(lib_a-vfiprintf.o)
 .text.__ascii_wctomb
                0x0800fde4       0x1c d:/progra~1/mingw/gcc-ar~1/bin/../lib/gcc/arm-none-eabi/10.3.1/../../../../arm-none-eabi/lib/thumb/v7e-m/nofp\libg.a(lib_a-wctomb_r.o)
                0x0800fde4                __ascii_wctomb
 .text.__swsetup_r
                0x0800fe00       0xd4 d:/progra~1/mingw/gcc-ar~1/bin/../lib/gcc/arm-none-eabi/10.3.1/../../../../arm-none-eabi/lib/thumb/v7e-m/nofp\libg.a(lib_a-wsetup.o)
                0x0800fe00                __swsetup_r
 .text.abort    0x0800fed4       0x10 d:/progra~1/mingw/gcc-ar~1/bin/../lib/gcc/arm-none-eabi/10.3.1/../../../../arm-none-eabi/lib/thumb/v7e-m/nofp\libg.a(lib_a-abort.o)
                0x0800fed4                abort
 .text.__sflush_r
                0x0800fee4      0x120 d:/progra~1/mingw/gcc-ar~1/bin/../lib/gcc/arm-none-eabi/10.3.1/../../../../arm-none-eabi/lib/thumb/v7e-m/nofp\libg.a(lib_a-fflush.o)
                0x0800fee4                __sflush_r
 .text._fflush_r
                0x08010004       0x5c d:/progra~1/mingw/gcc-ar~1/bin/../lib/gcc/arm-none-eabi/10.3.1/../../../../arm-none-eabi/lib/thumb/v7e-m/nofp\libg.a(lib_a-fflush.o)
                0x08010004                _fflush_r
 .text._cleanup_r
                0x08010060        0xc d:/progra~1/mingw/gcc-ar~1/bin/../lib/gcc/arm-none-eabi/10.3.1/../../../../arm-none-eabi/lib/thumb/v7e-m/nofp\libg.a(lib_a-findfp.o)
                0x08010060                _cleanup_r
 .text.__sinit  0x0801006c      0x10c d:/progra~1/mingw/gcc-ar~1/bin/../lib/gcc/arm-none-eabi/10.3.1/../../../../arm-none-eabi/lib/thumb/v7e-m/nofp\libg.a(lib_a-findfp.o)
                0x0801006c                __sinit
 .text.__sfp_lock_acquire
                0x08010178        0xc d:/progra~1/mingw/gcc-ar~1/bin/../lib/gcc/arm-none-eabi/10.3.1/../../../../arm-none-eabi/lib/thumb/v7e-m/nofp\libg.a(lib_a-findfp.o)
                0x08010178                __sfp_lock_acquire
 .text.__sfp_lock_release
                0x08010184        0xc d:/progra~1/mingw/gcc-ar~1/bin/../lib/gcc/arm-none-eabi/10.3.1/../../../../arm-none-eabi/lib/thumb/v7e-m/nofp\libg.a(lib_a-findfp.o)
                0x08010184                __sfp_lock_release
 .text.__fputwc
                0x08010190       0xa8 d:/progra~1/mingw/gcc-ar~1/bin/../lib/gcc/arm-none-eabi/10.3.1/../../../../arm-none-eabi/lib/thumb/v7e-m/nofp\libg.a(lib_a-fputwc.o)
                0x08010190                __fputwc
 .text._fputwc_r
                0x08010238       0x68 d:/progra~1/mingw/gcc-ar~1/bin/../lib/gcc/arm-none-eabi/10.3.1/../../../../arm-none-eabi/lib/thumb/v7e-m/nofp\libg.a(lib_a-fputwc.o)
                0x08010238                _fputwc_r
 .text.__sfvwrite_r
                0x080102a0      0x2e8 d:/progra~1/mingw/gcc-ar~1/bin/../lib/gcc/arm-none-eabi/10.3.1/../../../../arm-none-eabi/lib/thumb/v7e-m/nofp\libg.a(lib_a-fvwrite.o)
                0x080102a0                __sfvwrite_r
 .text._fwalk_reent
                0x08010588       0x48 d:/progra~1/mingw/gcc-ar~1/bin/../lib/gcc/arm-none-eabi/10.3.1/../../../../arm-none-eabi/lib/thumb/v7e-m/nofp\libg.a(lib_a-fwalk.o)
                0x08010588                _fwalk_reent
 .text.__smakebuf_r
                0x080105d0       0xe0 d:/progra~1/mingw/gcc-ar~1/bin/../lib/gcc/arm-none-eabi/10.3.1/../../../../arm-none-eabi/lib/thumb/v7e-m/nofp\libg.a(lib_a-makebuf.o)
                0x080105d0                __smakebuf_r
 .text.raise    0x080106b0       0x5c d:/progra~1/mingw/gcc-ar~1/bin/../lib/gcc/arm-none-eabi/10.3.1/../../../../arm-none-eabi/lib/thumb/v7e-m/nofp\libg.a(lib_a-signal.o)
                0x080106b0                raise
 .text._kill_r  0x0801070c       0x2c d:/progra~1/mingw/gcc-ar~1/bin/../lib/gcc/arm-none-eabi/10.3.1/../../../../arm-none-eabi/lib/thumb/v7e-m/nofp\libg.a(lib_a-signalr.o)
                0x0801070c                _kill_r
 .text._getpid_r
                0x08010738        0x4 d:/progra~1/mingw/gcc-ar~1/bin/../lib/gcc/arm-none-eabi/10.3.1/../../../../arm-none-eabi/lib/thumb/v7e-m/nofp\libg.a(lib_a-signalr.o)
                0x08010738                _getpid_r
 .text.__sread  0x0801073c       0x24 d:/progra~1/mingw/gcc-ar~1/bin/../lib/gcc/arm-none-eabi/10.3.1/../../../../arm-none-eabi/lib/thumb/v7e-m/nofp\libg.a(lib_a-stdio.o)
                0x0801073c                __sread
 .text.__swrite
                0x08010760       0x40 d:/progra~1/mingw/gcc-ar~1/bin/../lib/gcc/arm-none-eabi/10.3.1/../../../../arm-none-eabi/lib/thumb/v7e-m/nofp\libg.a(lib_a-stdio.o)
                0x08010760                __swrite
 .text.__sseek  0x080107a0       0x20 d:/progra~1/mingw/gcc-ar~1/bin/../lib/gcc/arm-none-eabi/10.3.1/../../../../arm-none-eabi/lib/thumb/v7e-m/nofp\libg.a(lib_a-stdio.o)
                0x080107a0                __sseek
 .text.__sclose
                0x080107c0        0x8 d:/progra~1/mingw/gcc-ar~1/bin/../lib/gcc/arm-none-eabi/10.3.1/../../../../arm-none-eabi/lib/thumb/v7e-m/nofp\libg.a(lib_a-stdio.o)
                0x080107c0                __sclose
 .text.__swbuf_r
                0x080107c8       0xb0 d:/progra~1/mingw/gcc-ar~1/bin/../lib/gcc/arm-none-eabi/10.3.1/../../../../arm-none-eabi/lib/thumb/v7e-m/nofp\libg.a(lib_a-wbuf.o)
                0x080107c8                __swbuf_r
 .text._wcrtomb_r
                0x08010878       0x3c d:/progra~1/mingw/gcc-ar~1/bin/../lib/gcc/arm-none-eabi/10.3.1/../../../../arm-none-eabi/lib/thumb/v7e-m/nofp\libg.a(lib_a-wcrtomb.o)
                0x08010878                _wcrtomb_r
 .text._write_r
                0x080108b4       0x2c d:/progra~1/mingw/gcc-ar~1/bin/../lib/gcc/arm-none-eabi/10.3.1/../../../../arm-none-eabi/lib/thumb/v7e-m/nofp\libg.a(lib_a-writer.o)
                0x080108b4                _write_r
 .text._close_r
                0x080108e0       0x24 d:/progra~1/mingw/gcc-ar~1/bin/../lib/gcc/arm-none-eabi/10.3.1/../../../../arm-none-eabi/lib/thumb/v7e-m/nofp\libg.a(lib_a-closer.o)
                0x080108e0                _close_r
 .text._fclose_r
                0x08010904       0xcc d:/progra~1/mingw/gcc-ar~1/bin/../lib/gcc/arm-none-eabi/10.3.1/../../../../arm-none-eabi/lib/thumb/v7e-m/nofp\libg.a(lib_a-fclose.o)
                0x08010904                _fclose_r
 .text._fstat_r
                0x080109d0       0x2c d:/progra~1/mingw/gcc-ar~1/bin/../lib/gcc/arm-none-eabi/10.3.1/../../../../arm-none-eabi/lib/thumb/v7e-m/nofp\libg.a(lib_a-fstatr.o)
                0x080109d0                _fstat_r
 .text._isatty_r
                0x080109fc       0x24 d:/progra~1/mingw/gcc-ar~1/bin/../lib/gcc/arm-none-eabi/10.3.1/../../../../arm-none-eabi/lib/thumb/v7e-m/nofp\libg.a(lib_a-isattyr.o)
                0x080109fc                _isatty_r
 .text._lseek_r
                0x08010a20       0x2c d:/progra~1/mingw/gcc-ar~1/bin/../lib/gcc/arm-none-eabi/10.3.1/../../../../arm-none-eabi/lib/thumb/v7e-m/nofp\libg.a(lib_a-lseekr.o)
                0x08010a20                _lseek_r
 .text._read_r  0x08010a4c       0x2c d:/progra~1/mingw/gcc-ar~1/bin/../lib/gcc/arm-none-eabi/10.3.1/../../../../arm-none-eabi/lib/thumb/v7e-m/nofp\libg.a(lib_a-readr.o)
                0x08010a4c                _read_r
 .text.pow      0x08010a78       0xdc d:/progra~1/mingw/gcc-ar~1/bin/../lib/gcc/arm-none-eabi/10.3.1/../../../../arm-none-eabi/lib/thumb/v7e-m/nofp\libm.a(lib_a-w_pow.o)
                0x08010a78                pow
 .text.sqrt     0x08010b54       0x50 d:/progra~1/mingw/gcc-ar~1/bin/../lib/gcc/arm-none-eabi/10.3.1/../../../../arm-none-eabi/lib/thumb/v7e-m/nofp\libm.a(lib_a-w_sqrt.o)
                0x08010b54                sqrt
 *fill*         0x08010ba4        0x4 
 .text.__ieee754_pow
                0x08010ba8      0xad8 d:/progra~1/mingw/gcc-ar~1/bin/../lib/gcc/arm-none-eabi/10.3.1/../../../../arm-none-eabi/lib/thumb/v7e-m/nofp\libm.a(lib_a-e_pow.o)
                0x08010ba8                __ieee754_pow
 .text.__ieee754_sqrt
                0x08011680      0x18c d:/progra~1/mingw/gcc-ar~1/bin/../lib/gcc/arm-none-eabi/10.3.1/../../../../arm-none-eabi/lib/thumb/v7e-m/nofp\libm.a(lib_a-e_sqrt.o)
                0x08011680                __ieee754_sqrt
 .text.with_errno
                0x0801180c       0x18 d:/progra~1/mingw/gcc-ar~1/bin/../lib/gcc/arm-none-eabi/10.3.1/../../../../arm-none-eabi/lib/thumb/v7e-m/nofp\libm.a(lib_a-math_err.o)
 .text.xflow    0x08011824       0x30 d:/progra~1/mingw/gcc-ar~1/bin/../lib/gcc/arm-none-eabi/10.3.1/../../../../arm-none-eabi/lib/thumb/v7e-m/nofp\libm.a(lib_a-math_err.o)
 .text.__math_uflow
                0x08011854        0xc d:/progra~1/mingw/gcc-ar~1/bin/../lib/gcc/arm-none-eabi/10.3.1/../../../../arm-none-eabi/lib/thumb/v7e-m/nofp\libm.a(lib_a-math_err.o)
                0x08011854                __math_uflow
 .text.__math_oflow
                0x08011860        0xc d:/progra~1/mingw/gcc-ar~1/bin/../lib/gcc/arm-none-eabi/10.3.1/../../../../arm-none-eabi/lib/thumb/v7e-m/nofp\libm.a(lib_a-math_err.o)
                0x08011860                __math_oflow
 .text.fabs     0x0801186c        0x8 d:/progra~1/mingw/gcc-ar~1/bin/../lib/gcc/arm-none-eabi/10.3.1/../../../../arm-none-eabi/lib/thumb/v7e-m/nofp\libm.a(lib_a-s_fabs.o)
                0x0801186c                fabs
 .text.finite   0x08011874        0xc d:/progra~1/mingw/gcc-ar~1/bin/../lib/gcc/arm-none-eabi/10.3.1/../../../../arm-none-eabi/lib/thumb/v7e-m/nofp\libm.a(lib_a-s_finite.o)
                0x08011874                finite
 .text.scalbn   0x08011880       0xf4 d:/progra~1/mingw/gcc-ar~1/bin/../lib/gcc/arm-none-eabi/10.3.1/../../../../arm-none-eabi/lib/thumb/v7e-m/nofp\libm.a(lib_a-s_scalbn.o)
                0x08011880                scalbn
 *(.glue_7)
 .glue_7        0x08011974        0x0 linker stubs
 *(.glue_7t)
 .glue_7t       0x08011974        0x0 linker stubs
 *(.eh_frame)
 .eh_frame      0x08011974        0x0 d:/progra~1/mingw/gcc-ar~1/bin/../lib/gcc/arm-none-eabi/10.3.1/thumb/v7e-m/nofp/crtbegin.o
 *(.init)
 .init          0x08011974        0x4 d:/progra~1/mingw/gcc-ar~1/bin/../lib/gcc/arm-none-eabi/10.3.1/thumb/v7e-m/nofp/crti.o
                0x08011974                _init
 .init          0x08011978        0x8 d:/progra~1/mingw/gcc-ar~1/bin/../lib/gcc/arm-none-eabi/10.3.1/thumb/v7e-m/nofp/crtn.o
 *(.fini)
 .fini          0x08011980        0x4 d:/progra~1/mingw/gcc-ar~1/bin/../lib/gcc/arm-none-eabi/10.3.1/thumb/v7e-m/nofp/crti.o
                0x08011980                _fini
 .fini          0x08011984        0x8 d:/progra~1/mingw/gcc-ar~1/bin/../lib/gcc/arm-none-eabi/10.3.1/thumb/v7e-m/nofp/crtn.o
                0x0801198c                . = ALIGN (0x4)
                0x0801198c                _etext = .

.vfp11_veneer   0x0801198c        0x0
 .vfp11_veneer  0x0801198c        0x0 linker stubs

.v4_bx          0x0801198c        0x0
 .v4_bx         0x0801198c        0x0 linker stubs

.iplt           0x0801198c        0x0
 .iplt          0x0801198c        0x0 d:/progra~1/mingw/gcc-ar~1/bin/../lib/gcc/arm-none-eabi/10.3.1/thumb/v7e-m/nofp/crtbegin.o

.rodata         0x08011990     0x13e4
                0x08011990                . = ALIGN (0x4)
 *(.rodata)
 *(.rodata*)
 .rodata.main.str1.4
                0x08011990       0x89 CMakeFiles/openDoor.elf.dir/Core/Src/main.c.obj
 *fill*         0x08011a19        0x3 
 .rodata.AHBPrescTable
                0x08011a1c       0x10 CMakeFiles/openDoor.elf.dir/Core/Src/system_stm32f4xx.c.obj
                0x08011a1c                AHBPrescTable
 .rodata.APBPrescTable
                0x08011a2c        0x8 CMakeFiles/openDoor.elf.dir/Core/Src/system_stm32f4xx.c.obj
                0x08011a2c                APBPrescTable
 .rodata.asc2_1206
                0x08011a34      0x474 CMakeFiles/openDoor.elf.dir/SYSTEM/lcd.c.obj
                0x08011a34                asc2_1206
 .rodata.asc2_1608
                0x08011ea8      0x5f0 CMakeFiles/openDoor.elf.dir/SYSTEM/lcd.c.obj
                0x08011ea8                asc2_1608
 .rodata.TP_Adj_Info_Show.str1.4
                0x08012498       0x28 CMakeFiles/openDoor.elf.dir/SYSTEM/touch.c.obj
 .rodata.TP_Adjust.str1.4
                0x080124c0       0x2c CMakeFiles/openDoor.elf.dir/SYSTEM/touch.c.obj
 .rodata.str1.4
                0x080124ec       0x82 CMakeFiles/openDoor.elf.dir/SYSTEM/touch.c.obj
 *fill*         0x0801256e        0x2 
 .rodata.RData.str1.4
                0x08012570       0x5b CMakeFiles/openDoor.elf.dir/USER/R.c.obj
 *fill*         0x080125cb        0x1 
 .rodata.dateRX.str1.4
                0x080125cc        0x5 CMakeFiles/openDoor.elf.dir/USER/R.c.obj
 *fill*         0x080125d1        0x3 
 .rodata.EnsureMessage.str1.4
                0x080125d4      0x14f CMakeFiles/openDoor.elf.dir/USER/as608.c.obj
 .rodata.ShowErrMessage.str1.4
                0x08012723        0x5 CMakeFiles/openDoor.elf.dir/USER/as608.c.obj
 *fill*         0x08012723        0x1 
 .rodata.Add_FR.str1.4
                0x08012724      0x12c CMakeFiles/openDoor.elf.dir/USER/as608.c.obj
 .rodata.press_FR.str1.4
                0x08012850       0x51 CMakeFiles/openDoor.elf.dir/USER/as608.c.obj
 *fill*         0x080128a1        0x3 
 .rodata.Del_FR.str1.4
                0x080128a4       0x4f CMakeFiles/openDoor.elf.dir/USER/as608.c.obj
 *fill*         0x080128f3        0x1 
 .rodata.LCD_AS608_UI.str1.4
                0x080128f4        0xa CMakeFiles/openDoor.elf.dir/USER/ui.c.obj
 *fill*         0x080128fe        0x2 
 .rodata.str1.4
                0x08012900       0x5b CMakeFiles/openDoor.elf.dir/USER/ui.c.obj
 *fill*         0x0801295b        0x1 
 .rodata.parse_value.str1.4
                0x0801295c       0x15 CMakeFiles/openDoor.elf.dir/UTILS/cJSON.c.obj
 *fill*         0x08012971        0x3 
 .rodata.firstByteMark
                0x08012974        0x7 CMakeFiles/openDoor.elf.dir/UTILS/cJSON.c.obj
 *fill*         0x0801297b        0x1 
 .rodata._ctype_
                0x0801297c      0x101 d:/progra~1/mingw/gcc-ar~1/bin/../lib/gcc/arm-none-eabi/10.3.1/../../../../arm-none-eabi/lib/thumb/v7e-m/nofp\libg.a(lib_a-ctype_.o)
                0x0801297c                _ctype_
 *fill*         0x08012a7d        0x3 
 .rodata._global_impure_ptr
                0x08012a80        0x4 d:/progra~1/mingw/gcc-ar~1/bin/../lib/gcc/arm-none-eabi/10.3.1/../../../../arm-none-eabi/lib/thumb/v7e-m/nofp\libg.a(lib_a-impure.o)
                0x08012a80                _global_impure_ptr
 .rodata._svfprintf_r.str1.4
                0x08012a84       0x3f d:/progra~1/mingw/gcc-ar~1/bin/../lib/gcc/arm-none-eabi/10.3.1/../../../../arm-none-eabi/lib/thumb/v7e-m/nofp\libg.a(lib_a-svfprintf.o)
                                 0x42 (size before relaxing)
 *fill*         0x08012ac3        0x1 
 .rodata.blanks.1
                0x08012ac4       0x10 d:/progra~1/mingw/gcc-ar~1/bin/../lib/gcc/arm-none-eabi/10.3.1/../../../../arm-none-eabi/lib/thumb/v7e-m/nofp\libg.a(lib_a-svfprintf.o)
 .rodata.zeroes.0
                0x08012ad4       0x10 d:/progra~1/mingw/gcc-ar~1/bin/../lib/gcc/arm-none-eabi/10.3.1/../../../../arm-none-eabi/lib/thumb/v7e-m/nofp\libg.a(lib_a-svfprintf.o)
 .rodata._dtoa_r.str1.4
                0x08012ae4       0xa2 d:/progra~1/mingw/gcc-ar~1/bin/../lib/gcc/arm-none-eabi/10.3.1/../../../../arm-none-eabi/lib/thumb/v7e-m/nofp\libg.a(lib_a-dtoa.o)
                                 0xa6 (size before relaxing)
 *fill*         0x08012b86        0x2 
 .rodata.__multadd.str1.4
                0x08012b88       0x7f d:/progra~1/mingw/gcc-ar~1/bin/../lib/gcc/arm-none-eabi/10.3.1/../../../../arm-none-eabi/lib/thumb/v7e-m/nofp\libg.a(lib_a-mprec.o)
                                 0x93 (size before relaxing)
 *fill*         0x08012c07        0x1 
 .rodata.__mprec_bigtens
                0x08012c08       0x28 d:/progra~1/mingw/gcc-ar~1/bin/../lib/gcc/arm-none-eabi/10.3.1/../../../../arm-none-eabi/lib/thumb/v7e-m/nofp\libg.a(lib_a-mprec.o)
                0x08012c08                __mprec_bigtens
 .rodata.__mprec_tens
                0x08012c30       0xc8 d:/progra~1/mingw/gcc-ar~1/bin/../lib/gcc/arm-none-eabi/10.3.1/../../../../arm-none-eabi/lib/thumb/v7e-m/nofp\libg.a(lib_a-mprec.o)
                0x08012c30                __mprec_tens
 .rodata.p05.0  0x08012cf8        0xc d:/progra~1/mingw/gcc-ar~1/bin/../lib/gcc/arm-none-eabi/10.3.1/../../../../arm-none-eabi/lib/thumb/v7e-m/nofp\libg.a(lib_a-mprec.o)
 .rodata.__assert_func.str1.4
                0x08012d04       0x3f d:/progra~1/mingw/gcc-ar~1/bin/../lib/gcc/arm-none-eabi/10.3.1/../../../../arm-none-eabi/lib/thumb/v7e-m/nofp\libg.a(lib_a-assert.o)
                                 0x43 (size before relaxing)
 *fill*         0x08012d43        0x1 
 .rodata._setlocale_r.str1.4
                0x08012d44        0xa d:/progra~1/mingw/gcc-ar~1/bin/../lib/gcc/arm-none-eabi/10.3.1/../../../../arm-none-eabi/lib/thumb/v7e-m/nofp\libg.a(lib_a-locale.o)
                                  0xd (size before relaxing)
 *fill*         0x08012d4e        0x2 
 .rodata.str1.4
                0x08012d50        0x2 d:/progra~1/mingw/gcc-ar~1/bin/../lib/gcc/arm-none-eabi/10.3.1/../../../../arm-none-eabi/lib/thumb/v7e-m/nofp\libg.a(lib_a-locale.o)
 .rodata._vfiprintf_r.str1.4
                0x08012d52       0x2f d:/progra~1/mingw/gcc-ar~1/bin/../lib/gcc/arm-none-eabi/10.3.1/../../../../arm-none-eabi/lib/thumb/v7e-m/nofp\libg.a(lib_a-vfiprintf.o)
 *fill*         0x08012d52        0x2 
 .rodata.blanks.1
                0x08012d54       0x10 d:/progra~1/mingw/gcc-ar~1/bin/../lib/gcc/arm-none-eabi/10.3.1/../../../../arm-none-eabi/lib/thumb/v7e-m/nofp\libg.a(lib_a-vfiprintf.o)
 .rodata.zeroes.0
                0x08012d64       0x10 d:/progra~1/mingw/gcc-ar~1/bin/../lib/gcc/arm-none-eabi/10.3.1/../../../../arm-none-eabi/lib/thumb/v7e-m/nofp\libg.a(lib_a-vfiprintf.o)
                0x08012d74                . = ALIGN (0x4)

.ARM.extab      0x08012d74        0x0
                0x08012d74                . = ALIGN (0x4)
 *(.ARM.extab* .gnu.linkonce.armextab.*)
                0x08012d74                . = ALIGN (0x4)

.ARM            0x08012d74        0x8
                0x08012d74                . = ALIGN (0x4)
                0x08012d74                __exidx_start = .
 *(.ARM.exidx*)
 .ARM.exidx     0x08012d74        0x8 d:/progra~1/mingw/gcc-ar~1/bin/../lib/gcc/arm-none-eabi/10.3.1/thumb/v7e-m/nofp\libgcc.a(_udivmoddi4.o)
                0x08012d7c                __exidx_end = .
                0x08012d7c                . = ALIGN (0x4)

.rel.dyn        0x08012d7c        0x0
 .rel.iplt      0x08012d7c        0x0 d:/progra~1/mingw/gcc-ar~1/bin/../lib/gcc/arm-none-eabi/10.3.1/thumb/v7e-m/nofp/crtbegin.o

.preinit_array  0x08012d7c        0x0
                0x08012d7c                . = ALIGN (0x4)
                0x08012d7c                PROVIDE (__preinit_array_start = .)
 *(.preinit_array*)
                0x08012d7c                PROVIDE (__preinit_array_end = .)
                0x08012d7c                . = ALIGN (0x4)

.init_array     0x08012d7c        0x8
                0x08012d7c                . = ALIGN (0x4)
                0x08012d7c                PROVIDE (__init_array_start = .)
 *(SORT_BY_NAME(.init_array.*))
 .init_array.00000
                0x08012d7c        0x4 d:/progra~1/mingw/gcc-ar~1/bin/../lib/gcc/arm-none-eabi/10.3.1/../../../../arm-none-eabi/lib/thumb/v7e-m/nofp\libg.a(lib_a-__call_atexit.o)
 *(.init_array*)
 .init_array    0x08012d80        0x4 d:/progra~1/mingw/gcc-ar~1/bin/../lib/gcc/arm-none-eabi/10.3.1/thumb/v7e-m/nofp/crtbegin.o
                0x08012d84                PROVIDE (__init_array_end = .)
                0x08012d84                . = ALIGN (0x4)

.fini_array     0x08012d84        0x4
                0x08012d84                . = ALIGN (0x4)
                0x08012d84                PROVIDE (__fini_array_start = .)
 *(SORT_BY_NAME(.fini_array.*))
 *(.fini_array*)
 .fini_array    0x08012d84        0x4 d:/progra~1/mingw/gcc-ar~1/bin/../lib/gcc/arm-none-eabi/10.3.1/thumb/v7e-m/nofp/crtbegin.o
                0x08012d88                PROVIDE (__fini_array_end = .)
                0x08012d88                . = ALIGN (0x4)
                0x08012d88                _sidata = LOADADDR (.data)

.data           0x20000000     0x1ca8 load address 0x08012d88
                0x20000000                . = ALIGN (0x4)
                0x20000000                _sdata = .
 *(.data)
 *(.data*)
 .data.SystemCoreClock
                0x20000000        0x4 CMakeFiles/openDoor.elf.dir/Core/Src/system_stm32f4xx.c.obj
                0x20000000                SystemCoreClock
 .data.uwTickFreq
                0x20000004        0x1 CMakeFiles/openDoor.elf.dir/Drivers/STM32F4xx_HAL_Driver/Src/stm32f4xx_hal.c.obj
                0x20000004                uwTickFreq
 *fill*         0x20000005        0x3 
 .data.uwTickPrio
                0x20000008        0x4 CMakeFiles/openDoor.elf.dir/Drivers/STM32F4xx_HAL_Driver/Src/stm32f4xx_hal.c.obj
                0x20000008                uwTickPrio
 .data.GBHZ_16  0x2000000c     0x1056 CMakeFiles/openDoor.elf.dir/SYSTEM/lcd.c.obj
                0x2000000c                GBHZ_16
 *fill*         0x20001062        0x2 
 .data.GBHZ_32  0x20001064      0x186 CMakeFiles/openDoor.elf.dir/SYSTEM/lcd.c.obj
                0x20001064                GBHZ_32
 .data.CMD_RDX  0x200011ea        0x1 CMakeFiles/openDoor.elf.dir/SYSTEM/touch.c.obj
                0x200011ea                CMD_RDX
 .data.CMD_RDY  0x200011eb        0x1 CMakeFiles/openDoor.elf.dir/SYSTEM/touch.c.obj
                0x200011eb                CMD_RDY
 .data.TP_REMIND_MSG_TBL
                0x200011ec        0x4 CMakeFiles/openDoor.elf.dir/SYSTEM/touch.c.obj
                0x200011ec                TP_REMIND_MSG_TBL
 .data.tp_dev   0x200011f0       0x34 CMakeFiles/openDoor.elf.dir/SYSTEM/touch.c.obj
                0x200011f0                tp_dev
 .data.sched_tasks
                0x20001224       0x48 CMakeFiles/openDoor.elf.dir/USER/Scheduler.c.obj
 .data.AS608Addr
                0x2000126c        0x4 CMakeFiles/openDoor.elf.dir/USER/as608.c.obj
                0x2000126c                AS608Addr
 .data.Get_Device_Code
                0x20001270        0xa CMakeFiles/openDoor.elf.dir/USER/as608.c.obj
                0x20001270                Get_Device_Code
 *fill*         0x2000127a        0x2 
 .data.kbd_delFR
                0x2000127c       0x3c CMakeFiles/openDoor.elf.dir/USER/ui.c.obj
                0x2000127c                kbd_delFR
 .data.kbd_menu
                0x200012b8       0x3c CMakeFiles/openDoor.elf.dir/USER/ui.c.obj
                0x200012b8                kbd_menu
 .data.cJSON_free
                0x200012f4        0x4 CMakeFiles/openDoor.elf.dir/UTILS/cJSON.c.obj
 .data.cJSON_malloc
                0x200012f8        0x4 CMakeFiles/openDoor.elf.dir/UTILS/cJSON.c.obj
 .data._impure_ptr
                0x200012fc        0x4 d:/progra~1/mingw/gcc-ar~1/bin/../lib/gcc/arm-none-eabi/10.3.1/../../../../arm-none-eabi/lib/thumb/v7e-m/nofp\libg.a(lib_a-impure.o)
                0x200012fc                _impure_ptr
 .data.impure_data
                0x20001300      0x428 d:/progra~1/mingw/gcc-ar~1/bin/../lib/gcc/arm-none-eabi/10.3.1/../../../../arm-none-eabi/lib/thumb/v7e-m/nofp\libg.a(lib_a-impure.o)
 .data.__malloc_av_
                0x20001728      0x408 d:/progra~1/mingw/gcc-ar~1/bin/../lib/gcc/arm-none-eabi/10.3.1/../../../../arm-none-eabi/lib/thumb/v7e-m/nofp\libg.a(lib_a-mallocr.o)
                0x20001728                __malloc_av_
 .data.__malloc_sbrk_base
                0x20001b30        0x4 d:/progra~1/mingw/gcc-ar~1/bin/../lib/gcc/arm-none-eabi/10.3.1/../../../../arm-none-eabi/lib/thumb/v7e-m/nofp\libg.a(lib_a-mallocr.o)
                0x20001b30                __malloc_sbrk_base
 .data.__malloc_trim_threshold
                0x20001b34        0x4 d:/progra~1/mingw/gcc-ar~1/bin/../lib/gcc/arm-none-eabi/10.3.1/../../../../arm-none-eabi/lib/thumb/v7e-m/nofp\libg.a(lib_a-mallocr.o)
                0x20001b34                __malloc_trim_threshold
 .data.__atexit_recursive_mutex
                0x20001b38        0x4 d:/progra~1/mingw/gcc-ar~1/bin/../lib/gcc/arm-none-eabi/10.3.1/../../../../arm-none-eabi/lib/thumb/v7e-m/nofp\libg.a(lib_a-__call_atexit.o)
                0x20001b38                __atexit_recursive_mutex
 .data.__global_locale
                0x20001b3c      0x16c d:/progra~1/mingw/gcc-ar~1/bin/../lib/gcc/arm-none-eabi/10.3.1/../../../../arm-none-eabi/lib/thumb/v7e-m/nofp\libg.a(lib_a-locale.o)
                0x20001b3c                __global_locale
 *(.RamFunc)
 *(.RamFunc*)
                0x20001ca8                . = ALIGN (0x4)
                0x20001ca8                _edata = .
                0x08014a30                _siccmram = LOADADDR (.ccmram)

.igot.plt       0x20001ca8        0x0 load address 0x08014a30
 .igot.plt      0x20001ca8        0x0 d:/progra~1/mingw/gcc-ar~1/bin/../lib/gcc/arm-none-eabi/10.3.1/thumb/v7e-m/nofp/crtbegin.o

.ccmram         0x10000000        0x0 load address 0x08014a30
                0x10000000                . = ALIGN (0x4)
                0x10000000                _sccmram = .
 *(.ccmram)
 *(.ccmram*)
                0x10000000                . = ALIGN (0x4)
                0x10000000                _eccmram = .
                0x10000000                . = ALIGN (0x4)

.bss            0x20001ca8      0x590
                0x20001ca8                _sbss = .
                0x20001ca8                __bss_start__ = _sbss
 *(.bss)
 .bss           0x20001ca8       0x1c d:/progra~1/mingw/gcc-ar~1/bin/../lib/gcc/arm-none-eabi/10.3.1/thumb/v7e-m/nofp/crtbegin.o
 *(.bss*)
 .bss.FMC_Initialized
                0x20001cc4        0x4 CMakeFiles/openDoor.elf.dir/Core/Src/fmc.c.obj
 .bss.hsram1    0x20001cc8       0x50 CMakeFiles/openDoor.elf.dir/Core/Src/fmc.c.obj
                0x20001cc8                hsram1
 .bss.__sbrk_heap_end
                0x20001d18        0x4 CMakeFiles/openDoor.elf.dir/Core/Src/sysmem.c.obj
 .bss.a         0x20001d1c        0x2 CMakeFiles/openDoor.elf.dir/Core/Src/tim.c.obj
                0x20001d1c                a
 *fill*         0x20001d1e        0x2 
 .bss.htim2     0x20001d20       0x48 CMakeFiles/openDoor.elf.dir/Core/Src/tim.c.obj
                0x20001d20                htim2
 .bss.huart1    0x20001d68       0x44 CMakeFiles/openDoor.elf.dir/Core/Src/usart.c.obj
                0x20001d68                huart1
 .bss.huart2    0x20001dac       0x44 CMakeFiles/openDoor.elf.dir/Core/Src/usart.c.obj
                0x20001dac                huart2
 .bss.huart3    0x20001df0       0x44 CMakeFiles/openDoor.elf.dir/Core/Src/usart.c.obj
                0x20001df0                huart3
 .bss.uwTick    0x20001e34        0x4 CMakeFiles/openDoor.elf.dir/Drivers/STM32F4xx_HAL_Driver/Src/stm32f4xx_hal.c.obj
                0x20001e34                uwTick
 .bss.pFlash    0x20001e38       0x20 CMakeFiles/openDoor.elf.dir/Drivers/STM32F4xx_HAL_Driver/Src/stm32f4xx_hal_flash.c.obj
                0x20001e38                pFlash
 .bss.fac_us    0x20001e58        0x4 CMakeFiles/openDoor.elf.dir/SYSTEM/delay.c.obj
 .bss.POINT_COLOR
                0x20001e5c        0x2 CMakeFiles/openDoor.elf.dir/SYSTEM/lcd.c.obj
                0x20001e5c                POINT_COLOR
 *fill*         0x20001e5e        0x2 
 .bss.lcddev    0x20001e60        0xe CMakeFiles/openDoor.elf.dir/SYSTEM/lcd.c.obj
                0x20001e60                lcddev
 *fill*         0x20001e6e        0x2 
 .bss.kbd_tbl   0x20001e70        0x4 CMakeFiles/openDoor.elf.dir/USER/AS608HARD.c.obj
                0x20001e70                kbd_tbl
 .bss.rBuffer   0x20001e74      0x102 CMakeFiles/openDoor.elf.dir/USER/R.c.obj
                0x20001e74                rBuffer
 *fill*         0x20001f76        0x2 
 .bss.Task_num_ms
                0x20001f78        0x4 CMakeFiles/openDoor.elf.dir/USER/Scheduler.c.obj
                0x20001f78                Task_num_ms
 .bss.AS608Para
                0x20001f7c        0xc CMakeFiles/openDoor.elf.dir/USER/as608.c.obj
                0x20001f7c                AS608Para
 .bss.USART3_RX_BUF
                0x20001f88      0x190 CMakeFiles/openDoor.elf.dir/USER/as608.c.obj
                0x20001f88                USART3_RX_BUF
 .bss.USART3_RX_STA
                0x20002118        0x1 CMakeFiles/openDoor.elf.dir/USER/as608.c.obj
                0x20002118                USART3_RX_STA
 *fill*         0x20002119        0x1 
 .bss.ValidN    0x2000211a        0x2 CMakeFiles/openDoor.elf.dir/USER/as608.c.obj
                0x2000211a                ValidN
 .bss.ensure    0x2000211c        0x1 CMakeFiles/openDoor.elf.dir/USER/as608.c.obj
                0x2000211c                ensure
 *fill*         0x2000211d        0x3 
 .bss.SendBuffer.0
                0x20002120       0xc8 CMakeFiles/openDoor.elf.dir/USER/usartMy.c.obj
 .bss.huart1_buf
                0x200021e8        0x1 CMakeFiles/openDoor.elf.dir/USER/usartMy.c.obj
                0x200021e8                huart1_buf
 .bss.huart2_buf
                0x200021e9        0x1 CMakeFiles/openDoor.elf.dir/USER/usartMy.c.obj
                0x200021e9                huart2_buf
 .bss.huart3_buf
                0x200021ea        0x1 CMakeFiles/openDoor.elf.dir/USER/usartMy.c.obj
                0x200021ea                huart3_buf
 *fill*         0x200021eb        0x1 
 .bss.ep        0x200021ec        0x4 CMakeFiles/openDoor.elf.dir/UTILS/cJSON.c.obj
 .bss.__malloc_current_mallinfo
                0x200021f0       0x28 d:/progra~1/mingw/gcc-ar~1/bin/../lib/gcc/arm-none-eabi/10.3.1/../../../../arm-none-eabi/lib/thumb/v7e-m/nofp\libg.a(lib_a-mallocr.o)
                0x200021f0                __malloc_current_mallinfo
 .bss.__malloc_max_sbrked_mem
                0x20002218        0x4 d:/progra~1/mingw/gcc-ar~1/bin/../lib/gcc/arm-none-eabi/10.3.1/../../../../arm-none-eabi/lib/thumb/v7e-m/nofp\libg.a(lib_a-mallocr.o)